
*** Running vivado
    with args -log Soc_Tracking_AXI4S_Binarisation_A_0_0.vds -m64 -product Vivado -mode batch -messageDb vivado.pb -notrace -source Soc_Tracking_AXI4S_Binarisation_A_0_0.tcl



****** Vivado v2020.2 (64-bit)
  **** SW Build 3064766 on Wed Nov 18 09:12:45 MST 2020
  **** IP Build 3064653 on Wed Nov 18 14:17:31 MST 2020
    ** Copyright 1986-2020 Xilinx, Inc. All Rights Reserved.

source Soc_Tracking_AXI4S_Binarisation_A_0_0.tcl -notrace
INFO: [IP_Flow 19-234] Refreshing IP repositories
WARNING: [IP_Flow 19-2248] Failed to load user IP repository 'v:/ip_repo/AXI4S_fifo_buffer_slid_window_1.0'; Can't find the specified path.
If this directory should no longer be in your list of user repositories, go to the IP Settings dialog and remove it.
WARNING: [IP_Flow 19-2248] Failed to load user IP repository 'v:/ip_repo/AXI4S_Filter_1.0'; Can't find the specified path.
If this directory should no longer be in your list of user repositories, go to the IP Settings dialog and remove it.
WARNING: [IP_Flow 19-2248] Failed to load user IP repository 'v:/ip_repo/AXI4S-Filter_1.0'; Can't find the specified path.
If this directory should no longer be in your list of user repositories, go to the IP Settings dialog and remove it.
INFO: [IP_Flow 19-1700] Loaded user IP repository 'v:/MyIPs'.
INFO: [IP_Flow 19-2313] Loaded Vivado IP repository 'E:/Xilinx/Vivado/2020.2/data/ip'.
Command: synth_design -top Soc_Tracking_AXI4S_Binarisation_A_0_0 -part xc7z010clg400-1 -mode out_of_context
Starting synth_design
Attempting to get a license for feature 'Synthesis' and/or device 'xc7z010'
INFO: [Common 17-349] Got license for feature 'Synthesis' and/or device 'xc7z010'
INFO: [Device 21-403] Loading part xc7z010clg400-1
INFO: [Synth 8-7079] Multithreading enabled for synth_design using a maximum of 2 processes.
INFO: [Synth 8-7078] Launching helper process for spawning children vivado processes
INFO: [Synth 8-7075] Helper process launched with PID 11912
---------------------------------------------------------------------------------
Starting RTL Elaboration : Time (s): cpu = 00:00:05 ; elapsed = 00:00:05 . Memory (MB): peak = 1104.266 ; gain = 0.000
---------------------------------------------------------------------------------
INFO: [Synth 8-638] synthesizing module 'Soc_Tracking_AXI4S_Binarisation_A_0_0' [v:/PL/Soc_Tracking.gen/sources_1/bd/Soc_Tracking/ip/Soc_Tracking_AXI4S_Binarisation_A_0_0/synth/Soc_Tracking_AXI4S_Binarisation_A_0_0.vhd:98]
	Parameter C_S00_AXIS_TDATA_WIDTH bound to: 8 - type: integer 
	Parameter C_S00_AXI_DATA_WIDTH bound to: 32 - type: integer 
	Parameter C_S00_AXI_ADDR_WIDTH bound to: 4 - type: integer 
	Parameter C_M00_AXIS_TDATA_WIDTH bound to: 8 - type: integer 
	Parameter C_IMAGE_WIDTH bound to: 640 - type: integer 
	Parameter C_IMAGE_HEIGHT bound to: 480 - type: integer 
INFO: [Synth 8-3491] module 'AXI4S_Binarisation_AXI4L_v1_0' declared at 'v:/PL/Soc_Tracking.gen/sources_1/bd/Soc_Tracking/ipshared/65d7/hdl/AXI4S_Binarisation_AXI4L_v1_0.vhd:5' bound to instance 'U0' of component 'AXI4S_Binarisation_AXI4L_v1_0' [v:/PL/Soc_Tracking.gen/sources_1/bd/Soc_Tracking/ip/Soc_Tracking_AXI4S_Binarisation_A_0_0/synth/Soc_Tracking_AXI4S_Binarisation_A_0_0.vhd:206]
INFO: [Synth 8-638] synthesizing module 'AXI4S_Binarisation_AXI4L_v1_0' [v:/PL/Soc_Tracking.gen/sources_1/bd/Soc_Tracking/ipshared/65d7/hdl/AXI4S_Binarisation_AXI4L_v1_0.vhd:78]
	Parameter C_IMAGE_WIDTH bound to: 640 - type: integer 
	Parameter C_IMAGE_HEIGHT bound to: 480 - type: integer 
	Parameter C_S00_AXI_DATA_WIDTH bound to: 32 - type: integer 
	Parameter C_S00_AXI_ADDR_WIDTH bound to: 4 - type: integer 
	Parameter C_S00_AXIS_TDATA_WIDTH bound to: 8 - type: integer 
	Parameter C_M00_AXIS_TDATA_WIDTH bound to: 8 - type: integer 
	Parameter C_S_AXI_DATA_WIDTH bound to: 32 - type: integer 
	Parameter C_S_AXI_ADDR_WIDTH bound to: 4 - type: integer 
	Parameter C_S00_AXIS_TDATA_WIDTH bound to: 8 - type: integer 
INFO: [Synth 8-3491] module 'AXI4S_Binarisation_AXI4L_v1_0_S00_AXI' declared at 'v:/PL/Soc_Tracking.gen/sources_1/bd/Soc_Tracking/ipshared/65d7/hdl/AXI4S_Binarisation_AXI4L_v1_0_S00_AXI.vhd:5' bound to instance 'AXI4S_Binarisation_AXI4L_v1_0_S00_AXI_inst' of component 'AXI4S_Binarisation_AXI4L_v1_0_S00_AXI' [v:/PL/Soc_Tracking.gen/sources_1/bd/Soc_Tracking/ipshared/65d7/hdl/AXI4S_Binarisation_AXI4L_v1_0.vhd:141]
INFO: [Synth 8-638] synthesizing module 'AXI4S_Binarisation_AXI4L_v1_0_S00_AXI' [v:/PL/Soc_Tracking.gen/sources_1/bd/Soc_Tracking/ipshared/65d7/hdl/AXI4S_Binarisation_AXI4L_v1_0_S00_AXI.vhd:89]
	Parameter C_S00_AXIS_TDATA_WIDTH bound to: 8 - type: integer 
	Parameter C_S_AXI_DATA_WIDTH bound to: 32 - type: integer 
	Parameter C_S_AXI_ADDR_WIDTH bound to: 4 - type: integer 
INFO: [Synth 8-226] default block is never used [v:/PL/Soc_Tracking.gen/sources_1/bd/Soc_Tracking/ipshared/65d7/hdl/AXI4S_Binarisation_AXI4L_v1_0_S00_AXI.vhd:230]
INFO: [Synth 8-226] default block is never used [v:/PL/Soc_Tracking.gen/sources_1/bd/Soc_Tracking/ipshared/65d7/hdl/AXI4S_Binarisation_AXI4L_v1_0_S00_AXI.vhd:360]
INFO: [Synth 8-256] done synthesizing module 'AXI4S_Binarisation_AXI4L_v1_0_S00_AXI' (1#1) [v:/PL/Soc_Tracking.gen/sources_1/bd/Soc_Tracking/ipshared/65d7/hdl/AXI4S_Binarisation_AXI4L_v1_0_S00_AXI.vhd:89]
INFO: [Synth 8-256] done synthesizing module 'AXI4S_Binarisation_AXI4L_v1_0' (2#1) [v:/PL/Soc_Tracking.gen/sources_1/bd/Soc_Tracking/ipshared/65d7/hdl/AXI4S_Binarisation_AXI4L_v1_0.vhd:78]
INFO: [Synth 8-256] done synthesizing module 'Soc_Tracking_AXI4S_Binarisation_A_0_0' (3#1) [v:/PL/Soc_Tracking.gen/sources_1/bd/Soc_Tracking/ip/Soc_Tracking_AXI4S_Binarisation_A_0_0/synth/Soc_Tracking_AXI4S_Binarisation_A_0_0.vhd:98]
---------------------------------------------------------------------------------
Finished RTL Elaboration : Time (s): cpu = 00:00:06 ; elapsed = 00:00:07 . Memory (MB): peak = 1104.266 ; gain = 0.000
---------------------------------------------------------------------------------
---------------------------------------------------------------------------------
Start Handling Custom Attributes
---------------------------------------------------------------------------------
---------------------------------------------------------------------------------
Finished Handling Custom Attributes : Time (s): cpu = 00:00:07 ; elapsed = 00:00:07 . Memory (MB): peak = 1104.266 ; gain = 0.000
---------------------------------------------------------------------------------
---------------------------------------------------------------------------------
Finished RTL Optimization Phase 1 : Time (s): cpu = 00:00:07 ; elapsed = 00:00:07 . Memory (MB): peak = 1104.266 ; gain = 0.000
---------------------------------------------------------------------------------
Netlist sorting complete. Time (s): cpu = 00:00:00 ; elapsed = 00:00:00.012 . Memory (MB): peak = 1104.266 ; gain = 0.000
INFO: [Project 1-570] Preparing netlist for logic optimization

Processing XDC Constraints
Initializing timing engine
Completed Processing XDC Constraints

Netlist sorting complete. Time (s): cpu = 00:00:00 ; elapsed = 00:00:00 . Memory (MB): peak = 1184.465 ; gain = 0.000
INFO: [Project 1-111] Unisim Transformation Summary:
No Unisim elements were transformed.

Constraint Validation Runtime : Time (s): cpu = 00:00:00 ; elapsed = 00:00:00.022 . Memory (MB): peak = 1184.500 ; gain = 0.035
---------------------------------------------------------------------------------
Finished Constraint Validation : Time (s): cpu = 00:00:13 ; elapsed = 00:00:14 . Memory (MB): peak = 1184.500 ; gain = 80.234
---------------------------------------------------------------------------------
---------------------------------------------------------------------------------
Start Loading Part and Timing Information
---------------------------------------------------------------------------------
Loading part: xc7z010clg400-1
---------------------------------------------------------------------------------
Finished Loading Part and Timing Information : Time (s): cpu = 00:00:13 ; elapsed = 00:00:14 . Memory (MB): peak = 1184.500 ; gain = 80.234
---------------------------------------------------------------------------------
---------------------------------------------------------------------------------
Start Applying 'set_property' XDC Constraints
---------------------------------------------------------------------------------
---------------------------------------------------------------------------------
Finished applying 'set_property' XDC Constraints : Time (s): cpu = 00:00:13 ; elapsed = 00:00:14 . Memory (MB): peak = 1184.500 ; gain = 80.234
---------------------------------------------------------------------------------
---------------------------------------------------------------------------------
Finished RTL Optimization Phase 2 : Time (s): cpu = 00:00:13 ; elapsed = 00:00:14 . Memory (MB): peak = 1184.500 ; gain = 80.234
---------------------------------------------------------------------------------
---------------------------------------------------------------------------------
Start RTL Component Statistics 
---------------------------------------------------------------------------------
Detailed RTL Component Info : 
+---Adders : 
	   2 Input   12 Bit       Adders := 2     
+---Registers : 
	               32 Bit    Registers := 2     
	               12 Bit    Registers := 6     
	                8 Bit    Registers := 2     
	                4 Bit    Registers := 2     
	                2 Bit    Registers := 2     
	                1 Bit    Registers := 6     
+---Muxes : 
	   2 Input   32 Bit        Muxes := 1     
	   4 Input   32 Bit        Muxes := 2     
	   2 Input    1 Bit        Muxes := 8     
---------------------------------------------------------------------------------
Finished RTL Component Statistics 
---------------------------------------------------------------------------------
---------------------------------------------------------------------------------
Start Part Resource Summary
---------------------------------------------------------------------------------
Part Resources:
DSPs: 80 (col length:40)
BRAMs: 120 (col length: RAMB18 40 RAMB36 20)
---------------------------------------------------------------------------------
Finished Part Resource Summary
---------------------------------------------------------------------------------
---------------------------------------------------------------------------------
Start Cross Boundary and Area Optimization
---------------------------------------------------------------------------------
---------------------------------------------------------------------------------
Finished Cross Boundary and Area Optimization : Time (s): cpu = 00:00:15 ; elapsed = 00:00:16 . Memory (MB): peak = 1184.500 ; gain = 80.234
---------------------------------------------------------------------------------
---------------------------------------------------------------------------------
Start Applying XDC Timing Constraints
---------------------------------------------------------------------------------
---------------------------------------------------------------------------------
Finished Applying XDC Timing Constraints : Time (s): cpu = 00:00:22 ; elapsed = 00:00:23 . Memory (MB): peak = 1184.500 ; gain = 80.234
---------------------------------------------------------------------------------
---------------------------------------------------------------------------------
Start Timing Optimization
---------------------------------------------------------------------------------
---------------------------------------------------------------------------------
Finished Timing Optimization : Time (s): cpu = 00:00:22 ; elapsed = 00:00:23 . Memory (MB): peak = 1184.500 ; gain = 80.234
---------------------------------------------------------------------------------
---------------------------------------------------------------------------------
Start Technology Mapping
---------------------------------------------------------------------------------
---------------------------------------------------------------------------------
Finished Technology Mapping : Time (s): cpu = 00:00:22 ; elapsed = 00:00:23 . Memory (MB): peak = 1190.477 ; gain = 86.211
---------------------------------------------------------------------------------
---------------------------------------------------------------------------------
Start IO Insertion
---------------------------------------------------------------------------------
---------------------------------------------------------------------------------
Start Flattening Before IO Insertion
---------------------------------------------------------------------------------
---------------------------------------------------------------------------------
Finished Flattening Before IO Insertion
---------------------------------------------------------------------------------
---------------------------------------------------------------------------------
Start Final Netlist Cleanup
---------------------------------------------------------------------------------
---------------------------------------------------------------------------------
Finished Final Netlist Cleanup
---------------------------------------------------------------------------------
---------------------------------------------------------------------------------
Finished IO Insertion : Time (s): cpu = 00:00:25 ; elapsed = 00:00:26 . Memory (MB): peak = 1197.742 ; gain = 93.477
---------------------------------------------------------------------------------
---------------------------------------------------------------------------------
Start Renaming Generated Instances
---------------------------------------------------------------------------------
---------------------------------------------------------------------------------
Finished Renaming Generated Instances : Time (s): cpu = 00:00:25 ; elapsed = 00:00:26 . Memory (MB): peak = 1197.742 ; gain = 93.477
---------------------------------------------------------------------------------
---------------------------------------------------------------------------------
Start Rebuilding User Hierarchy
---------------------------------------------------------------------------------
---------------------------------------------------------------------------------
Finished Rebuilding User Hierarchy : Time (s): cpu = 00:00:25 ; elapsed = 00:00:26 . Memory (MB): peak = 1197.742 ; gain = 93.477
---------------------------------------------------------------------------------
---------------------------------------------------------------------------------
Start Renaming Generated Ports
---------------------------------------------------------------------------------
---------------------------------------------------------------------------------
Finished Renaming Generated Ports : Time (s): cpu = 00:00:25 ; elapsed = 00:00:26 . Memory (MB): peak = 1197.742 ; gain = 93.477
---------------------------------------------------------------------------------
---------------------------------------------------------------------------------
Start Handling Custom Attributes
---------------------------------------------------------------------------------
---------------------------------------------------------------------------------
Finished Handling Custom Attributes : Time (s): cpu = 00:00:25 ; elapsed = 00:00:26 . Memory (MB): peak = 1197.742 ; gain = 93.477
---------------------------------------------------------------------------------
---------------------------------------------------------------------------------
Start Renaming Generated Nets
---------------------------------------------------------------------------------
---------------------------------------------------------------------------------
Finished Renaming Generated Nets : Time (s): cpu = 00:00:25 ; elapsed = 00:00:26 . Memory (MB): peak = 1197.742 ; gain = 93.477
---------------------------------------------------------------------------------
---------------------------------------------------------------------------------
Start Writing Synthesis Report
---------------------------------------------------------------------------------

Report BlackBoxes: 
+-+--------------+----------+
| |BlackBox name |Instances |
+-+--------------+----------+
+-+--------------+----------+

Report Cell Usage: 
+------+-------+------+
|      |Cell   |Count |
+------+-------+------+
|1     |CARRY4 |     8|
|2     |LUT1   |     4|
|3     |LUT2   |     2|
|4     |LUT3   |    22|
|5     |LUT4   |    28|
|6     |LUT5   |     6|
|7     |LUT6   |    20|
|8     |FDRE   |   159|
|9     |FDSE   |     3|
+------+-------+------+
---------------------------------------------------------------------------------
Finished Writing Synthesis Report : Time (s): cpu = 00:00:25 ; elapsed = 00:00:26 . Memory (MB): peak = 1197.742 ; gain = 93.477
---------------------------------------------------------------------------------
Synthesis finished with 0 errors, 0 critical warnings and 0 warnings.
Synthesis Optimization Runtime : Time (s): cpu = 00:00:16 ; elapsed = 00:00:24 . Memory (MB): peak = 1197.742 ; gain = 13.242
Synthesis Optimization Complete : Time (s): cpu = 00:00:25 ; elapsed = 00:00:26 . Memory (MB): peak = 1197.742 ; gain = 93.477
INFO: [Project 1-571] Translating synthesized netlist
Netlist sorting complete. Time (s): cpu = 00:00:00 ; elapsed = 00:00:00.007 . Memory (MB): peak = 1208.781 ; gain = 0.000
INFO: [Netlist 29-17] Analyzing 8 Unisim elements for replacement
INFO: [Netlist 29-28] Unisim Transformation completed in 0 CPU seconds
INFO: [Project 1-570] Preparing netlist for logic optimization
INFO: [Opt 31-138] Pushed 0 inverter(s) to 0 load pin(s).
Netlist sorting complete. Time (s): cpu = 00:00:00 ; elapsed = 00:00:00 . Memory (MB): peak = 1216.957 ; gain = 0.000
INFO: [Project 1-111] Unisim Transformation Summary:
No Unisim elements were transformed.

INFO: [Common 17-83] Releasing license: Synthesis
27 Infos, 3 Warnings, 0 Critical Warnings and 0 Errors encountered.
synth_design completed successfully
synth_design: Time (s): cpu = 00:00:31 ; elapsed = 00:00:34 . Memory (MB): peak = 1216.957 ; gain = 112.691
INFO: [Common 17-1381] The checkpoint 'V:/PL/Soc_Tracking.runs/Soc_Tracking_AXI4S_Binarisation_A_0_0_synth_1/Soc_Tracking_AXI4S_Binarisation_A_0_0.dcp' has been generated.
WARNING: [Common 17-576] 'use_project_ipc' is deprecated. This option is deprecated and no longer used.
INFO: [Coretcl 2-1648] Added synthesis output to IP cache for IP Soc_Tracking_AXI4S_Binarisation_A_0_0, cache-ID = 4c601139bfe5e6d5
INFO: [Coretcl 2-1174] Renamed 2 cell refs.
INFO: [Common 17-1381] The checkpoint 'V:/PL/Soc_Tracking.runs/Soc_Tracking_AXI4S_Binarisation_A_0_0_synth_1/Soc_Tracking_AXI4S_Binarisation_A_0_0.dcp' has been generated.
INFO: [runtcl-4] Executing : report_utilization -file Soc_Tracking_AXI4S_Binarisation_A_0_0_utilization_synth.rpt -pb Soc_Tracking_AXI4S_Binarisation_A_0_0_utilization_synth.pb
INFO: [Common 17-206] Exiting Vivado at Mon Oct  5 12:00:29 2026...
