Copyright 1986-2020 Xilinx, Inc. All Rights Reserved.
--------------------------------------------------------------------------------------------------------------------------------------------------------------------------------------------------
| Tool Version : Vivado v.2020.2 (win64) Build 3064766 Wed Nov 18 09:12:45 MST 2020
| Date         : Mon Oct  5 12:04:03 2026
| Host         : PC-Elvire running 64-bit major release  (build 9200)
| Command      : report_methodology -file Soc_Tracking_wrapper_methodology_drc_routed.rpt -pb Soc_Tracking_wrapper_methodology_drc_routed.pb -rpx Soc_Tracking_wrapper_methodology_drc_routed.rpx
| Design       : Soc_Tracking_wrapper
| Device       : xc7z010clg400-1
| Speed File   : -1
| Design State : Fully Routed
--------------------------------------------------------------------------------------------------------------------------------------------------------------------------------------------------

Report Methodology

Table of Contents
-----------------
1. REPORT SUMMARY
2. REPORT DETAILS

1. REPORT SUMMARY
-----------------
            Netlist: netlist
          Floorplan: design_1
      Design limits: <entire design considered>
             Max violations: <unlimited>
             Violations found: 164
+-----------+------------------+------------------------------------------------+------------+
| Rule      | Severity         | Description                                    | Violations |
+-----------+------------------+------------------------------------------------+------------+
| TIMING-6  | Critical Warning | No common primary clock between related clocks | 2          |
| TIMING-7  | Critical Warning | No common node between related clocks          | 2          |
| LUTAR-1   | Warning          | LUT drives async reset alert                   | 18         |
| TIMING-18 | Warning          | Missing input or output delay                  | 14         |
| TIMING-20 | Warning          | Non-clocked latch                              | 128        |
+-----------+------------------+------------------------------------------------+------------+

2. REPORT DETAILS
-----------------
TIMING-6#1 Critical Warning
No common primary clock between related clocks  
The clocks clk_fpga_0 and clk_fpga_1 are related (timed together) but they have no common primary clock. The design could fail in hardware. To find a timing path between these clocks, run the following command: report_timing -from [get_clocks clk_fpga_0] -to [get_clocks clk_fpga_1]
Related violations: <none>

TIMING-6#2 Critical Warning
No common primary clock between related clocks  
The clocks clk_fpga_1 and clk_fpga_0 are related (timed together) but they have no common primary clock. The design could fail in hardware. To find a timing path between these clocks, run the following command: report_timing -from [get_clocks clk_fpga_1] -to [get_clocks clk_fpga_0]
Related violations: <none>

TIMING-7#1 Critical Warning
No common node between related clocks  
The clocks clk_fpga_0 and clk_fpga_1 are related (timed together) but they have no common node. The design could fail in hardware. To find a timing path between these clocks, run the following command: report_timing -from [get_clocks clk_fpga_0] -to [get_clocks clk_fpga_1]
Related violations: <none>

TIMING-7#2 Critical Warning
No common node between related clocks  
The clocks clk_fpga_1 and clk_fpga_0 are related (timed together) but they have no common node. The design could fail in hardware. To find a timing path between these clocks, run the following command: report_timing -from [get_clocks clk_fpga_1] -to [get_clocks clk_fpga_0]
Related violations: <none>

LUTAR-1#1 Warning
LUT drives async reset alert  
LUT cell Soc_Tracking_i/AXI4S_Filter_Gaussian/U0/fifo/U0/inst_fifo_gen/gconvfifo.rf/gbi.bi/g7ser_birst.rstbt/gf18e1_inst.sngfifo18e1_i_1, with 2 or more inputs, drives asynchronous preset/clear pin(s) Soc_Tracking_i/AXI4S_Filter_Gaussian/U0/fifo/U0/inst_fifo_gen/gconvfifo.rf/gbi.bi/v7_bi_fifo.fblk/gextw[1].gnll_fifo.inst_extd/gonep.inst_prim/gf18e1_inst.sngfifo18e1/RST
Soc_Tracking_i/AXI4S_Filter_Gaussian/U0/fifo/U0/inst_fifo_gen/gconvfifo.rf/gbi.bi/v7_bi_fifo.fblk/gextw[1].gnll_fifo.inst_extd/gonep.inst_prim/gpfd.prog_full_q_reg/CLR. The LUT may glitch and trigger an unexpected reset, even if it is a properly timed path.
Related violations: <none>

LUTAR-1#2 Warning
LUT drives async reset alert  
LUT cell Soc_Tracking_i/AXI4S_Filter_Harris/U0/fifo/U0/inst_fifo_gen/gconvfifo.rf/gbi.bi/g7ser_birst.rstbt/gf18e1_inst.sngfifo18e1_i_1, with 2 or more inputs, drives asynchronous preset/clear pin(s) Soc_Tracking_i/AXI4S_Filter_Harris/U0/fifo/U0/inst_fifo_gen/gconvfifo.rf/gbi.bi/v7_bi_fifo.fblk/gextw[1].gnll_fifo.inst_extd/gonep.inst_prim/gf18e1_inst.sngfifo18e1/RST
Soc_Tracking_i/AXI4S_Filter_Harris/U0/fifo/U0/inst_fifo_gen/gconvfifo.rf/gbi.bi/v7_bi_fifo.fblk/gextw[1].gnll_fifo.inst_extd/gonep.inst_prim/gpfd.prog_full_q_reg/CLR. The LUT may glitch and trigger an unexpected reset, even if it is a properly timed path.
Related violations: <none>

LUTAR-1#3 Warning
LUT drives async reset alert  
LUT cell Soc_Tracking_i/AXI4S_Stream_Duplica_0/U0/fifo/U0/inst_fifo_gen/gconvfifo.rf/gbi.bi/g7ser_birst.rstbt/gf36e1_inst.sngfifo36e1_i_1, with 2 or more inputs, drives asynchronous preset/clear pin(s) Soc_Tracking_i/AXI4S_Stream_Duplica_0/U0/fifo/U0/inst_fifo_gen/gconvfifo.rf/gbi.bi/v7_bi_fifo.fblk/gextw[1].gnll_fifo.inst_extd/gonep.inst_prim/gf36e1_inst.sngfifo36e1/RST,
Soc_Tracking_i/AXI4S_Stream_Duplica_0/U0/fifo/U0/inst_fifo_gen/gconvfifo.rf/gbi.bi/v7_bi_fifo.fblk/gextw[1].gnll_fifo.inst_extd/gonep.inst_prim/gpfd.prog_full_q_reg/CLR,
Soc_Tracking_i/AXI4S_Stream_Duplica_0/U0/fifo/U0/inst_fifo_gen/gconvfifo.rf/gbi.bi/v7_bi_fifo.fblk/gextw[2].gnll_fifo.inst_extd/gonep.inst_prim/gf36e1_inst.sngfifo36e1/RST
Soc_Tracking_i/AXI4S_Stream_Duplica_0/U0/fifo/U0/inst_fifo_gen/gconvfifo.rf/gbi.bi/v7_bi_fifo.fblk/gextw[3].gnll_fifo.inst_extd/gonep.inst_prim/gf36e1_inst.sngfifo36e1/RST. The LUT may glitch and trigger an unexpected reset, even if it is a properly timed path.
Related violations: <none>

LUTAR-1#4 Warning
LUT drives async reset alert  
LUT cell Soc_Tracking_i/AXI4S_fifo_buf_sw_G/U0/g_fifo_640.fifo_1/U0/inst_fifo_gen/gconvfifo.rf/gbi.bi/g7ser_birst.rstbt/gf18e1_inst.sngfifo18e1_i_1, with 2 or more inputs, drives asynchronous preset/clear pin(s) Soc_Tracking_i/AXI4S_fifo_buf_sw_G/U0/g_fifo_640.fifo_1/U0/inst_fifo_gen/gconvfifo.rf/gbi.bi/v7_bi_fifo.fblk/gextw[1].gnll_fifo.inst_extd/gonep.inst_prim/gf18e1_inst.sngfifo18e1/RST. The LUT may glitch and trigger an unexpected reset, even if it is a properly timed path.
Related violations: <none>

LUTAR-1#5 Warning
LUT drives async reset alert  
LUT cell Soc_Tracking_i/AXI4S_fifo_buf_sw_G/U0/g_fifo_640.fifo_2/U0/inst_fifo_gen/gconvfifo.rf/gbi.bi/g7ser_birst.rstbt/gf18e1_inst.sngfifo18e1_i_1, with 2 or more inputs, drives asynchronous preset/clear pin(s) Soc_Tracking_i/AXI4S_fifo_buf_sw_G/U0/g_fifo_640.fifo_2/U0/inst_fifo_gen/gconvfifo.rf/gbi.bi/v7_bi_fifo.fblk/gextw[1].gnll_fifo.inst_extd/gonep.inst_prim/gf18e1_inst.sngfifo18e1/RST
Soc_Tracking_i/AXI4S_fifo_buf_sw_G/U0/g_fifo_640.fifo_2/U0/inst_fifo_gen/gconvfifo.rf/gbi.bi/v7_bi_fifo.fblk/gextw[1].gnll_fifo.inst_extd/gonep.inst_prim/gpfd.prog_full_q_reg/CLR. The LUT may glitch and trigger an unexpected reset, even if it is a properly timed path.
Related violations: <none>

LUTAR-1#6 Warning
LUT drives async reset alert  
LUT cell Soc_Tracking_i/AXI4S_fifo_buf_sw_G/U0/g_fifo_640.fifo_2_i_1, with 2 or more inputs, drives asynchronous preset/clear pin(s) Soc_Tracking_i/AXI4S_fifo_buf_sw_G/U0/g_fifo_640.fifo_2/U0/inst_fifo_gen/gconvfifo.rf/gbi.bi/g7ser_birst.rstbt/rsync.rcc.wr_rst_reg1_reg/PRE,
Soc_Tracking_i/AXI4S_fifo_buf_sw_G/U0/g_fifo_640.fifo_2/U0/inst_fifo_gen/gconvfifo.rf/gbi.bi/g7ser_birst.rstbt/rsync.rcc.wr_rst_reg2_reg/PRE,
Soc_Tracking_i/AXI4S_fifo_buf_sw_G/U0/g_fifo_640.fifo_3/U0/inst_fifo_gen/gconvfifo.rf/gbi.bi/g7ser_birst.rstbt/rsync.rcc.wr_rst_reg1_reg/PRE
Soc_Tracking_i/AXI4S_fifo_buf_sw_G/U0/g_fifo_640.fifo_3/U0/inst_fifo_gen/gconvfifo.rf/gbi.bi/g7ser_birst.rstbt/rsync.rcc.wr_rst_reg2_reg/PRE. The LUT may glitch and trigger an unexpected reset, even if it is a properly timed path.
Related violations: <none>

LUTAR-1#7 Warning
LUT drives async reset alert  
LUT cell Soc_Tracking_i/AXI4S_fifo_buf_sw_G/U0/g_fifo_640.fifo_3/U0/inst_fifo_gen/gconvfifo.rf/gbi.bi/g7ser_birst.rstbt/gf18e1_inst.sngfifo18e1_i_1, with 2 or more inputs, drives asynchronous preset/clear pin(s) Soc_Tracking_i/AXI4S_fifo_buf_sw_G/U0/g_fifo_640.fifo_3/U0/inst_fifo_gen/gconvfifo.rf/gbi.bi/v7_bi_fifo.fblk/gextw[1].gnll_fifo.inst_extd/gonep.inst_prim/gf18e1_inst.sngfifo18e1/RST
Soc_Tracking_i/AXI4S_fifo_buf_sw_G/U0/g_fifo_640.fifo_3/U0/inst_fifo_gen/gconvfifo.rf/gbi.bi/v7_bi_fifo.fblk/gextw[1].gnll_fifo.inst_extd/gonep.inst_prim/gpfd.prog_full_q_reg/CLR. The LUT may glitch and trigger an unexpected reset, even if it is a properly timed path.
Related violations: <none>

LUTAR-1#8 Warning
LUT drives async reset alert  
LUT cell Soc_Tracking_i/AXI4S_fifo_buf_sw_H/U0/g_fifo_638.fifo_1/U0/inst_fifo_gen/gconvfifo.rf/gbi.bi/g7ser_birst.rstbt/gf18e1_inst.sngfifo18e1_i_1, with 2 or more inputs, drives asynchronous preset/clear pin(s) Soc_Tracking_i/AXI4S_fifo_buf_sw_H/U0/g_fifo_638.fifo_1/U0/inst_fifo_gen/gconvfifo.rf/gbi.bi/v7_bi_fifo.fblk/gextw[1].gnll_fifo.inst_extd/gonep.inst_prim/gf18e1_inst.sngfifo18e1/RST. The LUT may glitch and trigger an unexpected reset, even if it is a properly timed path.
Related violations: <none>

LUTAR-1#9 Warning
LUT drives async reset alert  
LUT cell Soc_Tracking_i/AXI4S_fifo_buf_sw_H/U0/g_fifo_638.fifo_2/U0/inst_fifo_gen/gconvfifo.rf/gbi.bi/g7ser_birst.rstbt/gf18e1_inst.sngfifo18e1_i_1, with 2 or more inputs, drives asynchronous preset/clear pin(s) Soc_Tracking_i/AXI4S_fifo_buf_sw_H/U0/g_fifo_638.fifo_2/U0/inst_fifo_gen/gconvfifo.rf/gbi.bi/v7_bi_fifo.fblk/gextw[1].gnll_fifo.inst_extd/gonep.inst_prim/gf18e1_inst.sngfifo18e1/RST
Soc_Tracking_i/AXI4S_fifo_buf_sw_H/U0/g_fifo_638.fifo_2/U0/inst_fifo_gen/gconvfifo.rf/gbi.bi/v7_bi_fifo.fblk/gextw[1].gnll_fifo.inst_extd/gonep.inst_prim/gpfd.prog_full_q_reg/CLR. The LUT may glitch and trigger an unexpected reset, even if it is a properly timed path.
Related violations: <none>

LUTAR-1#10 Warning
LUT drives async reset alert  
LUT cell Soc_Tracking_i/AXI4S_fifo_buf_sw_H/U0/g_fifo_638.fifo_2_i_1, with 2 or more inputs, drives asynchronous preset/clear pin(s) Soc_Tracking_i/AXI4S_fifo_buf_sw_H/U0/g_fifo_638.fifo_2/U0/inst_fifo_gen/gconvfifo.rf/gbi.bi/g7ser_birst.rstbt/rsync.rcc.wr_rst_reg1_reg/PRE,
Soc_Tracking_i/AXI4S_fifo_buf_sw_H/U0/g_fifo_638.fifo_2/U0/inst_fifo_gen/gconvfifo.rf/gbi.bi/g7ser_birst.rstbt/rsync.rcc.wr_rst_reg2_reg/PRE,
Soc_Tracking_i/AXI4S_fifo_buf_sw_H/U0/g_fifo_638.fifo_3/U0/inst_fifo_gen/gconvfifo.rf/gbi.bi/g7ser_birst.rstbt/rsync.rcc.wr_rst_reg1_reg/PRE
Soc_Tracking_i/AXI4S_fifo_buf_sw_H/U0/g_fifo_638.fifo_3/U0/inst_fifo_gen/gconvfifo.rf/gbi.bi/g7ser_birst.rstbt/rsync.rcc.wr_rst_reg2_reg/PRE. The LUT may glitch and trigger an unexpected reset, even if it is a properly timed path.
Related violations: <none>

LUTAR-1#11 Warning
LUT drives async reset alert  
LUT cell Soc_Tracking_i/AXI4S_fifo_buf_sw_H/U0/g_fifo_638.fifo_3/U0/inst_fifo_gen/gconvfifo.rf/gbi.bi/g7ser_birst.rstbt/gf18e1_inst.sngfifo18e1_i_1, with 2 or more inputs, drives asynchronous preset/clear pin(s) Soc_Tracking_i/AXI4S_fifo_buf_sw_H/U0/g_fifo_638.fifo_3/U0/inst_fifo_gen/gconvfifo.rf/gbi.bi/v7_bi_fifo.fblk/gextw[1].gnll_fifo.inst_extd/gonep.inst_prim/gf18e1_inst.sngfifo18e1/RST
Soc_Tracking_i/AXI4S_fifo_buf_sw_H/U0/g_fifo_638.fifo_3/U0/inst_fifo_gen/gconvfifo.rf/gbi.bi/v7_bi_fifo.fblk/gextw[1].gnll_fifo.inst_extd/gonep.inst_prim/gpfd.prog_full_q_reg/CLR. The LUT may glitch and trigger an unexpected reset, even if it is a properly timed path.
Related violations: <none>

LUTAR-1#12 Warning
LUT drives async reset alert  
LUT cell Soc_Tracking_i/axi_mem_intercon/s00_couplers/auto_ds/inst/gen_downsizer.gen_cascaded_downsizer.first_downsizer_inst/USE_READ.read_addr_inst/cmd_queue/inst/fifo_gen_inst/inst_fifo_gen/gconvfifo.rf/grf.rf/rstblk/gpregsm1.curr_fwft_state[1]_i_2, with 2 or more inputs, drives asynchronous preset/clear pin(s) Soc_Tracking_i/axi_mem_intercon/s00_couplers/auto_ds/inst/gen_downsizer.gen_cascaded_downsizer.first_downsizer_inst/USE_READ.read_addr_inst/cmd_queue/inst/fifo_gen_inst/inst_fifo_gen/gconvfifo.rf/grf.rf/gntv_or_sync_fifo.gl0.rd/gr1.gr1_int.rfwft/aempty_fwft_fb_i_reg/PRE,
Soc_Tracking_i/axi_mem_intercon/s00_couplers/auto_ds/inst/gen_downsizer.gen_cascaded_downsizer.first_downsizer_inst/USE_READ.read_addr_inst/cmd_queue/inst/fifo_gen_inst/inst_fifo_gen/gconvfifo.rf/grf.rf/gntv_or_sync_fifo.gl0.rd/gr1.gr1_int.rfwft/aempty_fwft_i_reg/PRE,
Soc_Tracking_i/axi_mem_intercon/s00_couplers/auto_ds/inst/gen_downsizer.gen_cascaded_downsizer.first_downsizer_inst/USE_READ.read_addr_inst/cmd_queue/inst/fifo_gen_inst/inst_fifo_gen/gconvfifo.rf/grf.rf/gntv_or_sync_fifo.gl0.rd/gr1.gr1_int.rfwft/empty_fwft_fb_i_reg/PRE,
Soc_Tracking_i/axi_mem_intercon/s00_couplers/auto_ds/inst/gen_downsizer.gen_cascaded_downsizer.first_downsizer_inst/USE_READ.read_addr_inst/cmd_queue/inst/fifo_gen_inst/inst_fifo_gen/gconvfifo.rf/grf.rf/gntv_or_sync_fifo.gl0.rd/gr1.gr1_int.rfwft/empty_fwft_fb_o_i_reg/PRE,
Soc_Tracking_i/axi_mem_intercon/s00_couplers/auto_ds/inst/gen_downsizer.gen_cascaded_downsizer.first_downsizer_inst/USE_READ.read_addr_inst/cmd_queue/inst/fifo_gen_inst/inst_fifo_gen/gconvfifo.rf/grf.rf/gntv_or_sync_fifo.gl0.rd/gr1.gr1_int.rfwft/empty_fwft_i_reg/PRE,
Soc_Tracking_i/axi_mem_intercon/s00_couplers/auto_ds/inst/gen_downsizer.gen_cascaded_downsizer.first_downsizer_inst/USE_READ.read_addr_inst/cmd_queue/inst/fifo_gen_inst/inst_fifo_gen/gconvfifo.rf/grf.rf/gntv_or_sync_fifo.gl0.rd/gr1.gr1_int.rfwft/gpregsm1.curr_fwft_state_reg[0]/CLR,
Soc_Tracking_i/axi_mem_intercon/s00_couplers/auto_ds/inst/gen_downsizer.gen_cascaded_downsizer.first_downsizer_inst/USE_READ.read_addr_inst/cmd_queue/inst/fifo_gen_inst/inst_fifo_gen/gconvfifo.rf/grf.rf/gntv_or_sync_fifo.gl0.rd/gr1.gr1_int.rfwft/gpregsm1.curr_fwft_state_reg[1]/CLR,
Soc_Tracking_i/axi_mem_intercon/s00_couplers/auto_ds/inst/gen_downsizer.gen_cascaded_downsizer.first_downsizer_inst/USE_READ.read_addr_inst/cmd_queue/inst/fifo_gen_inst/inst_fifo_gen/gconvfifo.rf/grf.rf/gntv_or_sync_fifo.gl0.rd/gr1.gr1_int.rfwft/gpregsm1.user_valid_reg/CLR,
Soc_Tracking_i/axi_mem_intercon/s00_couplers/auto_ds/inst/gen_downsizer.gen_cascaded_downsizer.first_downsizer_inst/USE_READ.read_addr_inst/cmd_queue/inst/fifo_gen_inst/inst_fifo_gen/gconvfifo.rf/grf.rf/gntv_or_sync_fifo.gl0.rd/grss.rsts/ram_empty_fb_i_reg/PRE,
Soc_Tracking_i/axi_mem_intercon/s00_couplers/auto_ds/inst/gen_downsizer.gen_cascaded_downsizer.first_downsizer_inst/USE_READ.read_addr_inst/cmd_queue/inst/fifo_gen_inst/inst_fifo_gen/gconvfifo.rf/grf.rf/gntv_or_sync_fifo.gl0.rd/grss.rsts/ram_empty_i_reg/PRE,
Soc_Tracking_i/axi_mem_intercon/s00_couplers/auto_ds/inst/gen_downsizer.gen_cascaded_downsizer.first_downsizer_inst/USE_READ.read_addr_inst/cmd_queue/inst/fifo_gen_inst/inst_fifo_gen/gconvfifo.rf/grf.rf/gntv_or_sync_fifo.gl0.rd/rpntr/gc0.count_d1_reg[0]/CLR,
Soc_Tracking_i/axi_mem_intercon/s00_couplers/auto_ds/inst/gen_downsizer.gen_cascaded_downsizer.first_downsizer_inst/USE_READ.read_addr_inst/cmd_queue/inst/fifo_gen_inst/inst_fifo_gen/gconvfifo.rf/grf.rf/gntv_or_sync_fifo.gl0.rd/rpntr/gc0.count_d1_reg[1]/CLR,
Soc_Tracking_i/axi_mem_intercon/s00_couplers/auto_ds/inst/gen_downsizer.gen_cascaded_downsizer.first_downsizer_inst/USE_READ.read_addr_inst/cmd_queue/inst/fifo_gen_inst/inst_fifo_gen/gconvfifo.rf/grf.rf/gntv_or_sync_fifo.gl0.rd/rpntr/gc0.count_d1_reg[2]/CLR,
Soc_Tracking_i/axi_mem_intercon/s00_couplers/auto_ds/inst/gen_downsizer.gen_cascaded_downsizer.first_downsizer_inst/USE_READ.read_addr_inst/cmd_queue/inst/fifo_gen_inst/inst_fifo_gen/gconvfifo.rf/grf.rf/gntv_or_sync_fifo.gl0.rd/rpntr/gc0.count_d1_reg[3]/CLR,
Soc_Tracking_i/axi_mem_intercon/s00_couplers/auto_ds/inst/gen_downsizer.gen_cascaded_downsizer.first_downsizer_inst/USE_READ.read_addr_inst/cmd_queue/inst/fifo_gen_inst/inst_fifo_gen/gconvfifo.rf/grf.rf/gntv_or_sync_fifo.gl0.rd/rpntr/gc0.count_d1_reg[4]/CLR
 (the first 15 of 32 listed). The LUT may glitch and trigger an unexpected reset, even if it is a properly timed path.
Related violations: <none>

LUTAR-1#13 Warning
LUT drives async reset alert  
LUT cell Soc_Tracking_i/axi_mem_intercon/s00_couplers/auto_ds/inst/gen_downsizer.gen_cascaded_downsizer.first_downsizer_inst/USE_WRITE.write_addr_inst/USE_B_CHANNEL.cmd_b_queue/inst/fifo_gen_inst/inst_fifo_gen/gconvfifo.rf/grf.rf/rstblk/gpregsm1.curr_fwft_state[1]_i_2, with 2 or more inputs, drives asynchronous preset/clear pin(s) Soc_Tracking_i/axi_mem_intercon/s00_couplers/auto_ds/inst/gen_downsizer.gen_cascaded_downsizer.first_downsizer_inst/USE_WRITE.write_addr_inst/USE_B_CHANNEL.cmd_b_queue/inst/fifo_gen_inst/inst_fifo_gen/gconvfifo.rf/grf.rf/gntv_or_sync_fifo.gl0.rd/gr1.gr1_int.rfwft/aempty_fwft_fb_i_reg/PRE,
Soc_Tracking_i/axi_mem_intercon/s00_couplers/auto_ds/inst/gen_downsizer.gen_cascaded_downsizer.first_downsizer_inst/USE_WRITE.write_addr_inst/USE_B_CHANNEL.cmd_b_queue/inst/fifo_gen_inst/inst_fifo_gen/gconvfifo.rf/grf.rf/gntv_or_sync_fifo.gl0.rd/gr1.gr1_int.rfwft/aempty_fwft_i_reg/PRE,
Soc_Tracking_i/axi_mem_intercon/s00_couplers/auto_ds/inst/gen_downsizer.gen_cascaded_downsizer.first_downsizer_inst/USE_WRITE.write_addr_inst/USE_B_CHANNEL.cmd_b_queue/inst/fifo_gen_inst/inst_fifo_gen/gconvfifo.rf/grf.rf/gntv_or_sync_fifo.gl0.rd/gr1.gr1_int.rfwft/empty_fwft_fb_i_reg/PRE,
Soc_Tracking_i/axi_mem_intercon/s00_couplers/auto_ds/inst/gen_downsizer.gen_cascaded_downsizer.first_downsizer_inst/USE_WRITE.write_addr_inst/USE_B_CHANNEL.cmd_b_queue/inst/fifo_gen_inst/inst_fifo_gen/gconvfifo.rf/grf.rf/gntv_or_sync_fifo.gl0.rd/gr1.gr1_int.rfwft/empty_fwft_fb_o_i_reg/PRE,
Soc_Tracking_i/axi_mem_intercon/s00_couplers/auto_ds/inst/gen_downsizer.gen_cascaded_downsizer.first_downsizer_inst/USE_WRITE.write_addr_inst/USE_B_CHANNEL.cmd_b_queue/inst/fifo_gen_inst/inst_fifo_gen/gconvfifo.rf/grf.rf/gntv_or_sync_fifo.gl0.rd/gr1.gr1_int.rfwft/empty_fwft_i_reg/PRE,
Soc_Tracking_i/axi_mem_intercon/s00_couplers/auto_ds/inst/gen_downsizer.gen_cascaded_downsizer.first_downsizer_inst/USE_WRITE.write_addr_inst/USE_B_CHANNEL.cmd_b_queue/inst/fifo_gen_inst/inst_fifo_gen/gconvfifo.rf/grf.rf/gntv_or_sync_fifo.gl0.rd/gr1.gr1_int.rfwft/gpregsm1.curr_fwft_state_reg[0]/CLR,
Soc_Tracking_i/axi_mem_intercon/s00_couplers/auto_ds/inst/gen_downsizer.gen_cascaded_downsizer.first_downsizer_inst/USE_WRITE.write_addr_inst/USE_B_CHANNEL.cmd_b_queue/inst/fifo_gen_inst/inst_fifo_gen/gconvfifo.rf/grf.rf/gntv_or_sync_fifo.gl0.rd/gr1.gr1_int.rfwft/gpregsm1.curr_fwft_state_reg[1]/CLR,
Soc_Tracking_i/axi_mem_intercon/s00_couplers/auto_ds/inst/gen_downsizer.gen_cascaded_downsizer.first_downsizer_inst/USE_WRITE.write_addr_inst/USE_B_CHANNEL.cmd_b_queue/inst/fifo_gen_inst/inst_fifo_gen/gconvfifo.rf/grf.rf/gntv_or_sync_fifo.gl0.rd/gr1.gr1_int.rfwft/gpregsm1.user_valid_reg/CLR,
Soc_Tracking_i/axi_mem_intercon/s00_couplers/auto_ds/inst/gen_downsizer.gen_cascaded_downsizer.first_downsizer_inst/USE_WRITE.write_addr_inst/USE_B_CHANNEL.cmd_b_queue/inst/fifo_gen_inst/inst_fifo_gen/gconvfifo.rf/grf.rf/gntv_or_sync_fifo.gl0.rd/grss.rsts/ram_empty_fb_i_reg/PRE,
Soc_Tracking_i/axi_mem_intercon/s00_couplers/auto_ds/inst/gen_downsizer.gen_cascaded_downsizer.first_downsizer_inst/USE_WRITE.write_addr_inst/USE_B_CHANNEL.cmd_b_queue/inst/fifo_gen_inst/inst_fifo_gen/gconvfifo.rf/grf.rf/gntv_or_sync_fifo.gl0.rd/grss.rsts/ram_empty_i_reg/PRE,
Soc_Tracking_i/axi_mem_intercon/s00_couplers/auto_ds/inst/gen_downsizer.gen_cascaded_downsizer.first_downsizer_inst/USE_WRITE.write_addr_inst/USE_B_CHANNEL.cmd_b_queue/inst/fifo_gen_inst/inst_fifo_gen/gconvfifo.rf/grf.rf/gntv_or_sync_fifo.gl0.rd/rpntr/gc0.count_d1_reg[0]/CLR,
Soc_Tracking_i/axi_mem_intercon/s00_couplers/auto_ds/inst/gen_downsizer.gen_cascaded_downsizer.first_downsizer_inst/USE_WRITE.write_addr_inst/USE_B_CHANNEL.cmd_b_queue/inst/fifo_gen_inst/inst_fifo_gen/gconvfifo.rf/grf.rf/gntv_or_sync_fifo.gl0.rd/rpntr/gc0.count_d1_reg[1]/CLR,
Soc_Tracking_i/axi_mem_intercon/s00_couplers/auto_ds/inst/gen_downsizer.gen_cascaded_downsizer.first_downsizer_inst/USE_WRITE.write_addr_inst/USE_B_CHANNEL.cmd_b_queue/inst/fifo_gen_inst/inst_fifo_gen/gconvfifo.rf/grf.rf/gntv_or_sync_fifo.gl0.rd/rpntr/gc0.count_d1_reg[2]/CLR,
Soc_Tracking_i/axi_mem_intercon/s00_couplers/auto_ds/inst/gen_downsizer.gen_cascaded_downsizer.first_downsizer_inst/USE_WRITE.write_addr_inst/USE_B_CHANNEL.cmd_b_queue/inst/fifo_gen_inst/inst_fifo_gen/gconvfifo.rf/grf.rf/gntv_or_sync_fifo.gl0.rd/rpntr/gc0.count_d1_reg[3]/CLR,
Soc_Tracking_i/axi_mem_intercon/s00_couplers/auto_ds/inst/gen_downsizer.gen_cascaded_downsizer.first_downsizer_inst/USE_WRITE.write_addr_inst/USE_B_CHANNEL.cmd_b_queue/inst/fifo_gen_inst/inst_fifo_gen/gconvfifo.rf/grf.rf/gntv_or_sync_fifo.gl0.rd/rpntr/gc0.count_d1_reg[4]/CLR
 (the first 15 of 32 listed). The LUT may glitch and trigger an unexpected reset, even if it is a properly timed path.
Related violations: <none>

LUTAR-1#14 Warning
LUT drives async reset alert  
LUT cell Soc_Tracking_i/axi_mem_intercon/s00_couplers/auto_ds/inst/gen_downsizer.gen_cascaded_downsizer.first_downsizer_inst/USE_WRITE.write_addr_inst/cmd_queue/inst/fifo_gen_inst/inst_fifo_gen/gconvfifo.rf/grf.rf/rstblk/gpregsm1.curr_fwft_state[1]_i_2, with 2 or more inputs, drives asynchronous preset/clear pin(s) Soc_Tracking_i/axi_mem_intercon/s00_couplers/auto_ds/inst/gen_downsizer.gen_cascaded_downsizer.first_downsizer_inst/USE_WRITE.write_addr_inst/cmd_queue/inst/fifo_gen_inst/inst_fifo_gen/gconvfifo.rf/grf.rf/gntv_or_sync_fifo.gl0.rd/gr1.gr1_int.rfwft/aempty_fwft_fb_i_reg/PRE,
Soc_Tracking_i/axi_mem_intercon/s00_couplers/auto_ds/inst/gen_downsizer.gen_cascaded_downsizer.first_downsizer_inst/USE_WRITE.write_addr_inst/cmd_queue/inst/fifo_gen_inst/inst_fifo_gen/gconvfifo.rf/grf.rf/gntv_or_sync_fifo.gl0.rd/gr1.gr1_int.rfwft/aempty_fwft_i_reg/PRE,
Soc_Tracking_i/axi_mem_intercon/s00_couplers/auto_ds/inst/gen_downsizer.gen_cascaded_downsizer.first_downsizer_inst/USE_WRITE.write_addr_inst/cmd_queue/inst/fifo_gen_inst/inst_fifo_gen/gconvfifo.rf/grf.rf/gntv_or_sync_fifo.gl0.rd/gr1.gr1_int.rfwft/empty_fwft_fb_i_reg/PRE,
Soc_Tracking_i/axi_mem_intercon/s00_couplers/auto_ds/inst/gen_downsizer.gen_cascaded_downsizer.first_downsizer_inst/USE_WRITE.write_addr_inst/cmd_queue/inst/fifo_gen_inst/inst_fifo_gen/gconvfifo.rf/grf.rf/gntv_or_sync_fifo.gl0.rd/gr1.gr1_int.rfwft/empty_fwft_fb_o_i_reg/PRE,
Soc_Tracking_i/axi_mem_intercon/s00_couplers/auto_ds/inst/gen_downsizer.gen_cascaded_downsizer.first_downsizer_inst/USE_WRITE.write_addr_inst/cmd_queue/inst/fifo_gen_inst/inst_fifo_gen/gconvfifo.rf/grf.rf/gntv_or_sync_fifo.gl0.rd/gr1.gr1_int.rfwft/empty_fwft_i_reg/PRE,
Soc_Tracking_i/axi_mem_intercon/s00_couplers/auto_ds/inst/gen_downsizer.gen_cascaded_downsizer.first_downsizer_inst/USE_WRITE.write_addr_inst/cmd_queue/inst/fifo_gen_inst/inst_fifo_gen/gconvfifo.rf/grf.rf/gntv_or_sync_fifo.gl0.rd/gr1.gr1_int.rfwft/gpregsm1.curr_fwft_state_reg[0]/CLR,
Soc_Tracking_i/axi_mem_intercon/s00_couplers/auto_ds/inst/gen_downsizer.gen_cascaded_downsizer.first_downsizer_inst/USE_WRITE.write_addr_inst/cmd_queue/inst/fifo_gen_inst/inst_fifo_gen/gconvfifo.rf/grf.rf/gntv_or_sync_fifo.gl0.rd/gr1.gr1_int.rfwft/gpregsm1.curr_fwft_state_reg[1]/CLR,
Soc_Tracking_i/axi_mem_intercon/s00_couplers/auto_ds/inst/gen_downsizer.gen_cascaded_downsizer.first_downsizer_inst/USE_WRITE.write_addr_inst/cmd_queue/inst/fifo_gen_inst/inst_fifo_gen/gconvfifo.rf/grf.rf/gntv_or_sync_fifo.gl0.rd/gr1.gr1_int.rfwft/gpregsm1.user_valid_reg/CLR,
Soc_Tracking_i/axi_mem_intercon/s00_couplers/auto_ds/inst/gen_downsizer.gen_cascaded_downsizer.first_downsizer_inst/USE_WRITE.write_addr_inst/cmd_queue/inst/fifo_gen_inst/inst_fifo_gen/gconvfifo.rf/grf.rf/gntv_or_sync_fifo.gl0.rd/grss.rsts/ram_empty_fb_i_reg/PRE,
Soc_Tracking_i/axi_mem_intercon/s00_couplers/auto_ds/inst/gen_downsizer.gen_cascaded_downsizer.first_downsizer_inst/USE_WRITE.write_addr_inst/cmd_queue/inst/fifo_gen_inst/inst_fifo_gen/gconvfifo.rf/grf.rf/gntv_or_sync_fifo.gl0.rd/grss.rsts/ram_empty_i_reg/PRE,
Soc_Tracking_i/axi_mem_intercon/s00_couplers/auto_ds/inst/gen_downsizer.gen_cascaded_downsizer.first_downsizer_inst/USE_WRITE.write_addr_inst/cmd_queue/inst/fifo_gen_inst/inst_fifo_gen/gconvfifo.rf/grf.rf/gntv_or_sync_fifo.gl0.rd/rpntr/gc0.count_d1_reg[0]/CLR,
Soc_Tracking_i/axi_mem_intercon/s00_couplers/auto_ds/inst/gen_downsizer.gen_cascaded_downsizer.first_downsizer_inst/USE_WRITE.write_addr_inst/cmd_queue/inst/fifo_gen_inst/inst_fifo_gen/gconvfifo.rf/grf.rf/gntv_or_sync_fifo.gl0.rd/rpntr/gc0.count_d1_reg[1]/CLR,
Soc_Tracking_i/axi_mem_intercon/s00_couplers/auto_ds/inst/gen_downsizer.gen_cascaded_downsizer.first_downsizer_inst/USE_WRITE.write_addr_inst/cmd_queue/inst/fifo_gen_inst/inst_fifo_gen/gconvfifo.rf/grf.rf/gntv_or_sync_fifo.gl0.rd/rpntr/gc0.count_d1_reg[2]/CLR,
Soc_Tracking_i/axi_mem_intercon/s00_couplers/auto_ds/inst/gen_downsizer.gen_cascaded_downsizer.first_downsizer_inst/USE_WRITE.write_addr_inst/cmd_queue/inst/fifo_gen_inst/inst_fifo_gen/gconvfifo.rf/grf.rf/gntv_or_sync_fifo.gl0.rd/rpntr/gc0.count_d1_reg[3]/CLR,
Soc_Tracking_i/axi_mem_intercon/s00_couplers/auto_ds/inst/gen_downsizer.gen_cascaded_downsizer.first_downsizer_inst/USE_WRITE.write_addr_inst/cmd_queue/inst/fifo_gen_inst/inst_fifo_gen/gconvfifo.rf/grf.rf/gntv_or_sync_fifo.gl0.rd/rpntr/gc0.count_d1_reg[4]/CLR
 (the first 15 of 32 listed). The LUT may glitch and trigger an unexpected reset, even if it is a properly timed path.
Related violations: <none>

LUTAR-1#15 Warning
LUT drives async reset alert  
LUT cell Soc_Tracking_i/axi_mem_intercon/s00_couplers/auto_ds/inst/gen_downsizer.gen_cascaded_downsizer.gen_axi3_conv.axi3_conv_inst/gen_axi4_axi3.axi3_conv_inst/USE_READ.USE_SPLIT_R.read_addr_inst/USE_R_CHANNEL.cmd_queue/inst/fifo_gen_inst/inst_fifo_gen/gconvfifo.rf/grf.rf/rstblk/gpregsm1.curr_fwft_state[1]_i_2, with 2 or more inputs, drives asynchronous preset/clear pin(s) Soc_Tracking_i/axi_mem_intercon/s00_couplers/auto_ds/inst/gen_downsizer.gen_cascaded_downsizer.gen_axi3_conv.axi3_conv_inst/gen_axi4_axi3.axi3_conv_inst/USE_READ.USE_SPLIT_R.read_addr_inst/USE_R_CHANNEL.cmd_queue/inst/fifo_gen_inst/inst_fifo_gen/gconvfifo.rf/grf.rf/gntv_or_sync_fifo.gl0.rd/gr1.gr1_int.rfwft/aempty_fwft_fb_i_reg/PRE,
Soc_Tracking_i/axi_mem_intercon/s00_couplers/auto_ds/inst/gen_downsizer.gen_cascaded_downsizer.gen_axi3_conv.axi3_conv_inst/gen_axi4_axi3.axi3_conv_inst/USE_READ.USE_SPLIT_R.read_addr_inst/USE_R_CHANNEL.cmd_queue/inst/fifo_gen_inst/inst_fifo_gen/gconvfifo.rf/grf.rf/gntv_or_sync_fifo.gl0.rd/gr1.gr1_int.rfwft/aempty_fwft_i_reg/PRE,
Soc_Tracking_i/axi_mem_intercon/s00_couplers/auto_ds/inst/gen_downsizer.gen_cascaded_downsizer.gen_axi3_conv.axi3_conv_inst/gen_axi4_axi3.axi3_conv_inst/USE_READ.USE_SPLIT_R.read_addr_inst/USE_R_CHANNEL.cmd_queue/inst/fifo_gen_inst/inst_fifo_gen/gconvfifo.rf/grf.rf/gntv_or_sync_fifo.gl0.rd/gr1.gr1_int.rfwft/empty_fwft_fb_i_reg/PRE,
Soc_Tracking_i/axi_mem_intercon/s00_couplers/auto_ds/inst/gen_downsizer.gen_cascaded_downsizer.gen_axi3_conv.axi3_conv_inst/gen_axi4_axi3.axi3_conv_inst/USE_READ.USE_SPLIT_R.read_addr_inst/USE_R_CHANNEL.cmd_queue/inst/fifo_gen_inst/inst_fifo_gen/gconvfifo.rf/grf.rf/gntv_or_sync_fifo.gl0.rd/gr1.gr1_int.rfwft/empty_fwft_fb_o_i_reg/PRE,
Soc_Tracking_i/axi_mem_intercon/s00_couplers/auto_ds/inst/gen_downsizer.gen_cascaded_downsizer.gen_axi3_conv.axi3_conv_inst/gen_axi4_axi3.axi3_conv_inst/USE_READ.USE_SPLIT_R.read_addr_inst/USE_R_CHANNEL.cmd_queue/inst/fifo_gen_inst/inst_fifo_gen/gconvfifo.rf/grf.rf/gntv_or_sync_fifo.gl0.rd/gr1.gr1_int.rfwft/empty_fwft_i_reg/PRE,
Soc_Tracking_i/axi_mem_intercon/s00_couplers/auto_ds/inst/gen_downsizer.gen_cascaded_downsizer.gen_axi3_conv.axi3_conv_inst/gen_axi4_axi3.axi3_conv_inst/USE_READ.USE_SPLIT_R.read_addr_inst/USE_R_CHANNEL.cmd_queue/inst/fifo_gen_inst/inst_fifo_gen/gconvfifo.rf/grf.rf/gntv_or_sync_fifo.gl0.rd/gr1.gr1_int.rfwft/gpregsm1.curr_fwft_state_reg[0]/CLR,
Soc_Tracking_i/axi_mem_intercon/s00_couplers/auto_ds/inst/gen_downsizer.gen_cascaded_downsizer.gen_axi3_conv.axi3_conv_inst/gen_axi4_axi3.axi3_conv_inst/USE_READ.USE_SPLIT_R.read_addr_inst/USE_R_CHANNEL.cmd_queue/inst/fifo_gen_inst/inst_fifo_gen/gconvfifo.rf/grf.rf/gntv_or_sync_fifo.gl0.rd/gr1.gr1_int.rfwft/gpregsm1.curr_fwft_state_reg[1]/CLR,
Soc_Tracking_i/axi_mem_intercon/s00_couplers/auto_ds/inst/gen_downsizer.gen_cascaded_downsizer.gen_axi3_conv.axi3_conv_inst/gen_axi4_axi3.axi3_conv_inst/USE_READ.USE_SPLIT_R.read_addr_inst/USE_R_CHANNEL.cmd_queue/inst/fifo_gen_inst/inst_fifo_gen/gconvfifo.rf/grf.rf/gntv_or_sync_fifo.gl0.rd/gr1.gr1_int.rfwft/gpregsm1.user_valid_reg/CLR,
Soc_Tracking_i/axi_mem_intercon/s00_couplers/auto_ds/inst/gen_downsizer.gen_cascaded_downsizer.gen_axi3_conv.axi3_conv_inst/gen_axi4_axi3.axi3_conv_inst/USE_READ.USE_SPLIT_R.read_addr_inst/USE_R_CHANNEL.cmd_queue/inst/fifo_gen_inst/inst_fifo_gen/gconvfifo.rf/grf.rf/gntv_or_sync_fifo.gl0.rd/grss.rsts/ram_empty_fb_i_reg/PRE,
Soc_Tracking_i/axi_mem_intercon/s00_couplers/auto_ds/inst/gen_downsizer.gen_cascaded_downsizer.gen_axi3_conv.axi3_conv_inst/gen_axi4_axi3.axi3_conv_inst/USE_READ.USE_SPLIT_R.read_addr_inst/USE_R_CHANNEL.cmd_queue/inst/fifo_gen_inst/inst_fifo_gen/gconvfifo.rf/grf.rf/gntv_or_sync_fifo.gl0.rd/grss.rsts/ram_empty_i_reg/PRE,
Soc_Tracking_i/axi_mem_intercon/s00_couplers/auto_ds/inst/gen_downsizer.gen_cascaded_downsizer.gen_axi3_conv.axi3_conv_inst/gen_axi4_axi3.axi3_conv_inst/USE_READ.USE_SPLIT_R.read_addr_inst/USE_R_CHANNEL.cmd_queue/inst/fifo_gen_inst/inst_fifo_gen/gconvfifo.rf/grf.rf/gntv_or_sync_fifo.gl0.rd/rpntr/gc0.count_d1_reg[0]/CLR,
Soc_Tracking_i/axi_mem_intercon/s00_couplers/auto_ds/inst/gen_downsizer.gen_cascaded_downsizer.gen_axi3_conv.axi3_conv_inst/gen_axi4_axi3.axi3_conv_inst/USE_READ.USE_SPLIT_R.read_addr_inst/USE_R_CHANNEL.cmd_queue/inst/fifo_gen_inst/inst_fifo_gen/gconvfifo.rf/grf.rf/gntv_or_sync_fifo.gl0.rd/rpntr/gc0.count_d1_reg[1]/CLR,
Soc_Tracking_i/axi_mem_intercon/s00_couplers/auto_ds/inst/gen_downsizer.gen_cascaded_downsizer.gen_axi3_conv.axi3_conv_inst/gen_axi4_axi3.axi3_conv_inst/USE_READ.USE_SPLIT_R.read_addr_inst/USE_R_CHANNEL.cmd_queue/inst/fifo_gen_inst/inst_fifo_gen/gconvfifo.rf/grf.rf/gntv_or_sync_fifo.gl0.rd/rpntr/gc0.count_d1_reg[2]/CLR,
Soc_Tracking_i/axi_mem_intercon/s00_couplers/auto_ds/inst/gen_downsizer.gen_cascaded_downsizer.gen_axi3_conv.axi3_conv_inst/gen_axi4_axi3.axi3_conv_inst/USE_READ.USE_SPLIT_R.read_addr_inst/USE_R_CHANNEL.cmd_queue/inst/fifo_gen_inst/inst_fifo_gen/gconvfifo.rf/grf.rf/gntv_or_sync_fifo.gl0.rd/rpntr/gc0.count_d1_reg[3]/CLR,
Soc_Tracking_i/axi_mem_intercon/s00_couplers/auto_ds/inst/gen_downsizer.gen_cascaded_downsizer.gen_axi3_conv.axi3_conv_inst/gen_axi4_axi3.axi3_conv_inst/USE_READ.USE_SPLIT_R.read_addr_inst/USE_R_CHANNEL.cmd_queue/inst/fifo_gen_inst/inst_fifo_gen/gconvfifo.rf/grf.rf/gntv_or_sync_fifo.gl0.rd/rpntr/gc0.count_d1_reg[4]/CLR
 (the first 15 of 32 listed). The LUT may glitch and trigger an unexpected reset, even if it is a properly timed path.
Related violations: <none>

LUTAR-1#16 Warning
LUT drives async reset alert  
LUT cell Soc_Tracking_i/axi_mem_intercon/s00_couplers/auto_ds/inst/gen_downsizer.gen_cascaded_downsizer.gen_axi3_conv.axi3_conv_inst/gen_axi4_axi3.axi3_conv_inst/USE_WRITE.write_addr_inst/USE_BURSTS.cmd_queue/inst/fifo_gen_inst/inst_fifo_gen/gconvfifo.rf/grf.rf/rstblk/gpregsm1.curr_fwft_state[1]_i_2, with 2 or more inputs, drives asynchronous preset/clear pin(s) Soc_Tracking_i/axi_mem_intercon/s00_couplers/auto_ds/inst/gen_downsizer.gen_cascaded_downsizer.gen_axi3_conv.axi3_conv_inst/gen_axi4_axi3.axi3_conv_inst/USE_WRITE.write_addr_inst/USE_BURSTS.cmd_queue/inst/fifo_gen_inst/inst_fifo_gen/gconvfifo.rf/grf.rf/gntv_or_sync_fifo.gl0.rd/gr1.gr1_int.rfwft/aempty_fwft_fb_i_reg/PRE,
Soc_Tracking_i/axi_mem_intercon/s00_couplers/auto_ds/inst/gen_downsizer.gen_cascaded_downsizer.gen_axi3_conv.axi3_conv_inst/gen_axi4_axi3.axi3_conv_inst/USE_WRITE.write_addr_inst/USE_BURSTS.cmd_queue/inst/fifo_gen_inst/inst_fifo_gen/gconvfifo.rf/grf.rf/gntv_or_sync_fifo.gl0.rd/gr1.gr1_int.rfwft/aempty_fwft_i_reg/PRE,
Soc_Tracking_i/axi_mem_intercon/s00_couplers/auto_ds/inst/gen_downsizer.gen_cascaded_downsizer.gen_axi3_conv.axi3_conv_inst/gen_axi4_axi3.axi3_conv_inst/USE_WRITE.write_addr_inst/USE_BURSTS.cmd_queue/inst/fifo_gen_inst/inst_fifo_gen/gconvfifo.rf/grf.rf/gntv_or_sync_fifo.gl0.rd/gr1.gr1_int.rfwft/empty_fwft_fb_i_reg/PRE,
Soc_Tracking_i/axi_mem_intercon/s00_couplers/auto_ds/inst/gen_downsizer.gen_cascaded_downsizer.gen_axi3_conv.axi3_conv_inst/gen_axi4_axi3.axi3_conv_inst/USE_WRITE.write_addr_inst/USE_BURSTS.cmd_queue/inst/fifo_gen_inst/inst_fifo_gen/gconvfifo.rf/grf.rf/gntv_or_sync_fifo.gl0.rd/gr1.gr1_int.rfwft/empty_fwft_fb_o_i_reg/PRE,
Soc_Tracking_i/axi_mem_intercon/s00_couplers/auto_ds/inst/gen_downsizer.gen_cascaded_downsizer.gen_axi3_conv.axi3_conv_inst/gen_axi4_axi3.axi3_conv_inst/USE_WRITE.write_addr_inst/USE_BURSTS.cmd_queue/inst/fifo_gen_inst/inst_fifo_gen/gconvfifo.rf/grf.rf/gntv_or_sync_fifo.gl0.rd/gr1.gr1_int.rfwft/empty_fwft_i_reg/PRE,
Soc_Tracking_i/axi_mem_intercon/s00_couplers/auto_ds/inst/gen_downsizer.gen_cascaded_downsizer.gen_axi3_conv.axi3_conv_inst/gen_axi4_axi3.axi3_conv_inst/USE_WRITE.write_addr_inst/USE_BURSTS.cmd_queue/inst/fifo_gen_inst/inst_fifo_gen/gconvfifo.rf/grf.rf/gntv_or_sync_fifo.gl0.rd/gr1.gr1_int.rfwft/gpregsm1.curr_fwft_state_reg[0]/CLR,
Soc_Tracking_i/axi_mem_intercon/s00_couplers/auto_ds/inst/gen_downsizer.gen_cascaded_downsizer.gen_axi3_conv.axi3_conv_inst/gen_axi4_axi3.axi3_conv_inst/USE_WRITE.write_addr_inst/USE_BURSTS.cmd_queue/inst/fifo_gen_inst/inst_fifo_gen/gconvfifo.rf/grf.rf/gntv_or_sync_fifo.gl0.rd/gr1.gr1_int.rfwft/gpregsm1.curr_fwft_state_reg[1]/CLR,
Soc_Tracking_i/axi_mem_intercon/s00_couplers/auto_ds/inst/gen_downsizer.gen_cascaded_downsizer.gen_axi3_conv.axi3_conv_inst/gen_axi4_axi3.axi3_conv_inst/USE_WRITE.write_addr_inst/USE_BURSTS.cmd_queue/inst/fifo_gen_inst/inst_fifo_gen/gconvfifo.rf/grf.rf/gntv_or_sync_fifo.gl0.rd/gr1.gr1_int.rfwft/gpregsm1.user_valid_reg/CLR,
Soc_Tracking_i/axi_mem_intercon/s00_couplers/auto_ds/inst/gen_downsizer.gen_cascaded_downsizer.gen_axi3_conv.axi3_conv_inst/gen_axi4_axi3.axi3_conv_inst/USE_WRITE.write_addr_inst/USE_BURSTS.cmd_queue/inst/fifo_gen_inst/inst_fifo_gen/gconvfifo.rf/grf.rf/gntv_or_sync_fifo.gl0.rd/grss.rsts/ram_empty_fb_i_reg/PRE,
Soc_Tracking_i/axi_mem_intercon/s00_couplers/auto_ds/inst/gen_downsizer.gen_cascaded_downsizer.gen_axi3_conv.axi3_conv_inst/gen_axi4_axi3.axi3_conv_inst/USE_WRITE.write_addr_inst/USE_BURSTS.cmd_queue/inst/fifo_gen_inst/inst_fifo_gen/gconvfifo.rf/grf.rf/gntv_or_sync_fifo.gl0.rd/grss.rsts/ram_empty_i_reg/PRE,
Soc_Tracking_i/axi_mem_intercon/s00_couplers/auto_ds/inst/gen_downsizer.gen_cascaded_downsizer.gen_axi3_conv.axi3_conv_inst/gen_axi4_axi3.axi3_conv_inst/USE_WRITE.write_addr_inst/USE_BURSTS.cmd_queue/inst/fifo_gen_inst/inst_fifo_gen/gconvfifo.rf/grf.rf/gntv_or_sync_fifo.gl0.rd/rpntr/gc0.count_d1_reg[0]/CLR,
Soc_Tracking_i/axi_mem_intercon/s00_couplers/auto_ds/inst/gen_downsizer.gen_cascaded_downsizer.gen_axi3_conv.axi3_conv_inst/gen_axi4_axi3.axi3_conv_inst/USE_WRITE.write_addr_inst/USE_BURSTS.cmd_queue/inst/fifo_gen_inst/inst_fifo_gen/gconvfifo.rf/grf.rf/gntv_or_sync_fifo.gl0.rd/rpntr/gc0.count_d1_reg[1]/CLR,
Soc_Tracking_i/axi_mem_intercon/s00_couplers/auto_ds/inst/gen_downsizer.gen_cascaded_downsizer.gen_axi3_conv.axi3_conv_inst/gen_axi4_axi3.axi3_conv_inst/USE_WRITE.write_addr_inst/USE_BURSTS.cmd_queue/inst/fifo_gen_inst/inst_fifo_gen/gconvfifo.rf/grf.rf/gntv_or_sync_fifo.gl0.rd/rpntr/gc0.count_d1_reg[2]/CLR,
Soc_Tracking_i/axi_mem_intercon/s00_couplers/auto_ds/inst/gen_downsizer.gen_cascaded_downsizer.gen_axi3_conv.axi3_conv_inst/gen_axi4_axi3.axi3_conv_inst/USE_WRITE.write_addr_inst/USE_BURSTS.cmd_queue/inst/fifo_gen_inst/inst_fifo_gen/gconvfifo.rf/grf.rf/gntv_or_sync_fifo.gl0.rd/rpntr/gc0.count_d1_reg[3]/CLR,
Soc_Tracking_i/axi_mem_intercon/s00_couplers/auto_ds/inst/gen_downsizer.gen_cascaded_downsizer.gen_axi3_conv.axi3_conv_inst/gen_axi4_axi3.axi3_conv_inst/USE_WRITE.write_addr_inst/USE_BURSTS.cmd_queue/inst/fifo_gen_inst/inst_fifo_gen/gconvfifo.rf/grf.rf/gntv_or_sync_fifo.gl0.rd/rpntr/gc0.count_d1_reg[4]/CLR
 (the first 15 of 32 listed). The LUT may glitch and trigger an unexpected reset, even if it is a properly timed path.
Related violations: <none>

LUTAR-1#17 Warning
LUT drives async reset alert  
LUT cell Soc_Tracking_i/axi_mem_intercon/s00_couplers/auto_ds/inst/gen_downsizer.gen_cascaded_downsizer.gen_axi3_conv.axi3_conv_inst/gen_axi4_axi3.axi3_conv_inst/USE_WRITE.write_addr_inst/USE_B_CHANNEL.cmd_b_queue/inst/fifo_gen_inst/inst_fifo_gen/gconvfifo.rf/grf.rf/rstblk/gpregsm1.curr_fwft_state[1]_i_2, with 2 or more inputs, drives asynchronous preset/clear pin(s) Soc_Tracking_i/axi_mem_intercon/s00_couplers/auto_ds/inst/gen_downsizer.gen_cascaded_downsizer.gen_axi3_conv.axi3_conv_inst/gen_axi4_axi3.axi3_conv_inst/USE_WRITE.write_addr_inst/USE_B_CHANNEL.cmd_b_queue/inst/fifo_gen_inst/inst_fifo_gen/gconvfifo.rf/grf.rf/gntv_or_sync_fifo.gl0.rd/gr1.gr1_int.rfwft/aempty_fwft_fb_i_reg/PRE,
Soc_Tracking_i/axi_mem_intercon/s00_couplers/auto_ds/inst/gen_downsizer.gen_cascaded_downsizer.gen_axi3_conv.axi3_conv_inst/gen_axi4_axi3.axi3_conv_inst/USE_WRITE.write_addr_inst/USE_B_CHANNEL.cmd_b_queue/inst/fifo_gen_inst/inst_fifo_gen/gconvfifo.rf/grf.rf/gntv_or_sync_fifo.gl0.rd/gr1.gr1_int.rfwft/aempty_fwft_i_reg/PRE,
Soc_Tracking_i/axi_mem_intercon/s00_couplers/auto_ds/inst/gen_downsizer.gen_cascaded_downsizer.gen_axi3_conv.axi3_conv_inst/gen_axi4_axi3.axi3_conv_inst/USE_WRITE.write_addr_inst/USE_B_CHANNEL.cmd_b_queue/inst/fifo_gen_inst/inst_fifo_gen/gconvfifo.rf/grf.rf/gntv_or_sync_fifo.gl0.rd/gr1.gr1_int.rfwft/empty_fwft_fb_i_reg/PRE,
Soc_Tracking_i/axi_mem_intercon/s00_couplers/auto_ds/inst/gen_downsizer.gen_cascaded_downsizer.gen_axi3_conv.axi3_conv_inst/gen_axi4_axi3.axi3_conv_inst/USE_WRITE.write_addr_inst/USE_B_CHANNEL.cmd_b_queue/inst/fifo_gen_inst/inst_fifo_gen/gconvfifo.rf/grf.rf/gntv_or_sync_fifo.gl0.rd/gr1.gr1_int.rfwft/empty_fwft_fb_o_i_reg/PRE,
Soc_Tracking_i/axi_mem_intercon/s00_couplers/auto_ds/inst/gen_downsizer.gen_cascaded_downsizer.gen_axi3_conv.axi3_conv_inst/gen_axi4_axi3.axi3_conv_inst/USE_WRITE.write_addr_inst/USE_B_CHANNEL.cmd_b_queue/inst/fifo_gen_inst/inst_fifo_gen/gconvfifo.rf/grf.rf/gntv_or_sync_fifo.gl0.rd/gr1.gr1_int.rfwft/empty_fwft_i_reg/PRE,
Soc_Tracking_i/axi_mem_intercon/s00_couplers/auto_ds/inst/gen_downsizer.gen_cascaded_downsizer.gen_axi3_conv.axi3_conv_inst/gen_axi4_axi3.axi3_conv_inst/USE_WRITE.write_addr_inst/USE_B_CHANNEL.cmd_b_queue/inst/fifo_gen_inst/inst_fifo_gen/gconvfifo.rf/grf.rf/gntv_or_sync_fifo.gl0.rd/gr1.gr1_int.rfwft/gpregsm1.curr_fwft_state_reg[0]/CLR,
Soc_Tracking_i/axi_mem_intercon/s00_couplers/auto_ds/inst/gen_downsizer.gen_cascaded_downsizer.gen_axi3_conv.axi3_conv_inst/gen_axi4_axi3.axi3_conv_inst/USE_WRITE.write_addr_inst/USE_B_CHANNEL.cmd_b_queue/inst/fifo_gen_inst/inst_fifo_gen/gconvfifo.rf/grf.rf/gntv_or_sync_fifo.gl0.rd/gr1.gr1_int.rfwft/gpregsm1.curr_fwft_state_reg[1]/CLR,
Soc_Tracking_i/axi_mem_intercon/s00_couplers/auto_ds/inst/gen_downsizer.gen_cascaded_downsizer.gen_axi3_conv.axi3_conv_inst/gen_axi4_axi3.axi3_conv_inst/USE_WRITE.write_addr_inst/USE_B_CHANNEL.cmd_b_queue/inst/fifo_gen_inst/inst_fifo_gen/gconvfifo.rf/grf.rf/gntv_or_sync_fifo.gl0.rd/gr1.gr1_int.rfwft/gpregsm1.user_valid_reg/CLR,
Soc_Tracking_i/axi_mem_intercon/s00_couplers/auto_ds/inst/gen_downsizer.gen_cascaded_downsizer.gen_axi3_conv.axi3_conv_inst/gen_axi4_axi3.axi3_conv_inst/USE_WRITE.write_addr_inst/USE_B_CHANNEL.cmd_b_queue/inst/fifo_gen_inst/inst_fifo_gen/gconvfifo.rf/grf.rf/gntv_or_sync_fifo.gl0.rd/grss.rsts/ram_empty_fb_i_reg/PRE,
Soc_Tracking_i/axi_mem_intercon/s00_couplers/auto_ds/inst/gen_downsizer.gen_cascaded_downsizer.gen_axi3_conv.axi3_conv_inst/gen_axi4_axi3.axi3_conv_inst/USE_WRITE.write_addr_inst/USE_B_CHANNEL.cmd_b_queue/inst/fifo_gen_inst/inst_fifo_gen/gconvfifo.rf/grf.rf/gntv_or_sync_fifo.gl0.rd/grss.rsts/ram_empty_i_reg/PRE,
Soc_Tracking_i/axi_mem_intercon/s00_couplers/auto_ds/inst/gen_downsizer.gen_cascaded_downsizer.gen_axi3_conv.axi3_conv_inst/gen_axi4_axi3.axi3_conv_inst/USE_WRITE.write_addr_inst/USE_B_CHANNEL.cmd_b_queue/inst/fifo_gen_inst/inst_fifo_gen/gconvfifo.rf/grf.rf/gntv_or_sync_fifo.gl0.rd/rpntr/gc0.count_d1_reg[0]/CLR,
Soc_Tracking_i/axi_mem_intercon/s00_couplers/auto_ds/inst/gen_downsizer.gen_cascaded_downsizer.gen_axi3_conv.axi3_conv_inst/gen_axi4_axi3.axi3_conv_inst/USE_WRITE.write_addr_inst/USE_B_CHANNEL.cmd_b_queue/inst/fifo_gen_inst/inst_fifo_gen/gconvfifo.rf/grf.rf/gntv_or_sync_fifo.gl0.rd/rpntr/gc0.count_d1_reg[1]/CLR,
Soc_Tracking_i/axi_mem_intercon/s00_couplers/auto_ds/inst/gen_downsizer.gen_cascaded_downsizer.gen_axi3_conv.axi3_conv_inst/gen_axi4_axi3.axi3_conv_inst/USE_WRITE.write_addr_inst/USE_B_CHANNEL.cmd_b_queue/inst/fifo_gen_inst/inst_fifo_gen/gconvfifo.rf/grf.rf/gntv_or_sync_fifo.gl0.rd/rpntr/gc0.count_d1_reg[2]/CLR,
Soc_Tracking_i/axi_mem_intercon/s00_couplers/auto_ds/inst/gen_downsizer.gen_cascaded_downsizer.gen_axi3_conv.axi3_conv_inst/gen_axi4_axi3.axi3_conv_inst/USE_WRITE.write_addr_inst/USE_B_CHANNEL.cmd_b_queue/inst/fifo_gen_inst/inst_fifo_gen/gconvfifo.rf/grf.rf/gntv_or_sync_fifo.gl0.rd/rpntr/gc0.count_d1_reg[3]/CLR,
Soc_Tracking_i/axi_mem_intercon/s00_couplers/auto_ds/inst/gen_downsizer.gen_cascaded_downsizer.gen_axi3_conv.axi3_conv_inst/gen_axi4_axi3.axi3_conv_inst/USE_WRITE.write_addr_inst/USE_B_CHANNEL.cmd_b_queue/inst/fifo_gen_inst/inst_fifo_gen/gconvfifo.rf/grf.rf/gntv_or_sync_fifo.gl0.rd/rpntr/gc0.count_d1_reg[4]/CLR
 (the first 15 of 32 listed). The LUT may glitch and trigger an unexpected reset, even if it is a properly timed path.
Related violations: <none>

LUTAR-1#18 Warning
LUT drives async reset alert  
LUT cell Soc_Tracking_i/axi_mem_intercon/s00_couplers/auto_pc/inst/gen_axi4_axi3.axi3_conv_inst/USE_WRITE.write_addr_inst/USE_BURSTS.cmd_queue/inst/fifo_gen_inst/inst_fifo_gen/gconvfifo.rf/grf.rf/rstblk/gpregsm1.curr_fwft_state[1]_i_2, with 2 or more inputs, drives asynchronous preset/clear pin(s) Soc_Tracking_i/axi_mem_intercon/s00_couplers/auto_pc/inst/gen_axi4_axi3.axi3_conv_inst/USE_WRITE.write_addr_inst/USE_BURSTS.cmd_queue/inst/fifo_gen_inst/inst_fifo_gen/gconvfifo.rf/grf.rf/gntv_or_sync_fifo.gl0.rd/gr1.gr1_int.rfwft/aempty_fwft_fb_i_reg/PRE,
Soc_Tracking_i/axi_mem_intercon/s00_couplers/auto_pc/inst/gen_axi4_axi3.axi3_conv_inst/USE_WRITE.write_addr_inst/USE_BURSTS.cmd_queue/inst/fifo_gen_inst/inst_fifo_gen/gconvfifo.rf/grf.rf/gntv_or_sync_fifo.gl0.rd/gr1.gr1_int.rfwft/aempty_fwft_i_reg/PRE,
Soc_Tracking_i/axi_mem_intercon/s00_couplers/auto_pc/inst/gen_axi4_axi3.axi3_conv_inst/USE_WRITE.write_addr_inst/USE_BURSTS.cmd_queue/inst/fifo_gen_inst/inst_fifo_gen/gconvfifo.rf/grf.rf/gntv_or_sync_fifo.gl0.rd/gr1.gr1_int.rfwft/empty_fwft_fb_i_reg/PRE,
Soc_Tracking_i/axi_mem_intercon/s00_couplers/auto_pc/inst/gen_axi4_axi3.axi3_conv_inst/USE_WRITE.write_addr_inst/USE_BURSTS.cmd_queue/inst/fifo_gen_inst/inst_fifo_gen/gconvfifo.rf/grf.rf/gntv_or_sync_fifo.gl0.rd/gr1.gr1_int.rfwft/empty_fwft_fb_o_i_reg/PRE,
Soc_Tracking_i/axi_mem_intercon/s00_couplers/auto_pc/inst/gen_axi4_axi3.axi3_conv_inst/USE_WRITE.write_addr_inst/USE_BURSTS.cmd_queue/inst/fifo_gen_inst/inst_fifo_gen/gconvfifo.rf/grf.rf/gntv_or_sync_fifo.gl0.rd/gr1.gr1_int.rfwft/empty_fwft_i_reg/PRE,
Soc_Tracking_i/axi_mem_intercon/s00_couplers/auto_pc/inst/gen_axi4_axi3.axi3_conv_inst/USE_WRITE.write_addr_inst/USE_BURSTS.cmd_queue/inst/fifo_gen_inst/inst_fifo_gen/gconvfifo.rf/grf.rf/gntv_or_sync_fifo.gl0.rd/gr1.gr1_int.rfwft/gpregsm1.curr_fwft_state_reg[0]/CLR,
Soc_Tracking_i/axi_mem_intercon/s00_couplers/auto_pc/inst/gen_axi4_axi3.axi3_conv_inst/USE_WRITE.write_addr_inst/USE_BURSTS.cmd_queue/inst/fifo_gen_inst/inst_fifo_gen/gconvfifo.rf/grf.rf/gntv_or_sync_fifo.gl0.rd/gr1.gr1_int.rfwft/gpregsm1.curr_fwft_state_reg[1]/CLR,
Soc_Tracking_i/axi_mem_intercon/s00_couplers/auto_pc/inst/gen_axi4_axi3.axi3_conv_inst/USE_WRITE.write_addr_inst/USE_BURSTS.cmd_queue/inst/fifo_gen_inst/inst_fifo_gen/gconvfifo.rf/grf.rf/gntv_or_sync_fifo.gl0.rd/gr1.gr1_int.rfwft/gpregsm1.user_valid_reg/CLR,
Soc_Tracking_i/axi_mem_intercon/s00_couplers/auto_pc/inst/gen_axi4_axi3.axi3_conv_inst/USE_WRITE.write_addr_inst/USE_BURSTS.cmd_queue/inst/fifo_gen_inst/inst_fifo_gen/gconvfifo.rf/grf.rf/gntv_or_sync_fifo.gl0.rd/grss.rsts/ram_empty_fb_i_reg/PRE,
Soc_Tracking_i/axi_mem_intercon/s00_couplers/auto_pc/inst/gen_axi4_axi3.axi3_conv_inst/USE_WRITE.write_addr_inst/USE_BURSTS.cmd_queue/inst/fifo_gen_inst/inst_fifo_gen/gconvfifo.rf/grf.rf/gntv_or_sync_fifo.gl0.rd/grss.rsts/ram_empty_i_reg/PRE,
Soc_Tracking_i/axi_mem_intercon/s00_couplers/auto_pc/inst/gen_axi4_axi3.axi3_conv_inst/USE_WRITE.write_addr_inst/USE_BURSTS.cmd_queue/inst/fifo_gen_inst/inst_fifo_gen/gconvfifo.rf/grf.rf/gntv_or_sync_fifo.gl0.rd/rpntr/gc0.count_d1_reg[0]/CLR,
Soc_Tracking_i/axi_mem_intercon/s00_couplers/auto_pc/inst/gen_axi4_axi3.axi3_conv_inst/USE_WRITE.write_addr_inst/USE_BURSTS.cmd_queue/inst/fifo_gen_inst/inst_fifo_gen/gconvfifo.rf/grf.rf/gntv_or_sync_fifo.gl0.rd/rpntr/gc0.count_d1_reg[1]/CLR,
Soc_Tracking_i/axi_mem_intercon/s00_couplers/auto_pc/inst/gen_axi4_axi3.axi3_conv_inst/USE_WRITE.write_addr_inst/USE_BURSTS.cmd_queue/inst/fifo_gen_inst/inst_fifo_gen/gconvfifo.rf/grf.rf/gntv_or_sync_fifo.gl0.rd/rpntr/gc0.count_d1_reg[2]/CLR,
Soc_Tracking_i/axi_mem_intercon/s00_couplers/auto_pc/inst/gen_axi4_axi3.axi3_conv_inst/USE_WRITE.write_addr_inst/USE_BURSTS.cmd_queue/inst/fifo_gen_inst/inst_fifo_gen/gconvfifo.rf/grf.rf/gntv_or_sync_fifo.gl0.rd/rpntr/gc0.count_d1_reg[3]/CLR,
Soc_Tracking_i/axi_mem_intercon/s00_couplers/auto_pc/inst/gen_axi4_axi3.axi3_conv_inst/USE_WRITE.write_addr_inst/USE_BURSTS.cmd_queue/inst/fifo_gen_inst/inst_fifo_gen/gconvfifo.rf/grf.rf/gntv_or_sync_fifo.gl0.rd/rpntr/gc0.count_d1_reg[4]/CLR
 (the first 15 of 32 listed). The LUT may glitch and trigger an unexpected reset, even if it is a properly timed path.
Related violations: <none>

TIMING-18#1 Warning
Missing input or output delay  
An output delay is missing on VGA_B[0] relative to clock(s) clk_fpga_1
Related violations: <none>

TIMING-18#2 Warning
Missing input or output delay  
An output delay is missing on VGA_B[1] relative to clock(s) clk_fpga_1
Related violations: <none>

TIMING-18#3 Warning
Missing input or output delay  
An output delay is missing on VGA_B[2] relative to clock(s) clk_fpga_1
Related violations: <none>

TIMING-18#4 Warning
Missing input or output delay  
An output delay is missing on VGA_B[3] relative to clock(s) clk_fpga_1
Related violations: <none>

TIMING-18#5 Warning
Missing input or output delay  
An output delay is missing on VGA_G[0] relative to clock(s) clk_fpga_1
Related violations: <none>

TIMING-18#6 Warning
Missing input or output delay  
An output delay is missing on VGA_G[1] relative to clock(s) clk_fpga_1
Related violations: <none>

TIMING-18#7 Warning
Missing input or output delay  
An output delay is missing on VGA_G[2] relative to clock(s) clk_fpga_1
Related violations: <none>

TIMING-18#8 Warning
Missing input or output delay  
An output delay is missing on VGA_G[3] relative to clock(s) clk_fpga_1
Related violations: <none>

TIMING-18#9 Warning
Missing input or output delay  
An output delay is missing on VGA_HS_O relative to clock(s) clk_fpga_1
Related violations: <none>

TIMING-18#10 Warning
Missing input or output delay  
An output delay is missing on VGA_R[0] relative to clock(s) clk_fpga_1
Related violations: <none>

TIMING-18#11 Warning
Missing input or output delay  
An output delay is missing on VGA_R[1] relative to clock(s) clk_fpga_1
Related violations: <none>

TIMING-18#12 Warning
Missing input or output delay  
An output delay is missing on VGA_R[2] relative to clock(s) clk_fpga_1
Related violations: <none>

TIMING-18#13 Warning
Missing input or output delay  
An output delay is missing on VGA_R[3] relative to clock(s) clk_fpga_1
Related violations: <none>

TIMING-18#14 Warning
Missing input or output delay  
An output delay is missing on VGA_VS_O relative to clock(s) clk_fpga_1
Related violations: <none>

TIMING-20#1 Warning
Non-clocked latch  
The latch Soc_Tracking_i/AXI4S_fifo_buf_sw_G/U0/m_tdata_reg[0] cannot be properly analyzed as its control pin Soc_Tracking_i/AXI4S_fifo_buf_sw_G/U0/m_tdata_reg[0]/G is not reached by a timing clock
Related violations: <none>

TIMING-20#2 Warning
Non-clocked latch  
The latch Soc_Tracking_i/AXI4S_fifo_buf_sw_G/U0/m_tdata_reg[10] cannot be properly analyzed as its control pin Soc_Tracking_i/AXI4S_fifo_buf_sw_G/U0/m_tdata_reg[10]/G is not reached by a timing clock
Related violations: <none>

TIMING-20#3 Warning
Non-clocked latch  
The latch Soc_Tracking_i/AXI4S_fifo_buf_sw_G/U0/m_tdata_reg[11] cannot be properly analyzed as its control pin Soc_Tracking_i/AXI4S_fifo_buf_sw_G/U0/m_tdata_reg[11]/G is not reached by a timing clock
Related violations: <none>

TIMING-20#4 Warning
Non-clocked latch  
The latch Soc_Tracking_i/AXI4S_fifo_buf_sw_G/U0/m_tdata_reg[12] cannot be properly analyzed as its control pin Soc_Tracking_i/AXI4S_fifo_buf_sw_G/U0/m_tdata_reg[12]/G is not reached by a timing clock
Related violations: <none>

TIMING-20#5 Warning
Non-clocked latch  
The latch Soc_Tracking_i/AXI4S_fifo_buf_sw_G/U0/m_tdata_reg[13] cannot be properly analyzed as its control pin Soc_Tracking_i/AXI4S_fifo_buf_sw_G/U0/m_tdata_reg[13]/G is not reached by a timing clock
Related violations: <none>

TIMING-20#6 Warning
Non-clocked latch  
The latch Soc_Tracking_i/AXI4S_fifo_buf_sw_G/U0/m_tdata_reg[14] cannot be properly analyzed as its control pin Soc_Tracking_i/AXI4S_fifo_buf_sw_G/U0/m_tdata_reg[14]/G is not reached by a timing clock
Related violations: <none>

TIMING-20#7 Warning
Non-clocked latch  
The latch Soc_Tracking_i/AXI4S_fifo_buf_sw_G/U0/m_tdata_reg[15] cannot be properly analyzed as its control pin Soc_Tracking_i/AXI4S_fifo_buf_sw_G/U0/m_tdata_reg[15]/G is not reached by a timing clock
Related violations: <none>

TIMING-20#8 Warning
Non-clocked latch  
The latch Soc_Tracking_i/AXI4S_fifo_buf_sw_G/U0/m_tdata_reg[16] cannot be properly analyzed as its control pin Soc_Tracking_i/AXI4S_fifo_buf_sw_G/U0/m_tdata_reg[16]/G is not reached by a timing clock
Related violations: <none>

TIMING-20#9 Warning
Non-clocked latch  
The latch Soc_Tracking_i/AXI4S_fifo_buf_sw_G/U0/m_tdata_reg[17] cannot be properly analyzed as its control pin Soc_Tracking_i/AXI4S_fifo_buf_sw_G/U0/m_tdata_reg[17]/G is not reached by a timing clock
Related violations: <none>

TIMING-20#10 Warning
Non-clocked latch  
The latch Soc_Tracking_i/AXI4S_fifo_buf_sw_G/U0/m_tdata_reg[18] cannot be properly analyzed as its control pin Soc_Tracking_i/AXI4S_fifo_buf_sw_G/U0/m_tdata_reg[18]/G is not reached by a timing clock
Related violations: <none>

TIMING-20#11 Warning
Non-clocked latch  
The latch Soc_Tracking_i/AXI4S_fifo_buf_sw_G/U0/m_tdata_reg[19] cannot be properly analyzed as its control pin Soc_Tracking_i/AXI4S_fifo_buf_sw_G/U0/m_tdata_reg[19]/G is not reached by a timing clock
Related violations: <none>

TIMING-20#12 Warning
Non-clocked latch  
The latch Soc_Tracking_i/AXI4S_fifo_buf_sw_G/U0/m_tdata_reg[1] cannot be properly analyzed as its control pin Soc_Tracking_i/AXI4S_fifo_buf_sw_G/U0/m_tdata_reg[1]/G is not reached by a timing clock
Related violations: <none>

TIMING-20#13 Warning
Non-clocked latch  
The latch Soc_Tracking_i/AXI4S_fifo_buf_sw_G/U0/m_tdata_reg[20] cannot be properly analyzed as its control pin Soc_Tracking_i/AXI4S_fifo_buf_sw_G/U0/m_tdata_reg[20]/G is not reached by a timing clock
Related violations: <none>

TIMING-20#14 Warning
Non-clocked latch  
The latch Soc_Tracking_i/AXI4S_fifo_buf_sw_G/U0/m_tdata_reg[21] cannot be properly analyzed as its control pin Soc_Tracking_i/AXI4S_fifo_buf_sw_G/U0/m_tdata_reg[21]/G is not reached by a timing clock
Related violations: <none>

TIMING-20#15 Warning
Non-clocked latch  
The latch Soc_Tracking_i/AXI4S_fifo_buf_sw_G/U0/m_tdata_reg[22] cannot be properly analyzed as its control pin Soc_Tracking_i/AXI4S_fifo_buf_sw_G/U0/m_tdata_reg[22]/G is not reached by a timing clock
Related violations: <none>

TIMING-20#16 Warning
Non-clocked latch  
The latch Soc_Tracking_i/AXI4S_fifo_buf_sw_G/U0/m_tdata_reg[23] cannot be properly analyzed as its control pin Soc_Tracking_i/AXI4S_fifo_buf_sw_G/U0/m_tdata_reg[23]/G is not reached by a timing clock
Related violations: <none>

TIMING-20#17 Warning
Non-clocked latch  
The latch Soc_Tracking_i/AXI4S_fifo_buf_sw_G/U0/m_tdata_reg[24] cannot be properly analyzed as its control pin Soc_Tracking_i/AXI4S_fifo_buf_sw_G/U0/m_tdata_reg[24]/G is not reached by a timing clock
Related violations: <none>

TIMING-20#18 Warning
Non-clocked latch  
The latch Soc_Tracking_i/AXI4S_fifo_buf_sw_G/U0/m_tdata_reg[25] cannot be properly analyzed as its control pin Soc_Tracking_i/AXI4S_fifo_buf_sw_G/U0/m_tdata_reg[25]/G is not reached by a timing clock
Related violations: <none>

TIMING-20#19 Warning
Non-clocked latch  
The latch Soc_Tracking_i/AXI4S_fifo_buf_sw_G/U0/m_tdata_reg[26] cannot be properly analyzed as its control pin Soc_Tracking_i/AXI4S_fifo_buf_sw_G/U0/m_tdata_reg[26]/G is not reached by a timing clock
Related violations: <none>

TIMING-20#20 Warning
Non-clocked latch  
The latch Soc_Tracking_i/AXI4S_fifo_buf_sw_G/U0/m_tdata_reg[27] cannot be properly analyzed as its control pin Soc_Tracking_i/AXI4S_fifo_buf_sw_G/U0/m_tdata_reg[27]/G is not reached by a timing clock
Related violations: <none>

TIMING-20#21 Warning
Non-clocked latch  
The latch Soc_Tracking_i/AXI4S_fifo_buf_sw_G/U0/m_tdata_reg[28] cannot be properly analyzed as its control pin Soc_Tracking_i/AXI4S_fifo_buf_sw_G/U0/m_tdata_reg[28]/G is not reached by a timing clock
Related violations: <none>

TIMING-20#22 Warning
Non-clocked latch  
The latch Soc_Tracking_i/AXI4S_fifo_buf_sw_G/U0/m_tdata_reg[29] cannot be properly analyzed as its control pin Soc_Tracking_i/AXI4S_fifo_buf_sw_G/U0/m_tdata_reg[29]/G is not reached by a timing clock
Related violations: <none>

TIMING-20#23 Warning
Non-clocked latch  
The latch Soc_Tracking_i/AXI4S_fifo_buf_sw_G/U0/m_tdata_reg[2] cannot be properly analyzed as its control pin Soc_Tracking_i/AXI4S_fifo_buf_sw_G/U0/m_tdata_reg[2]/G is not reached by a timing clock
Related violations: <none>

TIMING-20#24 Warning
Non-clocked latch  
The latch Soc_Tracking_i/AXI4S_fifo_buf_sw_G/U0/m_tdata_reg[30] cannot be properly analyzed as its control pin Soc_Tracking_i/AXI4S_fifo_buf_sw_G/U0/m_tdata_reg[30]/G is not reached by a timing clock
Related violations: <none>

TIMING-20#25 Warning
Non-clocked latch  
The latch Soc_Tracking_i/AXI4S_fifo_buf_sw_G/U0/m_tdata_reg[31] cannot be properly analyzed as its control pin Soc_Tracking_i/AXI4S_fifo_buf_sw_G/U0/m_tdata_reg[31]/G is not reached by a timing clock
Related violations: <none>

TIMING-20#26 Warning
Non-clocked latch  
The latch Soc_Tracking_i/AXI4S_fifo_buf_sw_G/U0/m_tdata_reg[32] cannot be properly analyzed as its control pin Soc_Tracking_i/AXI4S_fifo_buf_sw_G/U0/m_tdata_reg[32]/G is not reached by a timing clock
Related violations: <none>

TIMING-20#27 Warning
Non-clocked latch  
The latch Soc_Tracking_i/AXI4S_fifo_buf_sw_G/U0/m_tdata_reg[33] cannot be properly analyzed as its control pin Soc_Tracking_i/AXI4S_fifo_buf_sw_G/U0/m_tdata_reg[33]/G is not reached by a timing clock
Related violations: <none>

TIMING-20#28 Warning
Non-clocked latch  
The latch Soc_Tracking_i/AXI4S_fifo_buf_sw_G/U0/m_tdata_reg[34] cannot be properly analyzed as its control pin Soc_Tracking_i/AXI4S_fifo_buf_sw_G/U0/m_tdata_reg[34]/G is not reached by a timing clock
Related violations: <none>

TIMING-20#29 Warning
Non-clocked latch  
The latch Soc_Tracking_i/AXI4S_fifo_buf_sw_G/U0/m_tdata_reg[35] cannot be properly analyzed as its control pin Soc_Tracking_i/AXI4S_fifo_buf_sw_G/U0/m_tdata_reg[35]/G is not reached by a timing clock
Related violations: <none>

TIMING-20#30 Warning
Non-clocked latch  
The latch Soc_Tracking_i/AXI4S_fifo_buf_sw_G/U0/m_tdata_reg[36] cannot be properly analyzed as its control pin Soc_Tracking_i/AXI4S_fifo_buf_sw_G/U0/m_tdata_reg[36]/G is not reached by a timing clock
Related violations: <none>

TIMING-20#31 Warning
Non-clocked latch  
The latch Soc_Tracking_i/AXI4S_fifo_buf_sw_G/U0/m_tdata_reg[37] cannot be properly analyzed as its control pin Soc_Tracking_i/AXI4S_fifo_buf_sw_G/U0/m_tdata_reg[37]/G is not reached by a timing clock
Related violations: <none>

TIMING-20#32 Warning
Non-clocked latch  
The latch Soc_Tracking_i/AXI4S_fifo_buf_sw_G/U0/m_tdata_reg[38] cannot be properly analyzed as its control pin Soc_Tracking_i/AXI4S_fifo_buf_sw_G/U0/m_tdata_reg[38]/G is not reached by a timing clock
Related violations: <none>

TIMING-20#33 Warning
Non-clocked latch  
The latch Soc_Tracking_i/AXI4S_fifo_buf_sw_G/U0/m_tdata_reg[39] cannot be properly analyzed as its control pin Soc_Tracking_i/AXI4S_fifo_buf_sw_G/U0/m_tdata_reg[39]/G is not reached by a timing clock
Related violations: <none>

TIMING-20#34 Warning
Non-clocked latch  
The latch Soc_Tracking_i/AXI4S_fifo_buf_sw_G/U0/m_tdata_reg[3] cannot be properly analyzed as its control pin Soc_Tracking_i/AXI4S_fifo_buf_sw_G/U0/m_tdata_reg[3]/G is not reached by a timing clock
Related violations: <none>

TIMING-20#35 Warning
Non-clocked latch  
The latch Soc_Tracking_i/AXI4S_fifo_buf_sw_G/U0/m_tdata_reg[40] cannot be properly analyzed as its control pin Soc_Tracking_i/AXI4S_fifo_buf_sw_G/U0/m_tdata_reg[40]/G is not reached by a timing clock
Related violations: <none>

TIMING-20#36 Warning
Non-clocked latch  
The latch Soc_Tracking_i/AXI4S_fifo_buf_sw_G/U0/m_tdata_reg[41] cannot be properly analyzed as its control pin Soc_Tracking_i/AXI4S_fifo_buf_sw_G/U0/m_tdata_reg[41]/G is not reached by a timing clock
Related violations: <none>

TIMING-20#37 Warning
Non-clocked latch  
The latch Soc_Tracking_i/AXI4S_fifo_buf_sw_G/U0/m_tdata_reg[42] cannot be properly analyzed as its control pin Soc_Tracking_i/AXI4S_fifo_buf_sw_G/U0/m_tdata_reg[42]/G is not reached by a timing clock
Related violations: <none>

TIMING-20#38 Warning
Non-clocked latch  
The latch Soc_Tracking_i/AXI4S_fifo_buf_sw_G/U0/m_tdata_reg[43] cannot be properly analyzed as its control pin Soc_Tracking_i/AXI4S_fifo_buf_sw_G/U0/m_tdata_reg[43]/G is not reached by a timing clock
Related violations: <none>

TIMING-20#39 Warning
Non-clocked latch  
The latch Soc_Tracking_i/AXI4S_fifo_buf_sw_G/U0/m_tdata_reg[44] cannot be properly analyzed as its control pin Soc_Tracking_i/AXI4S_fifo_buf_sw_G/U0/m_tdata_reg[44]/G is not reached by a timing clock
Related violations: <none>

TIMING-20#40 Warning
Non-clocked latch  
The latch Soc_Tracking_i/AXI4S_fifo_buf_sw_G/U0/m_tdata_reg[45] cannot be properly analyzed as its control pin Soc_Tracking_i/AXI4S_fifo_buf_sw_G/U0/m_tdata_reg[45]/G is not reached by a timing clock
Related violations: <none>

TIMING-20#41 Warning
Non-clocked latch  
The latch Soc_Tracking_i/AXI4S_fifo_buf_sw_G/U0/m_tdata_reg[46] cannot be properly analyzed as its control pin Soc_Tracking_i/AXI4S_fifo_buf_sw_G/U0/m_tdata_reg[46]/G is not reached by a timing clock
Related violations: <none>

TIMING-20#42 Warning
Non-clocked latch  
The latch Soc_Tracking_i/AXI4S_fifo_buf_sw_G/U0/m_tdata_reg[47] cannot be properly analyzed as its control pin Soc_Tracking_i/AXI4S_fifo_buf_sw_G/U0/m_tdata_reg[47]/G is not reached by a timing clock
Related violations: <none>

TIMING-20#43 Warning
Non-clocked latch  
The latch Soc_Tracking_i/AXI4S_fifo_buf_sw_G/U0/m_tdata_reg[48] cannot be properly analyzed as its control pin Soc_Tracking_i/AXI4S_fifo_buf_sw_G/U0/m_tdata_reg[48]/G is not reached by a timing clock
Related violations: <none>

TIMING-20#44 Warning
Non-clocked latch  
The latch Soc_Tracking_i/AXI4S_fifo_buf_sw_G/U0/m_tdata_reg[49] cannot be properly analyzed as its control pin Soc_Tracking_i/AXI4S_fifo_buf_sw_G/U0/m_tdata_reg[49]/G is not reached by a timing clock
Related violations: <none>

TIMING-20#45 Warning
Non-clocked latch  
The latch Soc_Tracking_i/AXI4S_fifo_buf_sw_G/U0/m_tdata_reg[4] cannot be properly analyzed as its control pin Soc_Tracking_i/AXI4S_fifo_buf_sw_G/U0/m_tdata_reg[4]/G is not reached by a timing clock
Related violations: <none>

TIMING-20#46 Warning
Non-clocked latch  
The latch Soc_Tracking_i/AXI4S_fifo_buf_sw_G/U0/m_tdata_reg[50] cannot be properly analyzed as its control pin Soc_Tracking_i/AXI4S_fifo_buf_sw_G/U0/m_tdata_reg[50]/G is not reached by a timing clock
Related violations: <none>

TIMING-20#47 Warning
Non-clocked latch  
The latch Soc_Tracking_i/AXI4S_fifo_buf_sw_G/U0/m_tdata_reg[51] cannot be properly analyzed as its control pin Soc_Tracking_i/AXI4S_fifo_buf_sw_G/U0/m_tdata_reg[51]/G is not reached by a timing clock
Related violations: <none>

TIMING-20#48 Warning
Non-clocked latch  
The latch Soc_Tracking_i/AXI4S_fifo_buf_sw_G/U0/m_tdata_reg[52] cannot be properly analyzed as its control pin Soc_Tracking_i/AXI4S_fifo_buf_sw_G/U0/m_tdata_reg[52]/G is not reached by a timing clock
Related violations: <none>

TIMING-20#49 Warning
Non-clocked latch  
The latch Soc_Tracking_i/AXI4S_fifo_buf_sw_G/U0/m_tdata_reg[53] cannot be properly analyzed as its control pin Soc_Tracking_i/AXI4S_fifo_buf_sw_G/U0/m_tdata_reg[53]/G is not reached by a timing clock
Related violations: <none>

TIMING-20#50 Warning
Non-clocked latch  
The latch Soc_Tracking_i/AXI4S_fifo_buf_sw_G/U0/m_tdata_reg[54] cannot be properly analyzed as its control pin Soc_Tracking_i/AXI4S_fifo_buf_sw_G/U0/m_tdata_reg[54]/G is not reached by a timing clock
Related violations: <none>

TIMING-20#51 Warning
Non-clocked latch  
The latch Soc_Tracking_i/AXI4S_fifo_buf_sw_G/U0/m_tdata_reg[55] cannot be properly analyzed as its control pin Soc_Tracking_i/AXI4S_fifo_buf_sw_G/U0/m_tdata_reg[55]/G is not reached by a timing clock
Related violations: <none>

TIMING-20#52 Warning
Non-clocked latch  
The latch Soc_Tracking_i/AXI4S_fifo_buf_sw_G/U0/m_tdata_reg[56] cannot be properly analyzed as its control pin Soc_Tracking_i/AXI4S_fifo_buf_sw_G/U0/m_tdata_reg[56]/G is not reached by a timing clock
Related violations: <none>

TIMING-20#53 Warning
Non-clocked latch  
The latch Soc_Tracking_i/AXI4S_fifo_buf_sw_G/U0/m_tdata_reg[57] cannot be properly analyzed as its control pin Soc_Tracking_i/AXI4S_fifo_buf_sw_G/U0/m_tdata_reg[57]/G is not reached by a timing clock
Related violations: <none>

TIMING-20#54 Warning
Non-clocked latch  
The latch Soc_Tracking_i/AXI4S_fifo_buf_sw_G/U0/m_tdata_reg[58] cannot be properly analyzed as its control pin Soc_Tracking_i/AXI4S_fifo_buf_sw_G/U0/m_tdata_reg[58]/G is not reached by a timing clock
Related violations: <none>

TIMING-20#55 Warning
Non-clocked latch  
The latch Soc_Tracking_i/AXI4S_fifo_buf_sw_G/U0/m_tdata_reg[59] cannot be properly analyzed as its control pin Soc_Tracking_i/AXI4S_fifo_buf_sw_G/U0/m_tdata_reg[59]/G is not reached by a timing clock
Related violations: <none>

TIMING-20#56 Warning
Non-clocked latch  
The latch Soc_Tracking_i/AXI4S_fifo_buf_sw_G/U0/m_tdata_reg[5] cannot be properly analyzed as its control pin Soc_Tracking_i/AXI4S_fifo_buf_sw_G/U0/m_tdata_reg[5]/G is not reached by a timing clock
Related violations: <none>

TIMING-20#57 Warning
Non-clocked latch  
The latch Soc_Tracking_i/AXI4S_fifo_buf_sw_G/U0/m_tdata_reg[60] cannot be properly analyzed as its control pin Soc_Tracking_i/AXI4S_fifo_buf_sw_G/U0/m_tdata_reg[60]/G is not reached by a timing clock
Related violations: <none>

TIMING-20#58 Warning
Non-clocked latch  
The latch Soc_Tracking_i/AXI4S_fifo_buf_sw_G/U0/m_tdata_reg[61] cannot be properly analyzed as its control pin Soc_Tracking_i/AXI4S_fifo_buf_sw_G/U0/m_tdata_reg[61]/G is not reached by a timing clock
Related violations: <none>

TIMING-20#59 Warning
Non-clocked latch  
The latch Soc_Tracking_i/AXI4S_fifo_buf_sw_G/U0/m_tdata_reg[62] cannot be properly analyzed as its control pin Soc_Tracking_i/AXI4S_fifo_buf_sw_G/U0/m_tdata_reg[62]/G is not reached by a timing clock
Related violations: <none>

TIMING-20#60 Warning
Non-clocked latch  
The latch Soc_Tracking_i/AXI4S_fifo_buf_sw_G/U0/m_tdata_reg[63] cannot be properly analyzed as its control pin Soc_Tracking_i/AXI4S_fifo_buf_sw_G/U0/m_tdata_reg[63]/G is not reached by a timing clock
Related violations: <none>

TIMING-20#61 Warning
Non-clocked latch  
The latch Soc_Tracking_i/AXI4S_fifo_buf_sw_G/U0/m_tdata_reg[64] cannot be properly analyzed as its control pin Soc_Tracking_i/AXI4S_fifo_buf_sw_G/U0/m_tdata_reg[64]/G is not reached by a timing clock
Related violations: <none>

TIMING-20#62 Warning
Non-clocked latch  
The latch Soc_Tracking_i/AXI4S_fifo_buf_sw_G/U0/m_tdata_reg[65] cannot be properly analyzed as its control pin Soc_Tracking_i/AXI4S_fifo_buf_sw_G/U0/m_tdata_reg[65]/G is not reached by a timing clock
Related violations: <none>

TIMING-20#63 Warning
Non-clocked latch  
The latch Soc_Tracking_i/AXI4S_fifo_buf_sw_G/U0/m_tdata_reg[66] cannot be properly analyzed as its control pin Soc_Tracking_i/AXI4S_fifo_buf_sw_G/U0/m_tdata_reg[66]/G is not reached by a timing clock
Related violations: <none>

TIMING-20#64 Warning
Non-clocked latch  
The latch Soc_Tracking_i/AXI4S_fifo_buf_sw_G/U0/m_tdata_reg[67] cannot be properly analyzed as its control pin Soc_Tracking_i/AXI4S_fifo_buf_sw_G/U0/m_tdata_reg[67]/G is not reached by a timing clock
Related violations: <none>

TIMING-20#65 Warning
Non-clocked latch  
The latch Soc_Tracking_i/AXI4S_fifo_buf_sw_G/U0/m_tdata_reg[68] cannot be properly analyzed as its control pin Soc_Tracking_i/AXI4S_fifo_buf_sw_G/U0/m_tdata_reg[68]/G is not reached by a timing clock
Related violations: <none>

TIMING-20#66 Warning
Non-clocked latch  
The latch Soc_Tracking_i/AXI4S_fifo_buf_sw_G/U0/m_tdata_reg[69] cannot be properly analyzed as its control pin Soc_Tracking_i/AXI4S_fifo_buf_sw_G/U0/m_tdata_reg[69]/G is not reached by a timing clock
Related violations: <none>

TIMING-20#67 Warning
Non-clocked latch  
The latch Soc_Tracking_i/AXI4S_fifo_buf_sw_G/U0/m_tdata_reg[6] cannot be properly analyzed as its control pin Soc_Tracking_i/AXI4S_fifo_buf_sw_G/U0/m_tdata_reg[6]/G is not reached by a timing clock
Related violations: <none>

TIMING-20#68 Warning
Non-clocked latch  
The latch Soc_Tracking_i/AXI4S_fifo_buf_sw_G/U0/m_tdata_reg[70] cannot be properly analyzed as its control pin Soc_Tracking_i/AXI4S_fifo_buf_sw_G/U0/m_tdata_reg[70]/G is not reached by a timing clock
Related violations: <none>

TIMING-20#69 Warning
Non-clocked latch  
The latch Soc_Tracking_i/AXI4S_fifo_buf_sw_G/U0/m_tdata_reg[71] cannot be properly analyzed as its control pin Soc_Tracking_i/AXI4S_fifo_buf_sw_G/U0/m_tdata_reg[71]/G is not reached by a timing clock
Related violations: <none>

TIMING-20#70 Warning
Non-clocked latch  
The latch Soc_Tracking_i/AXI4S_fifo_buf_sw_G/U0/m_tdata_reg[7] cannot be properly analyzed as its control pin Soc_Tracking_i/AXI4S_fifo_buf_sw_G/U0/m_tdata_reg[7]/G is not reached by a timing clock
Related violations: <none>

TIMING-20#71 Warning
Non-clocked latch  
The latch Soc_Tracking_i/AXI4S_fifo_buf_sw_G/U0/m_tdata_reg[8] cannot be properly analyzed as its control pin Soc_Tracking_i/AXI4S_fifo_buf_sw_G/U0/m_tdata_reg[8]/G is not reached by a timing clock
Related violations: <none>

TIMING-20#72 Warning
Non-clocked latch  
The latch Soc_Tracking_i/AXI4S_fifo_buf_sw_G/U0/m_tdata_reg[9] cannot be properly analyzed as its control pin Soc_Tracking_i/AXI4S_fifo_buf_sw_G/U0/m_tdata_reg[9]/G is not reached by a timing clock
Related violations: <none>

TIMING-20#73 Warning
Non-clocked latch  
The latch Soc_Tracking_i/AXI4S_fifo_buf_sw_H/U0/m_tdata_reg[10] cannot be properly analyzed as its control pin Soc_Tracking_i/AXI4S_fifo_buf_sw_H/U0/m_tdata_reg[10]/G is not reached by a timing clock
Related violations: <none>

TIMING-20#74 Warning
Non-clocked latch  
The latch Soc_Tracking_i/AXI4S_fifo_buf_sw_H/U0/m_tdata_reg[11] cannot be properly analyzed as its control pin Soc_Tracking_i/AXI4S_fifo_buf_sw_H/U0/m_tdata_reg[11]/G is not reached by a timing clock
Related violations: <none>

TIMING-20#75 Warning
Non-clocked latch  
The latch Soc_Tracking_i/AXI4S_fifo_buf_sw_H/U0/m_tdata_reg[12] cannot be properly analyzed as its control pin Soc_Tracking_i/AXI4S_fifo_buf_sw_H/U0/m_tdata_reg[12]/G is not reached by a timing clock
Related violations: <none>

TIMING-20#76 Warning
Non-clocked latch  
The latch Soc_Tracking_i/AXI4S_fifo_buf_sw_H/U0/m_tdata_reg[13] cannot be properly analyzed as its control pin Soc_Tracking_i/AXI4S_fifo_buf_sw_H/U0/m_tdata_reg[13]/G is not reached by a timing clock
Related violations: <none>

TIMING-20#77 Warning
Non-clocked latch  
The latch Soc_Tracking_i/AXI4S_fifo_buf_sw_H/U0/m_tdata_reg[14] cannot be properly analyzed as its control pin Soc_Tracking_i/AXI4S_fifo_buf_sw_H/U0/m_tdata_reg[14]/G is not reached by a timing clock
Related violations: <none>

TIMING-20#78 Warning
Non-clocked latch  
The latch Soc_Tracking_i/AXI4S_fifo_buf_sw_H/U0/m_tdata_reg[15] cannot be properly analyzed as its control pin Soc_Tracking_i/AXI4S_fifo_buf_sw_H/U0/m_tdata_reg[15]/G is not reached by a timing clock
Related violations: <none>

TIMING-20#79 Warning
Non-clocked latch  
The latch Soc_Tracking_i/AXI4S_fifo_buf_sw_H/U0/m_tdata_reg[24] cannot be properly analyzed as its control pin Soc_Tracking_i/AXI4S_fifo_buf_sw_H/U0/m_tdata_reg[24]/G is not reached by a timing clock
Related violations: <none>

TIMING-20#80 Warning
Non-clocked latch  
The latch Soc_Tracking_i/AXI4S_fifo_buf_sw_H/U0/m_tdata_reg[25] cannot be properly analyzed as its control pin Soc_Tracking_i/AXI4S_fifo_buf_sw_H/U0/m_tdata_reg[25]/G is not reached by a timing clock
Related violations: <none>

TIMING-20#81 Warning
Non-clocked latch  
The latch Soc_Tracking_i/AXI4S_fifo_buf_sw_H/U0/m_tdata_reg[26] cannot be properly analyzed as its control pin Soc_Tracking_i/AXI4S_fifo_buf_sw_H/U0/m_tdata_reg[26]/G is not reached by a timing clock
Related violations: <none>

TIMING-20#82 Warning
Non-clocked latch  
The latch Soc_Tracking_i/AXI4S_fifo_buf_sw_H/U0/m_tdata_reg[27] cannot be properly analyzed as its control pin Soc_Tracking_i/AXI4S_fifo_buf_sw_H/U0/m_tdata_reg[27]/G is not reached by a timing clock
Related violations: <none>

TIMING-20#83 Warning
Non-clocked latch  
The latch Soc_Tracking_i/AXI4S_fifo_buf_sw_H/U0/m_tdata_reg[28] cannot be properly analyzed as its control pin Soc_Tracking_i/AXI4S_fifo_buf_sw_H/U0/m_tdata_reg[28]/G is not reached by a timing clock
Related violations: <none>

TIMING-20#84 Warning
Non-clocked latch  
The latch Soc_Tracking_i/AXI4S_fifo_buf_sw_H/U0/m_tdata_reg[29] cannot be properly analyzed as its control pin Soc_Tracking_i/AXI4S_fifo_buf_sw_H/U0/m_tdata_reg[29]/G is not reached by a timing clock
Related violations: <none>

TIMING-20#85 Warning
Non-clocked latch  
The latch Soc_Tracking_i/AXI4S_fifo_buf_sw_H/U0/m_tdata_reg[30] cannot be properly analyzed as its control pin Soc_Tracking_i/AXI4S_fifo_buf_sw_H/U0/m_tdata_reg[30]/G is not reached by a timing clock
Related violations: <none>

TIMING-20#86 Warning
Non-clocked latch  
The latch Soc_Tracking_i/AXI4S_fifo_buf_sw_H/U0/m_tdata_reg[31] cannot be properly analyzed as its control pin Soc_Tracking_i/AXI4S_fifo_buf_sw_H/U0/m_tdata_reg[31]/G is not reached by a timing clock
Related violations: <none>

TIMING-20#87 Warning
Non-clocked latch  
The latch Soc_Tracking_i/AXI4S_fifo_buf_sw_H/U0/m_tdata_reg[32] cannot be properly analyzed as its control pin Soc_Tracking_i/AXI4S_fifo_buf_sw_H/U0/m_tdata_reg[32]/G is not reached by a timing clock
Related violations: <none>

TIMING-20#88 Warning
Non-clocked latch  
The latch Soc_Tracking_i/AXI4S_fifo_buf_sw_H/U0/m_tdata_reg[33] cannot be properly analyzed as its control pin Soc_Tracking_i/AXI4S_fifo_buf_sw_H/U0/m_tdata_reg[33]/G is not reached by a timing clock
Related violations: <none>

TIMING-20#89 Warning
Non-clocked latch  
The latch Soc_Tracking_i/AXI4S_fifo_buf_sw_H/U0/m_tdata_reg[34] cannot be properly analyzed as its control pin Soc_Tracking_i/AXI4S_fifo_buf_sw_H/U0/m_tdata_reg[34]/G is not reached by a timing clock
Related violations: <none>

TIMING-20#90 Warning
Non-clocked latch  
The latch Soc_Tracking_i/AXI4S_fifo_buf_sw_H/U0/m_tdata_reg[35] cannot be properly analyzed as its control pin Soc_Tracking_i/AXI4S_fifo_buf_sw_H/U0/m_tdata_reg[35]/G is not reached by a timing clock
Related violations: <none>

TIMING-20#91 Warning
Non-clocked latch  
The latch Soc_Tracking_i/AXI4S_fifo_buf_sw_H/U0/m_tdata_reg[36] cannot be properly analyzed as its control pin Soc_Tracking_i/AXI4S_fifo_buf_sw_H/U0/m_tdata_reg[36]/G is not reached by a timing clock
Related violations: <none>

TIMING-20#92 Warning
Non-clocked latch  
The latch Soc_Tracking_i/AXI4S_fifo_buf_sw_H/U0/m_tdata_reg[37] cannot be properly analyzed as its control pin Soc_Tracking_i/AXI4S_fifo_buf_sw_H/U0/m_tdata_reg[37]/G is not reached by a timing clock
Related violations: <none>

TIMING-20#93 Warning
Non-clocked latch  
The latch Soc_Tracking_i/AXI4S_fifo_buf_sw_H/U0/m_tdata_reg[38] cannot be properly analyzed as its control pin Soc_Tracking_i/AXI4S_fifo_buf_sw_H/U0/m_tdata_reg[38]/G is not reached by a timing clock
Related violations: <none>

TIMING-20#94 Warning
Non-clocked latch  
The latch Soc_Tracking_i/AXI4S_fifo_buf_sw_H/U0/m_tdata_reg[39] cannot be properly analyzed as its control pin Soc_Tracking_i/AXI4S_fifo_buf_sw_H/U0/m_tdata_reg[39]/G is not reached by a timing clock
Related violations: <none>

TIMING-20#95 Warning
Non-clocked latch  
The latch Soc_Tracking_i/AXI4S_fifo_buf_sw_H/U0/m_tdata_reg[40] cannot be properly analyzed as its control pin Soc_Tracking_i/AXI4S_fifo_buf_sw_H/U0/m_tdata_reg[40]/G is not reached by a timing clock
Related violations: <none>

TIMING-20#96 Warning
Non-clocked latch  
The latch Soc_Tracking_i/AXI4S_fifo_buf_sw_H/U0/m_tdata_reg[41] cannot be properly analyzed as its control pin Soc_Tracking_i/AXI4S_fifo_buf_sw_H/U0/m_tdata_reg[41]/G is not reached by a timing clock
Related violations: <none>

TIMING-20#97 Warning
Non-clocked latch  
The latch Soc_Tracking_i/AXI4S_fifo_buf_sw_H/U0/m_tdata_reg[42] cannot be properly analyzed as its control pin Soc_Tracking_i/AXI4S_fifo_buf_sw_H/U0/m_tdata_reg[42]/G is not reached by a timing clock
Related violations: <none>

TIMING-20#98 Warning
Non-clocked latch  
The latch Soc_Tracking_i/AXI4S_fifo_buf_sw_H/U0/m_tdata_reg[43] cannot be properly analyzed as its control pin Soc_Tracking_i/AXI4S_fifo_buf_sw_H/U0/m_tdata_reg[43]/G is not reached by a timing clock
Related violations: <none>

TIMING-20#99 Warning
Non-clocked latch  
The latch Soc_Tracking_i/AXI4S_fifo_buf_sw_H/U0/m_tdata_reg[44] cannot be properly analyzed as its control pin Soc_Tracking_i/AXI4S_fifo_buf_sw_H/U0/m_tdata_reg[44]/G is not reached by a timing clock
Related violations: <none>

TIMING-20#100 Warning
Non-clocked latch  
The latch Soc_Tracking_i/AXI4S_fifo_buf_sw_H/U0/m_tdata_reg[45] cannot be properly analyzed as its control pin Soc_Tracking_i/AXI4S_fifo_buf_sw_H/U0/m_tdata_reg[45]/G is not reached by a timing clock
Related violations: <none>

TIMING-20#101 Warning
Non-clocked latch  
The latch Soc_Tracking_i/AXI4S_fifo_buf_sw_H/U0/m_tdata_reg[46] cannot be properly analyzed as its control pin Soc_Tracking_i/AXI4S_fifo_buf_sw_H/U0/m_tdata_reg[46]/G is not reached by a timing clock
Related violations: <none>

TIMING-20#102 Warning
Non-clocked latch  
The latch Soc_Tracking_i/AXI4S_fifo_buf_sw_H/U0/m_tdata_reg[47] cannot be properly analyzed as its control pin Soc_Tracking_i/AXI4S_fifo_buf_sw_H/U0/m_tdata_reg[47]/G is not reached by a timing clock
Related violations: <none>

TIMING-20#103 Warning
Non-clocked latch  
The latch Soc_Tracking_i/AXI4S_fifo_buf_sw_H/U0/m_tdata_reg[48] cannot be properly analyzed as its control pin Soc_Tracking_i/AXI4S_fifo_buf_sw_H/U0/m_tdata_reg[48]/G is not reached by a timing clock
Related violations: <none>

TIMING-20#104 Warning
Non-clocked latch  
The latch Soc_Tracking_i/AXI4S_fifo_buf_sw_H/U0/m_tdata_reg[49] cannot be properly analyzed as its control pin Soc_Tracking_i/AXI4S_fifo_buf_sw_H/U0/m_tdata_reg[49]/G is not reached by a timing clock
Related violations: <none>

TIMING-20#105 Warning
Non-clocked latch  
The latch Soc_Tracking_i/AXI4S_fifo_buf_sw_H/U0/m_tdata_reg[50] cannot be properly analyzed as its control pin Soc_Tracking_i/AXI4S_fifo_buf_sw_H/U0/m_tdata_reg[50]/G is not reached by a timing clock
Related violations: <none>

TIMING-20#106 Warning
Non-clocked latch  
The latch Soc_Tracking_i/AXI4S_fifo_buf_sw_H/U0/m_tdata_reg[51] cannot be properly analyzed as its control pin Soc_Tracking_i/AXI4S_fifo_buf_sw_H/U0/m_tdata_reg[51]/G is not reached by a timing clock
Related violations: <none>

TIMING-20#107 Warning
Non-clocked latch  
The latch Soc_Tracking_i/AXI4S_fifo_buf_sw_H/U0/m_tdata_reg[52] cannot be properly analyzed as its control pin Soc_Tracking_i/AXI4S_fifo_buf_sw_H/U0/m_tdata_reg[52]/G is not reached by a timing clock
Related violations: <none>

TIMING-20#108 Warning
Non-clocked latch  
The latch Soc_Tracking_i/AXI4S_fifo_buf_sw_H/U0/m_tdata_reg[53] cannot be properly analyzed as its control pin Soc_Tracking_i/AXI4S_fifo_buf_sw_H/U0/m_tdata_reg[53]/G is not reached by a timing clock
Related violations: <none>

TIMING-20#109 Warning
Non-clocked latch  
The latch Soc_Tracking_i/AXI4S_fifo_buf_sw_H/U0/m_tdata_reg[54] cannot be properly analyzed as its control pin Soc_Tracking_i/AXI4S_fifo_buf_sw_H/U0/m_tdata_reg[54]/G is not reached by a timing clock
Related violations: <none>

TIMING-20#110 Warning
Non-clocked latch  
The latch Soc_Tracking_i/AXI4S_fifo_buf_sw_H/U0/m_tdata_reg[55] cannot be properly analyzed as its control pin Soc_Tracking_i/AXI4S_fifo_buf_sw_H/U0/m_tdata_reg[55]/G is not reached by a timing clock
Related violations: <none>

TIMING-20#111 Warning
Non-clocked latch  
The latch Soc_Tracking_i/AXI4S_fifo_buf_sw_H/U0/m_tdata_reg[56] cannot be properly analyzed as its control pin Soc_Tracking_i/AXI4S_fifo_buf_sw_H/U0/m_tdata_reg[56]/G is not reached by a timing clock
Related violations: <none>

TIMING-20#112 Warning
Non-clocked latch  
The latch Soc_Tracking_i/AXI4S_fifo_buf_sw_H/U0/m_tdata_reg[57] cannot be properly analyzed as its control pin Soc_Tracking_i/AXI4S_fifo_buf_sw_H/U0/m_tdata_reg[57]/G is not reached by a timing clock
Related violations: <none>

TIMING-20#113 Warning
Non-clocked latch  
The latch Soc_Tracking_i/AXI4S_fifo_buf_sw_H/U0/m_tdata_reg[58] cannot be properly analyzed as its control pin Soc_Tracking_i/AXI4S_fifo_buf_sw_H/U0/m_tdata_reg[58]/G is not reached by a timing clock
Related violations: <none>

TIMING-20#114 Warning
Non-clocked latch  
The latch Soc_Tracking_i/AXI4S_fifo_buf_sw_H/U0/m_tdata_reg[59] cannot be properly analyzed as its control pin Soc_Tracking_i/AXI4S_fifo_buf_sw_H/U0/m_tdata_reg[59]/G is not reached by a timing clock
Related violations: <none>

TIMING-20#115 Warning
Non-clocked latch  
The latch Soc_Tracking_i/AXI4S_fifo_buf_sw_H/U0/m_tdata_reg[60] cannot be properly analyzed as its control pin Soc_Tracking_i/AXI4S_fifo_buf_sw_H/U0/m_tdata_reg[60]/G is not reached by a timing clock
Related violations: <none>

TIMING-20#116 Warning
Non-clocked latch  
The latch Soc_Tracking_i/AXI4S_fifo_buf_sw_H/U0/m_tdata_reg[61] cannot be properly analyzed as its control pin Soc_Tracking_i/AXI4S_fifo_buf_sw_H/U0/m_tdata_reg[61]/G is not reached by a timing clock
Related violations: <none>

TIMING-20#117 Warning
Non-clocked latch  
The latch Soc_Tracking_i/AXI4S_fifo_buf_sw_H/U0/m_tdata_reg[62] cannot be properly analyzed as its control pin Soc_Tracking_i/AXI4S_fifo_buf_sw_H/U0/m_tdata_reg[62]/G is not reached by a timing clock
Related violations: <none>

TIMING-20#118 Warning
Non-clocked latch  
The latch Soc_Tracking_i/AXI4S_fifo_buf_sw_H/U0/m_tdata_reg[63] cannot be properly analyzed as its control pin Soc_Tracking_i/AXI4S_fifo_buf_sw_H/U0/m_tdata_reg[63]/G is not reached by a timing clock
Related violations: <none>

TIMING-20#119 Warning
Non-clocked latch  
The latch Soc_Tracking_i/AXI4S_fifo_buf_sw_H/U0/m_tdata_reg[64] cannot be properly analyzed as its control pin Soc_Tracking_i/AXI4S_fifo_buf_sw_H/U0/m_tdata_reg[64]/G is not reached by a timing clock
Related violations: <none>

TIMING-20#120 Warning
Non-clocked latch  
The latch Soc_Tracking_i/AXI4S_fifo_buf_sw_H/U0/m_tdata_reg[65] cannot be properly analyzed as its control pin Soc_Tracking_i/AXI4S_fifo_buf_sw_H/U0/m_tdata_reg[65]/G is not reached by a timing clock
Related violations: <none>

TIMING-20#121 Warning
Non-clocked latch  
The latch Soc_Tracking_i/AXI4S_fifo_buf_sw_H/U0/m_tdata_reg[66] cannot be properly analyzed as its control pin Soc_Tracking_i/AXI4S_fifo_buf_sw_H/U0/m_tdata_reg[66]/G is not reached by a timing clock
Related violations: <none>

TIMING-20#122 Warning
Non-clocked latch  
The latch Soc_Tracking_i/AXI4S_fifo_buf_sw_H/U0/m_tdata_reg[67] cannot be properly analyzed as its control pin Soc_Tracking_i/AXI4S_fifo_buf_sw_H/U0/m_tdata_reg[67]/G is not reached by a timing clock
Related violations: <none>

TIMING-20#123 Warning
Non-clocked latch  
The latch Soc_Tracking_i/AXI4S_fifo_buf_sw_H/U0/m_tdata_reg[68] cannot be properly analyzed as its control pin Soc_Tracking_i/AXI4S_fifo_buf_sw_H/U0/m_tdata_reg[68]/G is not reached by a timing clock
Related violations: <none>

TIMING-20#124 Warning
Non-clocked latch  
The latch Soc_Tracking_i/AXI4S_fifo_buf_sw_H/U0/m_tdata_reg[69] cannot be properly analyzed as its control pin Soc_Tracking_i/AXI4S_fifo_buf_sw_H/U0/m_tdata_reg[69]/G is not reached by a timing clock
Related violations: <none>

TIMING-20#125 Warning
Non-clocked latch  
The latch Soc_Tracking_i/AXI4S_fifo_buf_sw_H/U0/m_tdata_reg[70] cannot be properly analyzed as its control pin Soc_Tracking_i/AXI4S_fifo_buf_sw_H/U0/m_tdata_reg[70]/G is not reached by a timing clock
Related violations: <none>

TIMING-20#126 Warning
Non-clocked latch  
The latch Soc_Tracking_i/AXI4S_fifo_buf_sw_H/U0/m_tdata_reg[71] cannot be properly analyzed as its control pin Soc_Tracking_i/AXI4S_fifo_buf_sw_H/U0/m_tdata_reg[71]/G is not reached by a timing clock
Related violations: <none>

TIMING-20#127 Warning
Non-clocked latch  
The latch Soc_Tracking_i/AXI4S_fifo_buf_sw_H/U0/m_tdata_reg[8] cannot be properly analyzed as its control pin Soc_Tracking_i/AXI4S_fifo_buf_sw_H/U0/m_tdata_reg[8]/G is not reached by a timing clock
Related violations: <none>

TIMING-20#128 Warning
Non-clocked latch  
The latch Soc_Tracking_i/AXI4S_fifo_buf_sw_H/U0/m_tdata_reg[9] cannot be properly analyzed as its control pin Soc_Tracking_i/AXI4S_fifo_buf_sw_H/U0/m_tdata_reg[9]/G is not reached by a timing clock
Related violations: <none>


