Copyright 1986-2020 Xilinx, Inc. All Rights Reserved.
------------------------------------------------------------------------------------
| Tool Version : Vivado v.2020.2 (win64) Build 3064766 Wed Nov 18 09:12:45 MST 2020
| Date         : Mon Oct  5 11:59:16 2026
| Host         : PC-Elvire running 64-bit major release  (build 9200)
| Command      : upgrade_ip
| Device       : xc7z010clg400-1
------------------------------------------------------------------------------------

Upgrade Log for IP 'Soc_Tracking_AXI4S_Binarisation_A_0_0'

1. Summary
----------

SUCCESS in the upgrade of Soc_Tracking_AXI4S_Binarisation_A_0_0 (xilinx.com:user:AXI4S_Binarisation_AXI4L:1.0) from (Rev. 3) to (Rev. 4)






Copyright 1986-2020 Xilinx, Inc. All Rights Reserved.
------------------------------------------------------------------------------------
| Tool Version : Vivado v.2020.2 (win64) Build 3064766 Wed Nov 18 09:12:45 MST 2020
| Date         : Mon Oct  5 10:49:54 2026
| Host         : PC-Elvire running 64-bit major release  (build 9200)
| Command      : upgrade_ip
| Device       : xc7z010clg400-1
------------------------------------------------------------------------------------

Upgrade Log for IP 'Soc_Tracking_AXI4S_Binarisation_A_0_0'

1. Summary
----------

SUCCESS in the upgrade of Soc_Tracking_AXI4S_Binarisation_A_0_0 (xilinx.com:user:AXI4S_Binarisation_AXI4L:1.0) from (Rev. 2) to (Rev. 3)






Copyright 1986-2020 Xilinx, Inc. All Rights Reserved.
------------------------------------------------------------------------------------
| Tool Version : Vivado v.2020.2 (win64) Build 3064766 Wed Nov 18 09:12:45 MST 2020
| Date         : Fri Oct  2 18:18:14 2026
| Host         : PC-Elvire running 64-bit major release  (build 9200)
| Command      : upgrade_ip
| Device       : xc7z010clg400-1
------------------------------------------------------------------------------------

Upgrade Log for IP 'Soc_Tracking_AXI4S_fifo_buffer_sl_0_1'

1. Summary
----------

SUCCESS in the upgrade of Soc_Tracking_AXI4S_fifo_buffer_sl_0_1 (xilinx.com:user:AXI4S_fifo_buffer_slid_window:1.0) from (Rev. 40) to (Rev. 46)






Copyright 1986-2020 Xilinx, Inc. All Rights Reserved.
------------------------------------------------------------------------------------
| Tool Version : Vivado v.2020.2 (win64) Build 3064766 Wed Nov 18 09:12:45 MST 2020
| Date         : Fri Oct  2 18:18:14 2026
| Host         : PC-Elvire running 64-bit major release  (build 9200)
| Command      : upgrade_ip
| Device       : xc7z010clg400-1
------------------------------------------------------------------------------------

Upgrade Log for IP 'Soc_Tracking_AXI4S_fifo_buffer_sl_0_0'

1. Summary
----------

SUCCESS in the upgrade of Soc_Tracking_AXI4S_fifo_buffer_sl_0_0 (xilinx.com:user:AXI4S_fifo_buffer_slid_window:1.0) from (Rev. 40) to (Rev. 46)






Copyright 1986-2020 Xilinx, Inc. All Rights Reserved.
------------------------------------------------------------------------------------
| Tool Version : Vivado v.2020.2 (win64) Build 3064766 Wed Nov 18 09:12:45 MST 2020
| Date         : Wed Sep 30 17:31:37 2026
| Host         : PC-Elvire running 64-bit major release  (build 9200)
| Command      : upgrade_ip
| Device       : xc7z010clg400-1
------------------------------------------------------------------------------------

Upgrade Log for IP 'Soc_Tracking_AXI4S_Overlay_AXI4L_0_0'

1. Summary
----------

SUCCESS in the upgrade of Soc_Tracking_AXI4S_Overlay_AXI4L_0_0 (xilinx.com:user:AXI4S_Overlay_AXI4L:1.0) from (Rev. 2) to (Rev. 3)






Copyright 1986-2020 Xilinx, Inc. All Rights Reserved.
------------------------------------------------------------------------------------
| Tool Version : Vivado v.2020.2 (win64) Build 3064766 Wed Nov 18 09:12:45 MST 2020
| Date         : Wed Sep 30 16:42:00 2026
| Host         : PC-Elvire running 64-bit major release  (build 9200)
| Command      : upgrade_ip
| Device       : xc7z010clg400-1
------------------------------------------------------------------------------------

Upgrade Log for IP 'Soc_Tracking_Video_TPG_0_0'

1. Summary
----------

CAUTION (success, with warnings) in the upgrade of Soc_Tracking_Video_TPG_0_0 (xilinx.com:user:Video_TPG:1.0) from (Rev. 4) to (Rev. 10)

After upgrade, an IP may have parameter and port differences compared to the original customization. Please review the parameters within the IP customization GUI to ensure proper functionality. Also, please review the updated IP instantiation template to ensure proper connectivity, and update your design if required.

2. Interface Information
------------------------

Detected external interface differences while upgrading 'Soc_Tracking_Video_TPG_0_0'.


-Upgrade has removed interface 'S_AXIS'

-Upgrade has removed interface 'S_AXIS_ACLK'

-Upgrade has removed interface 'S_AXIS_ARESETN'

-Upgrade has added interface 'M_AXIS' (xilinx.com:interface:axis:1.0)

-Upgrade has added interface 'M_AXIS_ACLK' (xilinx.com:signal:clock:1.0)

-Upgrade has added interface 'M_AXIS_ARESETN' (xilinx.com:signal:reset:1.0)


3. Connection Warnings
----------------------

Detected external port differences while upgrading 'Soc_Tracking_Video_TPG_0_0'. These changes may impact your design.


-Upgrade has removed port 'S_AXIS_ACLK'

-Upgrade has removed port 'S_AXIS_ARESETN'

-Upgrade has removed port 'S_AXIS_TDATA'

-Upgrade has removed port 'S_AXIS_TLAST'

-Upgrade has removed port 'S_AXIS_TREADY'

-Upgrade has removed port 'S_AXIS_TSTRB'

-Upgrade has removed port 'S_AXIS_TUSER'

-Upgrade has removed port 'S_AXIS_TVALID'

-Upgrade has added port 'M_AXIS_ACLK'

-Upgrade has added port 'M_AXIS_ARESETN'

-Upgrade has added port 'M_AXIS_TDATA'

-Upgrade has added port 'M_AXIS_TLAST'

-Upgrade has added port 'M_AXIS_TREADY'

-Upgrade has added port 'M_AXIS_TSTRB'

-Upgrade has added port 'M_AXIS_TUSER'

-Upgrade has added port 'M_AXIS_TVALID'







Copyright 1986-2020 Xilinx, Inc. All Rights Reserved.
------------------------------------------------------------------------------------
| Tool Version : Vivado v.2020.2 (win64) Build 3064766 Wed Nov 18 09:12:45 MST 2020
| Date         : Wed Sep 30 16:42:00 2026
| Host         : PC-Elvire running 64-bit major release  (build 9200)
| Command      : upgrade_ip
| Device       : xc7z010clg400-1
------------------------------------------------------------------------------------

Upgrade Log for IP 'Soc_Tracking_VGA_controller_0_0'

1. Summary
----------

SUCCESS in the upgrade of Soc_Tracking_VGA_controller_0_0 (xilinx.com:user:VGA_controller:1.0) from (Rev. 13) to (Rev. 15)






Copyright 1986-2020 Xilinx, Inc. All Rights Reserved.
------------------------------------------------------------------------------------
| Tool Version : Vivado v.2020.2 (win64) Build 3064766 Wed Nov 18 09:12:45 MST 2020
| Date         : Wed Sep 30 16:42:00 2026
| Host         : PC-Elvire running 64-bit major release  (build 9200)
| Command      : upgrade_ip
| Device       : xc7z010clg400-1
------------------------------------------------------------------------------------

Upgrade Log for IP 'Soc_Tracking_AXI4_Stream_RGB_to_g_0_0'

1. Summary
----------

SUCCESS in the upgrade of Soc_Tracking_AXI4_Stream_RGB_to_g_0_0 (xilinx.com:user:AXI4_Stream_RGB_to_grey:1.0) from (Rev. 8) to (Rev. 11)






Copyright 1986-2020 Xilinx, Inc. All Rights Reserved.
------------------------------------------------------------------------------------
| Tool Version : Vivado v.2020.2 (win64) Build 3064766 Wed Nov 18 09:12:45 MST 2020
| Date         : Wed Sep 30 16:42:00 2026
| Host         : PC-Elvire running 64-bit major release  (build 9200)
| Command      : upgrade_ip
| Device       : xc7z010clg400-1
------------------------------------------------------------------------------------

Upgrade Log for IP 'Soc_Tracking_AXI4S_fifo_buffer_sl_0_1'

1. Summary
----------

SUCCESS in the upgrade of Soc_Tracking_AXI4S_fifo_buffer_sl_0_1 (xilinx.com:user:AXI4S_fifo_buffer_slid_window:1.0) from (Rev. 36) to (Rev. 40)






Copyright 1986-2020 Xilinx, Inc. All Rights Reserved.
------------------------------------------------------------------------------------
| Tool Version : Vivado v.2020.2 (win64) Build 3064766 Wed Nov 18 09:12:45 MST 2020
| Date         : Wed Sep 30 16:42:00 2026
| Host         : PC-Elvire running 64-bit major release  (build 9200)
| Command      : upgrade_ip
| Device       : xc7z010clg400-1
------------------------------------------------------------------------------------

Upgrade Log for IP 'Soc_Tracking_AXI4S_fifo_buffer_sl_0_0'

1. Summary
----------

SUCCESS in the upgrade of Soc_Tracking_AXI4S_fifo_buffer_sl_0_0 (xilinx.com:user:AXI4S_fifo_buffer_slid_window:1.0) from (Rev. 36) to (Rev. 40)






Copyright 1986-2020 Xilinx, Inc. All Rights Reserved.
------------------------------------------------------------------------------------
| Tool Version : Vivado v.2020.2 (win64) Build 3064766 Wed Nov 18 09:12:45 MST 2020
| Date         : Wed Sep 30 16:42:00 2026
| Host         : PC-Elvire running 64-bit major release  (build 9200)
| Command      : upgrade_ip
| Device       : xc7z010clg400-1
------------------------------------------------------------------------------------

Upgrade Log for IP 'Soc_Tracking_AXI4S_Filter_0_1'

1. Summary
----------

SUCCESS in the upgrade of Soc_Tracking_AXI4S_Filter_0_1 (xilinx.com:user:AXI4S_Filter:1.0) from (Rev. 11) to (Rev. 13)






Copyright 1986-2020 Xilinx, Inc. All Rights Reserved.
------------------------------------------------------------------------------------
| Tool Version : Vivado v.2020.2 (win64) Build 3064766 Wed Nov 18 09:12:45 MST 2020
| Date         : Wed Sep 30 16:42:00 2026
| Host         : PC-Elvire running 64-bit major release  (build 9200)
| Command      : upgrade_ip
| Device       : xc7z010clg400-1
------------------------------------------------------------------------------------

Upgrade Log for IP 'Soc_Tracking_AXI4S_Filter_0_0'

1. Summary
----------

SUCCESS in the upgrade of Soc_Tracking_AXI4S_Filter_0_0 (xilinx.com:user:AXI4S_Filter:1.0) from (Rev. 11) to (Rev. 13)






Copyright 1986-2020 Xilinx, Inc. All Rights Reserved.
------------------------------------------------------------------------------------
| Tool Version : Vivado v.2020.2 (win64) Build 3064766 Wed Nov 18 09:12:45 MST 2020
| Date         : Fri Sep 25 10:55:01 2026
| Host         : PC-Elvire running 64-bit major release  (build 9200)
| Command      : upgrade_ip
| Device       : xc7z010clg400-1
------------------------------------------------------------------------------------

Upgrade Log for IP 'Soc_Tracking_AXI4S_Filter_0_1'

1. Summary
----------

SUCCESS in the upgrade of Soc_Tracking_AXI4S_Filter_0_1 (xilinx.com:user:AXI4S_Filter:1.0) from (Rev. 8) to (Rev. 11)






Copyright 1986-2020 Xilinx, Inc. All Rights Reserved.
------------------------------------------------------------------------------------
| Tool Version : Vivado v.2020.2 (win64) Build 3064766 Wed Nov 18 09:12:45 MST 2020
| Date         : Fri Sep 25 10:55:01 2026
| Host         : PC-Elvire running 64-bit major release  (build 9200)
| Command      : upgrade_ip
| Device       : xc7z010clg400-1
------------------------------------------------------------------------------------

Upgrade Log for IP 'Soc_Tracking_AXI4S_Filter_0_0'

1. Summary
----------

SUCCESS in the upgrade of Soc_Tracking_AXI4S_Filter_0_0 (xilinx.com:user:AXI4S_Filter:1.0) from (Rev. 8) to (Rev. 11)






Copyright 1986-2020 Xilinx, Inc. All Rights Reserved.
------------------------------------------------------------------------------------
| Tool Version : Vivado v.2020.2 (win64) Build 3064766 Wed Nov 18 09:12:45 MST 2020
| Date         : Thu Sep 24 17:54:48 2026
| Host         : PC-Elvire running 64-bit major release  (build 9200)
| Command      : upgrade_ip
| Device       : xc7z010clg400-1
------------------------------------------------------------------------------------

Upgrade Log for IP 'Soc_Tracking_AXI4S_fifo_buffer_sl_0_1'

1. Summary
----------

SUCCESS in the upgrade of Soc_Tracking_AXI4S_fifo_buffer_sl_0_1 (xilinx.com:user:AXI4S_fifo_buffer_slid_window:1.0) from (Rev. 7) to (Rev. 36)






Copyright 1986-2020 Xilinx, Inc. All Rights Reserved.
------------------------------------------------------------------------------------
| Tool Version : Vivado v.2020.2 (win64) Build 3064766 Wed Nov 18 09:12:45 MST 2020
| Date         : Thu Sep 24 17:54:48 2026
| Host         : PC-Elvire running 64-bit major release  (build 9200)
| Command      : upgrade_ip
| Device       : xc7z010clg400-1
------------------------------------------------------------------------------------

Upgrade Log for IP 'Soc_Tracking_AXI4S_fifo_buffer_sl_0_0'

1. Summary
----------

SUCCESS in the upgrade of Soc_Tracking_AXI4S_fifo_buffer_sl_0_0 (xilinx.com:user:AXI4S_fifo_buffer_slid_window:1.0) from (Rev. 7) to (Rev. 36)






Copyright 1986-2020 Xilinx, Inc. All Rights Reserved.
------------------------------------------------------------------------------------
| Tool Version : Vivado v.2020.2 (win64) Build 3064766 Wed Nov 18 09:12:45 MST 2020
| Date         : Thu Sep 24 17:54:48 2026
| Host         : PC-Elvire running 64-bit major release  (build 9200)
| Command      : upgrade_ip
| Device       : xc7z010clg400-1
------------------------------------------------------------------------------------

Upgrade Log for IP 'Soc_Tracking_AXI4S_Filter_0_1'

1. Summary
----------

CAUTION (success, with warnings) in the upgrade of Soc_Tracking_AXI4S_Filter_0_1 (xilinx.com:user:AXI4S_Filter:1.0) from (Rev. 4) to (Rev. 8)

After upgrade, an IP may have parameter and port differences compared to the original customization. Please review the parameters within the IP customization GUI to ensure proper functionality. Also, please review the updated IP instantiation template to ensure proper connectivity, and update your design if required.

2. Interface Information
------------------------

Detected external interface differences while upgrading 'Soc_Tracking_AXI4S_Filter_0_1'.


-Upgrade has added interface 'm00_axis_aclk' (xilinx.com:signal:clock:1.0)

-Upgrade has added interface 'm00_axis_aresetn' (xilinx.com:signal:reset:1.0)

-Upgrade has added interface 's00_axis_aclk' (xilinx.com:signal:clock:1.0)

-Upgrade has added interface 's00_axis_aresetn' (xilinx.com:signal:reset:1.0)


3. Connection Warnings
----------------------

Detected external port differences while upgrading 'Soc_Tracking_AXI4S_Filter_0_1'. These changes may impact your design.


-Upgrade has added port 'm00_axis_aclk'

-Upgrade has added port 'm00_axis_aresetn'

-Upgrade has added port 's00_axis_aclk'

-Upgrade has added port 's00_axis_aresetn'







Copyright 1986-2020 Xilinx, Inc. All Rights Reserved.
------------------------------------------------------------------------------------
| Tool Version : Vivado v.2020.2 (win64) Build 3064766 Wed Nov 18 09:12:45 MST 2020
| Date         : Thu Sep 24 17:54:48 2026
| Host         : PC-Elvire running 64-bit major release  (build 9200)
| Command      : upgrade_ip
| Device       : xc7z010clg400-1
------------------------------------------------------------------------------------

Upgrade Log for IP 'Soc_Tracking_AXI4S_Filter_0_0'

1. Summary
----------

CAUTION (success, with warnings) in the upgrade of Soc_Tracking_AXI4S_Filter_0_0 (xilinx.com:user:AXI4S_Filter:1.0) from (Rev. 4) to (Rev. 8)

After upgrade, an IP may have parameter and port differences compared to the original customization. Please review the parameters within the IP customization GUI to ensure proper functionality. Also, please review the updated IP instantiation template to ensure proper connectivity, and update your design if required.

2. Interface Information
------------------------

Detected external interface differences while upgrading 'Soc_Tracking_AXI4S_Filter_0_0'.


-Upgrade has added interface 'm00_axis_aclk' (xilinx.com:signal:clock:1.0)

-Upgrade has added interface 'm00_axis_aresetn' (xilinx.com:signal:reset:1.0)

-Upgrade has added interface 's00_axis_aclk' (xilinx.com:signal:clock:1.0)

-Upgrade has added interface 's00_axis_aresetn' (xilinx.com:signal:reset:1.0)


3. Connection Warnings
----------------------

Detected external port differences while upgrading 'Soc_Tracking_AXI4S_Filter_0_0'. These changes may impact your design.


-Upgrade has added port 'm00_axis_aclk'

-Upgrade has added port 'm00_axis_aresetn'

-Upgrade has added port 's00_axis_aclk'

-Upgrade has added port 's00_axis_aresetn'







Copyright 1986-2020 Xilinx, Inc. All Rights Reserved.
------------------------------------------------------------------------------------
| Tool Version : Vivado v.2020.2 (win64) Build 3064766 Wed Nov 18 09:12:45 MST 2020
| Date         : Tue Sep 22 17:15:44 2026
| Host         : PC-Elvire running 64-bit major release  (build 9200)
| Command      : upgrade_ip
| Device       : xc7z010clg400-1
------------------------------------------------------------------------------------

Upgrade Log for IP 'Soc_Tracking_AXI4S_fifo_buffer_sl_0_1'

1. Summary
----------

SUCCESS in the upgrade of Soc_Tracking_AXI4S_fifo_buffer_sl_0_1 (xilinx.com:user:AXI4S_fifo_buffer_slid_window:1.0) from (Rev. 4) to (Rev. 7)






Copyright 1986-2020 Xilinx, Inc. All Rights Reserved.
------------------------------------------------------------------------------------
| Tool Version : Vivado v.2020.2 (win64) Build 3064766 Wed Nov 18 09:12:45 MST 2020
| Date         : Tue Sep 22 17:15:44 2026
| Host         : PC-Elvire running 64-bit major release  (build 9200)
| Command      : upgrade_ip
| Device       : xc7z010clg400-1
------------------------------------------------------------------------------------

Upgrade Log for IP 'Soc_Tracking_AXI4S_fifo_buffer_sl_0_0'

1. Summary
----------

SUCCESS in the upgrade of Soc_Tracking_AXI4S_fifo_buffer_sl_0_0 (xilinx.com:user:AXI4S_fifo_buffer_slid_window:1.0) from (Rev. 4) to (Rev. 7)






Copyright 1986-2020 Xilinx, Inc. All Rights Reserved.
------------------------------------------------------------------------------------
| Tool Version : Vivado v.2020.2 (win64) Build 3064766 Wed Nov 18 09:12:45 MST 2020
| Date         : Tue Sep 22 15:15:28 2026
| Host         : PC-Elvire running 64-bit major release  (build 9200)
| Command      : upgrade_ip
| Device       : xc7z010clg400-1
------------------------------------------------------------------------------------

Upgrade Log for IP 'Soc_Tracking_AXI4S_fifo_buffer_sl_0_0'

1. Summary
----------

SUCCESS in the upgrade of Soc_Tracking_AXI4S_fifo_buffer_sl_0_0 (xilinx.com:user:AXI4S_fifo_buffer_slid_window:1.0) from (Rev. 3) to (Rev. 4)






Copyright 1986-2020 Xilinx, Inc. All Rights Reserved.
------------------------------------------------------------------------------------
| Tool Version : Vivado v.2020.2 (win64) Build 3064766 Wed Nov 18 09:12:45 MST 2020
| Date         : Fri Sep 18 17:43:48 2026
| Host         : PC-Elvire running 64-bit major release  (build 9200)
| Command      : upgrade_ip
| Device       : xc7z010clg400-1
------------------------------------------------------------------------------------

Upgrade Log for IP 'Soc_Tracking_AXI4S_Filter_0_1'

1. Summary
----------

SUCCESS in the upgrade of Soc_Tracking_AXI4S_Filter_0_1 (xilinx.com:user:AXI4S_Filter:1.0) from (Rev. 3) to (Rev. 4)






Copyright 1986-2020 Xilinx, Inc. All Rights Reserved.
------------------------------------------------------------------------------------
| Tool Version : Vivado v.2020.2 (win64) Build 3064766 Wed Nov 18 09:12:45 MST 2020
| Date         : Fri Sep 18 17:43:48 2026
| Host         : PC-Elvire running 64-bit major release  (build 9200)
| Command      : upgrade_ip
| Device       : xc7z010clg400-1
------------------------------------------------------------------------------------

Upgrade Log for IP 'Soc_Tracking_AXI4S_Filter_0_0'

1. Summary
----------

SUCCESS in the upgrade of Soc_Tracking_AXI4S_Filter_0_0 (xilinx.com:user:AXI4S_Filter:1.0) from (Rev. 3) to (Rev. 4)






Copyright 1986-2020 Xilinx, Inc. All Rights Reserved.
------------------------------------------------------------------------------------
| Tool Version : Vivado v.2020.2 (win64) Build 3064766 Wed Nov 18 09:12:45 MST 2020
| Date         : Thu Sep 17 16:56:24 2026
| Host         : PC-Elvire running 64-bit major release  (build 9200)
| Command      : upgrade_ip
| Device       : xc7z010clg400-1
------------------------------------------------------------------------------------

Upgrade Log for IP 'Soc_Tracking_AXI4S_Line_buf_Slid_0_0'

1. Summary
----------

SUCCESS in the upgrade of Soc_Tracking_AXI4S_Line_buf_Slid_0_0 (xilinx.com:user:AXI4S_Line_buf_Slid_window:1.0) from (Rev. 17) to (Rev. 18)






Copyright 1986-2020 Xilinx, Inc. All Rights Reserved.
------------------------------------------------------------------------------------
| Tool Version : Vivado v.2020.2 (win64) Build 3064766 Wed Nov 18 09:12:45 MST 2020
| Date         : Thu Sep 17 15:12:25 2026
| Host         : PC-Elvire running 64-bit major release  (build 9200)
| Command      : upgrade_ip
| Device       : xc7z010clg400-1
------------------------------------------------------------------------------------

Upgrade Log for IP 'Soc_Tracking_AXI4S_Line_buf_Slid_0_0'

1. Summary
----------

SUCCESS in the upgrade of Soc_Tracking_AXI4S_Line_buf_Slid_0_0 (xilinx.com:user:AXI4S_Line_buf_Slid_window:1.0) from (Rev. 16) to (Rev. 17)






Copyright 1986-2020 Xilinx, Inc. All Rights Reserved.
------------------------------------------------------------------------------------
| Tool Version : Vivado v.2020.2 (win64) Build 3064766 Wed Nov 18 09:12:45 MST 2020
| Date         : Thu Sep 17 14:47:57 2026
| Host         : PC-Elvire running 64-bit major release  (build 9200)
| Command      : upgrade_ip
| Device       : xc7z010clg400-1
------------------------------------------------------------------------------------

Upgrade Log for IP 'Soc_Tracking_AXI4S_Line_buf_Slid_0_0'

1. Summary
----------

CAUTION (success, with warnings) in the upgrade of Soc_Tracking_AXI4S_Line_buf_Slid_0_0 (xilinx.com:user:AXI4S_Line_buf_Slid_window:1.0) from (Rev. 3) to (Rev. 16)

After upgrade, an IP may have parameter and port differences compared to the original customization. Please review the parameters within the IP customization GUI to ensure proper functionality. Also, please review the updated IP instantiation template to ensure proper connectivity, and update your design if required.

2. Connection Warnings
----------------------

Detected external port differences while upgrading 'Soc_Tracking_AXI4S_Line_buf_Slid_0_0'. These changes may impact your design.


-Upgrade has added port 'm00_axis_tuser'

-Upgrade has added port 's00_axis_tuser'







Copyright 1986-2020 Xilinx, Inc. All Rights Reserved.
------------------------------------------------------------------------------------
| Tool Version : Vivado v.2020.2 (win64) Build 3064766 Wed Nov 18 09:12:45 MST 2020
| Date         : Fri Sep 11 11:32:08 2026
| Host         : PC-Elvire running 64-bit major release  (build 9200)
| Command      : upgrade_ip
| Device       : xc7z010clg400-1
------------------------------------------------------------------------------------

Upgrade Log for IP 'Soc_Tracking_AXI4_Stream_RGB_to_g_0_0'

1. Summary
----------

CAUTION (success, with warnings) in the upgrade of Soc_Tracking_AXI4_Stream_RGB_to_g_0_0 (xilinx.com:user:AXI4_Stream_RGB_to_grey:1.0) from (Rev. 2) to (Rev. 8)

After upgrade, an IP may have parameter and port differences compared to the original customization. Please review the parameters within the IP customization GUI to ensure proper functionality. Also, please review the updated IP instantiation template to ensure proper connectivity, and update your design if required.

2. Connection Warnings
----------------------

Detected external port differences while upgrading 'Soc_Tracking_AXI4_Stream_RGB_to_g_0_0'. These changes may impact your design.


-Upgrade has added port 'm00_axis_tkeep'

-Upgrade has added port 'm00_axis_tuser'

-Upgrade has added port 's00_axis_tkeep'

-Upgrade has added port 's00_axis_tuser'







Copyright 1986-2020 Xilinx, Inc. All Rights Reserved.
------------------------------------------------------------------------------------
| Tool Version : Vivado v.2020.2 (win64) Build 3064766 Wed Nov 18 09:12:45 MST 2020
| Date         : Wed Sep  9 17:08:22 2026
| Host         : PC-Elvire running 64-bit major release  (build 9200)
| Command      : upgrade_ip
| Device       : xc7z010clg400-1
------------------------------------------------------------------------------------

Upgrade Log for IP 'Soc_Tracking_video_input_register_0_0'

1. Summary
----------

SUCCESS in the conversion of Soc_Tracking_video_input_register_0_0 (xilinx.com:user:video_input_register:1.0 (Rev. 2)) to Vivado generation flows.






Copyright 1986-2020 Xilinx, Inc. All Rights Reserved.
------------------------------------------------------------------------------------
| Tool Version : Vivado v.2020.2 (win64) Build 3064766 Wed Nov 18 09:12:45 MST 2020
| Date         : Wed Sep  9 15:37:08 2026
| Host         : PC-Elvire running 64-bit major release  (build 9200)
| Command      : upgrade_ip
| Device       : xc7z010clg400-1
------------------------------------------------------------------------------------

Upgrade Log for IP 'Soc_Tracking_video_input_register_0_0'

1. Summary
----------

SUCCESS in the conversion of Soc_Tracking_video_input_register_0_0 (xilinx.com:user:video_input_register:1.0 (Rev. 2)) to Vivado generation flows.






Copyright 1986-2020 Xilinx, Inc. All Rights Reserved.
------------------------------------------------------------------------------------
| Tool Version : Vivado v.2020.2 (win64) Build 3064766 Wed Nov 18 09:12:45 MST 2020
| Date         : Wed Sep  9 14:52:04 2026
| Host         : PC-Elvire running 64-bit major release  (build 9200)
| Command      : upgrade_ip
| Device       : xc7z010clg400-1
------------------------------------------------------------------------------------

Upgrade Log for IP 'Soc_Tracking_video_input_register_0_0'

1. Summary
----------

SUCCESS in the conversion of Soc_Tracking_video_input_register_0_0 (xilinx.com:user:video_input_register:1.0 (Rev. 2)) to Vivado generation flows.






Copyright 1986-2020 Xilinx, Inc. All Rights Reserved.
------------------------------------------------------------------------------------
| Tool Version : Vivado v.2020.2 (win64) Build 3064766 Wed Nov 18 09:12:45 MST 2020
| Date         : Wed Sep  9 12:44:38 2026
| Host         : PC-Elvire running 64-bit major release  (build 9200)
| Command      : upgrade_ip
| Device       : xc7z010clg400-1
------------------------------------------------------------------------------------

Upgrade Log for IP 'Soc_Tracking_video_input_register_0_0'

1. Summary
----------

SUCCESS in the conversion of Soc_Tracking_video_input_register_0_0 (xilinx.com:user:video_input_register:1.0 (Rev. 2)) to Vivado generation flows.






Copyright 1986-2020 Xilinx, Inc. All Rights Reserved.
------------------------------------------------------------------------------------
| Tool Version : Vivado v.2020.2 (win64) Build 3064766 Wed Nov 18 09:12:45 MST 2020
| Date         : Tue Sep  8 11:55:34 2026
| Host         : PC-Elvire running 64-bit major release  (build 9200)
| Command      : upgrade_ip
| Device       : xc7z010clg400-1
------------------------------------------------------------------------------------

Upgrade Log for IP 'Soc_Tracking_DMA_controller_0_0'

1. Summary
----------

SUCCESS in the upgrade of Soc_Tracking_DMA_controller_0_0 (xilinx.com:user:DMA_controller:1.0) from (Rev. 2) to (Rev. 3)






Copyright 1986-2020 Xilinx, Inc. All Rights Reserved.
------------------------------------------------------------------------------------
| Tool Version : Vivado v.2020.2 (win64) Build 3064766 Wed Nov 18 09:12:45 MST 2020
| Date         : Mon Sep  7 15:04:13 2026
| Host         : PC-Elvire running 64-bit major release  (build 9200)
| Command      : upgrade_ip
| Device       : xc7z010clg400-1
------------------------------------------------------------------------------------

Upgrade Log for IP 'Soc_Tracking_Video_TPG_0_0'

1. Summary
----------

SUCCESS in the upgrade of Soc_Tracking_Video_TPG_0_0 (xilinx.com:user:Video_TPG:1.0) from (Rev. 3) to (Rev. 4)






Copyright 1986-2020 Xilinx, Inc. All Rights Reserved.
------------------------------------------------------------------------------------
| Tool Version : Vivado v.2020.2 (win64) Build 3064766 Wed Nov 18 09:12:45 MST 2020
| Date         : Mon Sep  7 11:51:33 2026
| Host         : PC-Elvire running 64-bit major release  (build 9200)
| Command      : upgrade_ip
| Device       : xc7z010clg400-1
------------------------------------------------------------------------------------

Upgrade Log for IP 'Soc_Tracking_VGA_controller_0_0'

1. Summary
----------

SUCCESS in the upgrade of Soc_Tracking_VGA_controller_0_0 (xilinx.com:user:VGA_controller:1.0) from (Rev. 12) to (Rev. 13)






Copyright 1986-2020 Xilinx, Inc. All Rights Reserved.
------------------------------------------------------------------------------------
| Tool Version : Vivado v.2020.2 (win64) Build 3064766 Wed Nov 18 09:12:45 MST 2020
| Date         : Mon Sep  7 11:37:26 2026
| Host         : PC-Elvire running 64-bit major release  (build 9200)
| Command      : upgrade_ip
| Device       : xc7z010clg400-1
------------------------------------------------------------------------------------

Upgrade Log for IP 'Soc_Tracking_VGA_controller_0_0'

1. Summary
----------

SUCCESS in the upgrade of Soc_Tracking_VGA_controller_0_0 (xilinx.com:user:VGA_controller:1.0) from (Rev. 11) to (Rev. 12)






Copyright 1986-2020 Xilinx, Inc. All Rights Reserved.
------------------------------------------------------------------------------------
| Tool Version : Vivado v.2020.2 (win64) Build 3064766 Wed Nov 18 09:12:45 MST 2020
| Date         : Mon Sep  7 11:14:37 2026
| Host         : PC-Elvire running 64-bit major release  (build 9200)
| Command      : upgrade_ip
| Device       : xc7z010clg400-1
------------------------------------------------------------------------------------

Upgrade Log for IP 'Soc_Tracking_VGA_controller_0_0'

1. Summary
----------

SUCCESS in the upgrade of Soc_Tracking_VGA_controller_0_0 (xilinx.com:user:VGA_controller:1.0) from (Rev. 10) to (Rev. 11)






Copyright 1986-2020 Xilinx, Inc. All Rights Reserved.
------------------------------------------------------------------------------------
| Tool Version : Vivado v.2020.2 (win64) Build 3064766 Wed Nov 18 09:12:45 MST 2020
| Date         : Mon Sep  7 11:13:39 2026
| Host         : PC-Elvire running 64-bit major release  (build 9200)
| Command      : upgrade_ip
| Device       : xc7z010clg400-1
------------------------------------------------------------------------------------

Upgrade Log for IP 'Soc_Tracking_VGA_controller_0_0'

1. Summary
----------

SUCCESS in the conversion of Soc_Tracking_VGA_controller_0_0 (xilinx.com:user:VGA_controller:1.0 (Rev. 10)) to Vivado generation flows.






Copyright 1986-2020 Xilinx, Inc. All Rights Reserved.
------------------------------------------------------------------------------------
| Tool Version : Vivado v.2020.2 (win64) Build 3064766 Wed Nov 18 09:12:45 MST 2020
| Date         : Mon Sep  7 10:58:44 2026
| Host         : PC-Elvire running 64-bit major release  (build 9200)
| Command      : upgrade_ip
| Device       : xc7z010clg400-1
------------------------------------------------------------------------------------

Upgrade Log for IP 'Soc_Tracking_VGA_controller_0_0'

1. Summary
----------

SUCCESS in the upgrade of Soc_Tracking_VGA_controller_0_0 (xilinx.com:user:VGA_controller:1.0) from (Rev. 9) to (Rev. 10)






Copyright 1986-2020 Xilinx, Inc. All Rights Reserved.
------------------------------------------------------------------------------------
| Tool Version : Vivado v.2020.2 (win64) Build 3064766 Wed Nov 18 09:12:45 MST 2020
| Date         : Mon Sep  7 10:41:56 2026
| Host         : PC-Elvire running 64-bit major release  (build 9200)
| Command      : upgrade_ip
| Device       : xc7z010clg400-1
------------------------------------------------------------------------------------

Upgrade Log for IP 'Soc_Tracking_VGA_controller_0_0'

1. Summary
----------

SUCCESS in the upgrade of Soc_Tracking_VGA_controller_0_0 (xilinx.com:user:VGA_controller:1.0) from (Rev. 8) to (Rev. 9)






Copyright 1986-2020 Xilinx, Inc. All Rights Reserved.
------------------------------------------------------------------------------------
| Tool Version : Vivado v.2020.2 (win64) Build 3064766 Wed Nov 18 09:12:45 MST 2020
| Date         : Fri Sep  4 18:12:39 2026
| Host         : PC-Elvire running 64-bit major release  (build 9200)
| Command      : upgrade_ip
| Device       : xc7z010clg400-1
------------------------------------------------------------------------------------

Upgrade Log for IP 'Soc_Tracking_VGA_controller_0_0'

1. Summary
----------

SUCCESS in the upgrade of Soc_Tracking_VGA_controller_0_0 (xilinx.com:user:VGA_controller:1.0) from (Rev. 7) to (Rev. 8)






Copyright 1986-2020 Xilinx, Inc. All Rights Reserved.
------------------------------------------------------------------------------------
| Tool Version : Vivado v.2020.2 (win64) Build 3064766 Wed Nov 18 09:12:45 MST 2020
| Date         : Fri Sep  4 17:28:05 2026
| Host         : PC-Elvire running 64-bit major release  (build 9200)
| Command      : upgrade_ip
| Device       : xc7z010clg400-1
------------------------------------------------------------------------------------

Upgrade Log for IP 'Soc_Tracking_VGA_controller_0_0'

1. Summary
----------

SUCCESS in the upgrade of Soc_Tracking_VGA_controller_0_0 (xilinx.com:user:VGA_controller:1.0) from (Rev. 6) to (Rev. 7)






Copyright 1986-2020 Xilinx, Inc. All Rights Reserved.
------------------------------------------------------------------------------------
| Tool Version : Vivado v.2020.2 (win64) Build 3064766 Wed Nov 18 09:12:45 MST 2020
| Date         : Fri Sep  4 16:48:47 2026
| Host         : PC-Elvire running 64-bit major release  (build 9200)
| Command      : upgrade_ip
| Device       : xc7z010clg400-1
------------------------------------------------------------------------------------

Upgrade Log for IP 'Soc_Tracking_VGA_controller_0_0'

1. Summary
----------

SUCCESS in the upgrade of Soc_Tracking_VGA_controller_0_0 (xilinx.com:user:VGA_controller:1.0) from (Rev. 5) to (Rev. 6)






Copyright 1986-2020 Xilinx, Inc. All Rights Reserved.
------------------------------------------------------------------------------------
| Tool Version : Vivado v.2020.2 (win64) Build 3064766 Wed Nov 18 09:12:45 MST 2020
| Date         : Fri Sep  4 16:44:06 2026
| Host         : PC-Elvire running 64-bit major release  (build 9200)
| Command      : upgrade_ip
| Device       : xc7z010clg400-1
------------------------------------------------------------------------------------

Upgrade Log for IP 'Soc_Tracking_VGA_controller_0_0'

1. Summary
----------

SUCCESS in the upgrade of Soc_Tracking_VGA_controller_0_0 (xilinx.com:user:VGA_controller:1.0) from (Rev. 4) to (Rev. 5)






Copyright 1986-2020 Xilinx, Inc. All Rights Reserved.
------------------------------------------------------------------------------------
| Tool Version : Vivado v.2020.2 (win64) Build 3064766 Wed Nov 18 09:12:45 MST 2020
| Date         : Fri Sep  4 16:29:25 2026
| Host         : PC-Elvire running 64-bit major release  (build 9200)
| Command      : upgrade_ip
| Device       : xc7z010clg400-1
------------------------------------------------------------------------------------

Upgrade Log for IP 'Soc_Tracking_Video_TPG_0_0'

1. Summary
----------

SUCCESS in the upgrade of Soc_Tracking_Video_TPG_0_0 (xilinx.com:user:Video_TPG:1.0) from (Rev. 2) to (Rev. 3)






Copyright 1986-2020 Xilinx, Inc. All Rights Reserved.
------------------------------------------------------------------------------------
| Tool Version : Vivado v.2020.2 (win64) Build 3064766 Wed Nov 18 09:12:45 MST 2020
| Date         : Fri Sep  4 16:29:25 2026
| Host         : PC-Elvire running 64-bit major release  (build 9200)
| Command      : upgrade_ip
| Device       : xc7z010clg400-1
------------------------------------------------------------------------------------

Upgrade Log for IP 'Soc_Tracking_VGA_controller_0_0'

1. Summary
----------

SUCCESS in the upgrade of Soc_Tracking_VGA_controller_0_0 (xilinx.com:user:VGA_controller:1.0) from (Rev. 3) to (Rev. 4)






Copyright 1986-2020 Xilinx, Inc. All Rights Reserved.
------------------------------------------------------------------------------------
| Tool Version : Vivado v.2020.2 (win64) Build 3064766 Wed Nov 18 09:12:45 MST 2020
| Date         : Fri Sep  4 16:16:18 2026
| Host         : PC-Elvire running 64-bit major release  (build 9200)
| Command      : upgrade_ip
| Device       : xc7z010clg400-1
------------------------------------------------------------------------------------

Upgrade Log for IP 'Soc_Tracking_VGA_controller_0_0'

1. Summary
----------

SUCCESS in the conversion of Soc_Tracking_VGA_controller_0_0 (xilinx.com:user:VGA_controller:1.0 (Rev. 3)) to Vivado generation flows.






Copyright 1986-2020 Xilinx, Inc. All Rights Reserved.
------------------------------------------------------------------------------------
| Tool Version : Vivado v.2020.2 (win64) Build 3064766 Wed Nov 18 09:12:45 MST 2020
| Date         : Fri Sep  4 14:53:12 2026
| Host         : PC-Elvire running 64-bit major release  (build 9200)
| Command      : upgrade_ip
| Device       : xc7z010clg400-1
------------------------------------------------------------------------------------

Upgrade Log for IP 'Soc_Tracking_VGA_controller_0_0'

1. Summary
----------

CAUTION (success, with warnings) in the upgrade of Soc_Tracking_VGA_controller_0_0 (xilinx.com:user:VGA_controller:1.0) from (Rev. 2) to (Rev. 3)

After upgrade, an IP may have parameter and port differences compared to the original customization. Please review the parameters within the IP customization GUI to ensure proper functionality. Also, please review the updated IP instantiation template to ensure proper connectivity, and update your design if required.

2. Connection Warnings
----------------------

Detected external port differences while upgrading 'Soc_Tracking_VGA_controller_0_0'. These changes may impact your design.


-Upgrade has added port 'S_AXIS_TUSER'







Copyright 1986-2020 Xilinx, Inc. All Rights Reserved.
------------------------------------------------------------------------------------
| Tool Version : Vivado v.2020.2 (win64) Build 3064766 Wed Nov 18 09:12:45 MST 2020
| Date         : Fri Sep  4 13:55:23 2026
| Host         : PC-Elvire running 64-bit major release  (build 9200)
| Command      : upgrade_ip
| Device       : xc7z010clg400-1
------------------------------------------------------------------------------------

Upgrade Log for IP 'Soc_Tracking_VGA_controller_0_0'

1. Summary
----------

SUCCESS in the conversion of Soc_Tracking_VGA_controller_0_0 (xilinx.com:user:VGA_controller:1.0 (Rev. 2)) to Vivado generation flows.

