#-----------------------------------------------------------
# Vivado v2020.2 (64-bit)
# SW Build 3064766 on Wed Nov 18 09:12:45 MST 2020
# IP Build 3064653 on Wed Nov 18 14:17:31 MST 2020
# Start of session at: Wed Sep  9 09:35:36 2026
# Process ID: 20832
# Current directory: C:/Users/vladi/Documents/Travail/Formation_AJC-Expleo/Projet/PL
# Command line: vivado.exe -gui_launcher_event rodinguilauncherevent25424 C:\Users\vladi\Documents\Travail\Formation_AJC-Expleo\Projet\PL\Soc_Tracking.xpr
# Log file: C:/Users/vladi/Documents/Travail/Formation_AJC-Expleo/Projet/PL/vivado.log
# Journal file: C:/Users/vladi/Documents/Travail/Formation_AJC-Expleo/Projet/PL\vivado.jou
#-----------------------------------------------------------
start_gui
open_project C:/Users/vladi/Documents/Travail/Formation_AJC-Expleo/Projet/PL/Soc_Tracking.xpr
Scanning sources...
Finished scanning sources
INFO: [IP_Flow 19-234] Refreshing IP repositories
INFO: [IP_Flow 19-1700] Loaded user IP repository 'c:/Users/vladi/Documents/Travail/Formation_AJC-Expleo/Projet/MyIPs'.
INFO: [IP_Flow 19-2313] Loaded Vivado IP repository 'E:/Xilinx/Vivado/2020.2/data/ip'.
open_project: Time (s): cpu = 00:00:18 ; elapsed = 00:00:14 . Memory (MB): peak = 1085.703 ; gain = 0.000
update_compile_order -fileset sources_1
open_bd_design {C:/Users/vladi/Documents/Travail/Formation_AJC-Expleo/Projet/PL/Soc_Tracking.srcs/sources_1/bd/Soc_Tracking/Soc_Tracking.bd}
Reading block design file <C:/Users/vladi/Documents/Travail/Formation_AJC-Expleo/Projet/PL/Soc_Tracking.srcs/sources_1/bd/Soc_Tracking/Soc_Tracking.bd>...
Adding component instance block -- xilinx.com:ip:processing_system7:5.5 - processing_system7_0
Adding component instance block -- xilinx.com:ip:axi_interconnect:2.1 - ps7_0_axi_periph
Adding component instance block -- xilinx.com:ip:axi_crossbar:2.1 - xbar
Adding component instance block -- xilinx.com:ip:axi_protocol_converter:2.1 - auto_pc
Adding component instance block -- xilinx.com:ip:axi_dwidth_converter:2.1 - auto_us
Adding component instance block -- xilinx.com:ip:axi_dwidth_converter:2.1 - auto_ds
Adding component instance block -- xilinx.com:ip:axi_protocol_converter:2.1 - auto_pc
Adding component instance block -- xilinx.com:ip:proc_sys_reset:5.0 - rst_ps7_0_100M
Adding component instance block -- xilinx.com:user:VGA_controller:1.0 - VGA_controller_0
Adding component instance block -- xilinx.com:user:DMA_controller:1.0 - DMA_controller_0
Adding component instance block -- xilinx.com:hls:DMA24bUnit_mm2s:1.0 - DMA24bUnit_mm2s_0
Excluding slave segment /processing_system7_0/S_AXI_HP0/HP0_DDR_LOWOCM from address space /processing_system7_0/Data.
Successfully read diagram <Soc_Tracking> from block design file <C:/Users/vladi/Documents/Travail/Formation_AJC-Expleo/Projet/PL/Soc_Tracking.srcs/sources_1/bd/Soc_Tracking/Soc_Tracking.bd>
open_bd_design: Time (s): cpu = 00:00:08 ; elapsed = 00:00:08 . Memory (MB): peak = 1085.703 ; gain = 0.000
create_peripheral xilinx.com user video_input_register 1.0 -dir C:/Users/vladi/Documents/Travail/Formation_AJC-Expleo/Projet/PL/../ip_repo
add_peripheral_interface S00_AXI -interface_mode slave -axi_type lite [ipx::find_open_core xilinx.com:user:video_input_register:1.0]
generate_peripheral -driver -bfm_example_design -debug_hw_example_design [ipx::find_open_core xilinx.com:user:video_input_register:1.0]
write_peripheral [ipx::find_open_core xilinx.com:user:video_input_register:1.0]
set_property  ip_repo_paths  {C:/Users/vladi/Documents/Travail/Formation_AJC-Expleo/Projet/PL/../ip_repo/video_input_register_1.0 C:/Users/vladi/Documents/Travail/Formation_AJC-Expleo/Projet/MyIPs} [current_project]
update_ip_catalog -rebuild
INFO: [IP_Flow 19-234] Refreshing IP repositories
INFO: [IP_Flow 19-1700] Loaded user IP repository 'c:/Users/vladi/Documents/Travail/Formation_AJC-Expleo/Projet/ip_repo/video_input_register_1.0'.
INFO: [IP_Flow 19-1700] Loaded user IP repository 'c:/Users/vladi/Documents/Travail/Formation_AJC-Expleo/Projet/MyIPs'.
ipx::edit_ip_in_project -upgrade true -name video_input_register_v1_0_project -directory C:/Users/vladi/Documents/Travail/Formation_AJC-Expleo/Projet/PL/Soc_Tracking.tmp/video_input_register_v1_0_project c:/Users/vladi/Documents/Travail/Formation_AJC-Expleo/Projet/ip_repo/video_input_register_1.0/component.xml
INFO: [ProjectBase 1-489] The host OS only allows 260 characters in a normal path. The project is stored in a path with more than 80 characters. If you experience issues with IP, Block Designs, or files not being found, please consider moving the project to a location with a shorter path. Alternately consider using the OS subst command to map part of the path to a drive letter.
Current project path is 'c:/users/vladi/documents/travail/formation_ajc-expleo/projet/pl/soc_tracking.tmp/video_input_register_v1_0_project'
INFO: [IP_Flow 19-234] Refreshing IP repositories
INFO: [IP_Flow 19-1704] No user IP repositories specified
INFO: [IP_Flow 19-2313] Loaded Vivado IP repository 'E:/Xilinx/Vivado/2020.2/data/ip'.
create_project: Time (s): cpu = 00:00:07 ; elapsed = 00:00:05 . Memory (MB): peak = 1274.809 ; gain = 0.000
INFO: [IP_Flow 19-234] Refreshing IP repositories
INFO: [IP_Flow 19-1700] Loaded user IP repository 'c:/Users/vladi/Documents/Travail/Formation_AJC-Expleo/Projet/ip_repo/video_input_register_1.0'.
INFO: [IP_Flow 19-1700] Loaded user IP repository 'c:/Users/vladi/Documents/Travail/Formation_AJC-Expleo/Projet/MyIPs'.
INFO: [IP_Flow 19-795] Syncing license key meta-data
ipx::edit_ip_in_project: Time (s): cpu = 00:00:11 ; elapsed = 00:00:07 . Memory (MB): peak = 1293.426 ; gain = 18.617
update_compile_order -fileset sources_1
launch_runs synth_1 -jobs 8
[Wed Sep  9 10:10:08 2026] Launched synth_1...
Run output will be captured here: c:/users/vladi/documents/travail/formation_ajc-expleo/projet/pl/soc_tracking.tmp/video_input_register_v1_0_project/video_input_register_v1_0_project.runs/synth_1/runme.log
ipx::merge_project_changes files [ipx::current_core]
WARNING: [IP_Flow 19-5226] Project source file 'c:/Users/vladi/Documents/Travail/Formation_AJC-Expleo/Projet/ip_repo/video_input_register_1.0/component.xml' ignored by IP packager.
ipx::merge_project_changes hdl_parameters [ipx::current_core]
WARNING: [IP_Flow 19-5226] Project source file 'c:/Users/vladi/Documents/Travail/Formation_AJC-Expleo/Projet/ip_repo/video_input_register_1.0/component.xml' ignored by IP packager.
INFO: [IP_Flow 19-3166] Bus Interface 'S00_AXI': References existing memory map 'S00_AXI'.
set_property core_revision 2 [ipx::current_core]
ipx::update_source_project_archive -component [ipx::current_core]
ipx::create_xgui_files [ipx::current_core]
ipx::update_checksums [ipx::current_core]
ipx::check_integrity [ipx::current_core]
INFO: [IP_Flow 19-2181] Payment Required is not set for this core.
INFO: [IP_Flow 19-2187] The Product Guide file is missing.
INFO: [Ipptcl 7-1486] check_integrity: Integrity check passed.
ipx::save_core [ipx::current_core]
ipx::move_temp_component_back -component [ipx::current_core]
close_project -delete
update_ip_catalog -rebuild -repo_path c:/Users/vladi/Documents/Travail/Formation_AJC-Expleo/Projet/ip_repo/video_input_register_1.0
INFO: [IP_Flow 19-725] Reloaded user IP repository 'c:/Users/vladi/Documents/Travail/Formation_AJC-Expleo/Projet/ip_repo/video_input_register_1.0'
create_bd_cell -type ip -vlnv xilinx.com:user:video_input_register:1.0 video_input_register_0
apply_bd_automation -rule xilinx.com:bd_rule:axi4 -config { Clk_master {/processing_system7_0/FCLK_CLK0 (100 MHz)} Clk_slave {Auto} Clk_xbar {/processing_system7_0/FCLK_CLK0 (100 MHz)} Master {/processing_system7_0/M_AXI_GP0} Slave {/video_input_register_0/S00_AXI} ddr_seg {Auto} intc_ip {/ps7_0_axi_periph} master_apm {0}}  [get_bd_intf_pins video_input_register_0/S00_AXI]
Slave segment '/video_input_register_0/S00_AXI/S00_AXI_reg' is being assigned into address space '/processing_system7_0/Data' at <0x44A0_0000 [ 64K ]>.
Slave segment '/video_input_register_0/S00_AXI/S00_AXI_reg' is being assigned into address space '/DMA24bUnit_mm2s_0/Data_m_axi_gmem' at <0x44A0_0000 [ 64K ]>.
INFO: [BD 41-1051] The usage register of slave segment /video_input_register_0/S00_AXI/S00_AXI_reg does not match the usage memory of address space /DMA24bUnit_mm2s_0/Data_m_axi_gmem and will be excluded. Use the include_bd_addr_seg command to override this precaution and make the slave segment visible within this address space.
Excluding slave segment /video_input_register_0/S00_AXI/S00_AXI_reg from address space /DMA24bUnit_mm2s_0/Data_m_axi_gmem.
regenerate_bd_layout
validate_bd_design
validate_bd_design: Time (s): cpu = 00:00:19 ; elapsed = 00:00:21 . Memory (MB): peak = 1352.922 ; gain = 6.254
create_peripheral xilinx.com user video_input_selector 1.0 -dir C:/Users/vladi/Documents/Travail/Formation_AJC-Expleo/Projet/PL/../ip_repo
add_peripheral_interface S00_AXIS -interface_mode slave -axi_type stream [ipx::find_open_core xilinx.com:user:video_input_selector:1.0]
add_peripheral_interface S01_AXIS -interface_mode slave -axi_type stream [ipx::find_open_core xilinx.com:user:video_input_selector:1.0]
add_peripheral_interface M00_AXIS -interface_mode master -axi_type stream [ipx::find_open_core xilinx.com:user:video_input_selector:1.0]
generate_peripheral [ipx::find_open_core xilinx.com:user:video_input_selector:1.0]
write_peripheral [ipx::find_open_core xilinx.com:user:video_input_selector:1.0]
set_property  ip_repo_paths  {C:/Users/vladi/Documents/Travail/Formation_AJC-Expleo/Projet/PL/../ip_repo/video_input_selector_1.0 C:/Users/vladi/Documents/Travail/Formation_AJC-Expleo/Projet/ip_repo/video_input_register_1.0 C:/Users/vladi/Documents/Travail/Formation_AJC-Expleo/Projet/MyIPs} [current_project]
update_ip_catalog -rebuild
INFO: [IP_Flow 19-234] Refreshing IP repositories
INFO: [IP_Flow 19-1700] Loaded user IP repository 'c:/Users/vladi/Documents/Travail/Formation_AJC-Expleo/Projet/ip_repo/video_input_selector_1.0'.
INFO: [IP_Flow 19-1700] Loaded user IP repository 'c:/Users/vladi/Documents/Travail/Formation_AJC-Expleo/Projet/ip_repo/video_input_register_1.0'.
INFO: [IP_Flow 19-1700] Loaded user IP repository 'c:/Users/vladi/Documents/Travail/Formation_AJC-Expleo/Projet/MyIPs'.
ipx::edit_ip_in_project -upgrade true -name video_input_selector_v1_0_project -directory C:/Users/vladi/Documents/Travail/Formation_AJC-Expleo/Projet/PL/Soc_Tracking.tmp/video_input_selector_v1_0_project c:/Users/vladi/Documents/Travail/Formation_AJC-Expleo/Projet/ip_repo/video_input_selector_1.0/component.xml
INFO: [ProjectBase 1-489] The host OS only allows 260 characters in a normal path. The project is stored in a path with more than 80 characters. If you experience issues with IP, Block Designs, or files not being found, please consider moving the project to a location with a shorter path. Alternately consider using the OS subst command to map part of the path to a drive letter.
Current project path is 'c:/users/vladi/documents/travail/formation_ajc-expleo/projet/pl/soc_tracking.tmp/video_input_selector_v1_0_project'
INFO: [IP_Flow 19-234] Refreshing IP repositories
INFO: [IP_Flow 19-1704] No user IP repositories specified
INFO: [IP_Flow 19-2313] Loaded Vivado IP repository 'E:/Xilinx/Vivado/2020.2/data/ip'.
create_project: Time (s): cpu = 00:00:05 ; elapsed = 00:00:05 . Memory (MB): peak = 1376.758 ; gain = 0.000
INFO: [IP_Flow 19-234] Refreshing IP repositories
INFO: [IP_Flow 19-1700] Loaded user IP repository 'c:/Users/vladi/Documents/Travail/Formation_AJC-Expleo/Projet/ip_repo/video_input_selector_1.0'.
INFO: [IP_Flow 19-1700] Loaded user IP repository 'c:/Users/vladi/Documents/Travail/Formation_AJC-Expleo/Projet/ip_repo/video_input_register_1.0'.
INFO: [IP_Flow 19-1700] Loaded user IP repository 'c:/Users/vladi/Documents/Travail/Formation_AJC-Expleo/Projet/MyIPs'.
INFO: [IP_Flow 19-795] Syncing license key meta-data
ipx::edit_ip_in_project: Time (s): cpu = 00:00:07 ; elapsed = 00:00:06 . Memory (MB): peak = 1376.758 ; gain = 0.000
update_compile_order -fileset sources_1
update_compile_order -fileset sources_1
export_ip_user_files -of_objects  [get_files c:/Users/vladi/Documents/Travail/Formation_AJC-Expleo/Projet/ip_repo/video_input_selector_1.0/hdl/video_input_selector_v1_0_S01_AXIS.vhd] -no_script -reset -force -quiet
export_ip_user_files -of_objects  [get_files c:/Users/vladi/Documents/Travail/Formation_AJC-Expleo/Projet/ip_repo/video_input_selector_1.0/hdl/video_input_selector_v1_0_S00_AXIS.vhd] -no_script -reset -force -quiet
export_ip_user_files -of_objects  [get_files c:/Users/vladi/Documents/Travail/Formation_AJC-Expleo/Projet/ip_repo/video_input_selector_1.0/hdl/video_input_selector_v1_0_M00_AXIS.vhd] -no_script -reset -force -quiet
remove_files  {c:/Users/vladi/Documents/Travail/Formation_AJC-Expleo/Projet/ip_repo/video_input_selector_1.0/hdl/video_input_selector_v1_0_S01_AXIS.vhd c:/Users/vladi/Documents/Travail/Formation_AJC-Expleo/Projet/ip_repo/video_input_selector_1.0/hdl/video_input_selector_v1_0_S00_AXIS.vhd c:/Users/vladi/Documents/Travail/Formation_AJC-Expleo/Projet/ip_repo/video_input_selector_1.0/hdl/video_input_selector_v1_0_M00_AXIS.vhd}
ipx::merge_project_changes files [ipx::current_core]
WARNING: [IP_Flow 19-5226] Project source file 'c:/Users/vladi/Documents/Travail/Formation_AJC-Expleo/Projet/ip_repo/video_input_selector_1.0/component.xml' ignored by IP packager.
WARNING: [IP_Flow 19-5109] File Group 'xilinx_vhdlsynthesis (VHDL Synthesis)': File 'c:/Users/vladi/Documents/Travail/Formation_AJC-Expleo/Projet/ip_repo/video_input_selector_1.0/hdl/video_input_selector_v1_0_S00_AXIS.vhd' does not exist in the project sources. It has been removed from the packaged IP. If still required, please add this file to the project, merge sources and re-package.
WARNING: [IP_Flow 19-5109] File Group 'xilinx_vhdlsynthesis (VHDL Synthesis)': File 'c:/Users/vladi/Documents/Travail/Formation_AJC-Expleo/Projet/ip_repo/video_input_selector_1.0/hdl/video_input_selector_v1_0_S01_AXIS.vhd' does not exist in the project sources. It has been removed from the packaged IP. If still required, please add this file to the project, merge sources and re-package.
WARNING: [IP_Flow 19-5109] File Group 'xilinx_vhdlsynthesis (VHDL Synthesis)': File 'c:/Users/vladi/Documents/Travail/Formation_AJC-Expleo/Projet/ip_repo/video_input_selector_1.0/hdl/video_input_selector_v1_0_M00_AXIS.vhd' does not exist in the project sources. It has been removed from the packaged IP. If still required, please add this file to the project, merge sources and re-package.
WARNING: [IP_Flow 19-5109] File Group 'xilinx_vhdlbehavioralsimulation (VHDL Simulation)': File 'c:/Users/vladi/Documents/Travail/Formation_AJC-Expleo/Projet/ip_repo/video_input_selector_1.0/hdl/video_input_selector_v1_0_S00_AXIS.vhd' does not exist in the project sources. It has been removed from the packaged IP. If still required, please add this file to the project, merge sources and re-package.
WARNING: [IP_Flow 19-5109] File Group 'xilinx_vhdlbehavioralsimulation (VHDL Simulation)': File 'c:/Users/vladi/Documents/Travail/Formation_AJC-Expleo/Projet/ip_repo/video_input_selector_1.0/hdl/video_input_selector_v1_0_S01_AXIS.vhd' does not exist in the project sources. It has been removed from the packaged IP. If still required, please add this file to the project, merge sources and re-package.
WARNING: [IP_Flow 19-5109] File Group 'xilinx_vhdlbehavioralsimulation (VHDL Simulation)': File 'c:/Users/vladi/Documents/Travail/Formation_AJC-Expleo/Projet/ip_repo/video_input_selector_1.0/hdl/video_input_selector_v1_0_M00_AXIS.vhd' does not exist in the project sources. It has been removed from the packaged IP. If still required, please add this file to the project, merge sources and re-package.
launch_runs synth_1 -jobs 8
[Wed Sep  9 11:04:37 2026] Launched synth_1...
Run output will be captured here: c:/users/vladi/documents/travail/formation_ajc-expleo/projet/pl/soc_tracking.tmp/video_input_selector_v1_0_project/video_input_selector_v1_0_project.runs/synth_1/runme.log
ipx::merge_project_changes hdl_parameters [ipx::current_core]
WARNING: [IP_Flow 19-5226] Project source file 'c:/Users/vladi/Documents/Travail/Formation_AJC-Expleo/Projet/ip_repo/video_input_selector_1.0/component.xml' ignored by IP packager.
WARNING: [IP_Flow 19-4300] HDL parameter 'C_S00_AXIS_TDATA_WIDTH' has its value changed from '32' to '24'.
WARNING: [IP_Flow 19-4300] HDL parameter 'C_S01_AXIS_TDATA_WIDTH' has its value changed from '32' to '24'.
WARNING: [IP_Flow 19-4300] HDL parameter 'C_M00_AXIS_TDATA_WIDTH' has its value changed from '32' to '24'.
ERROR: [Common 17-39] 'ipx::merge_project_changes' failed due to earlier errors.
set_property widget {textEdit} [ipgui::get_guiparamspec -name "C_S01_AXIS_TDATA_WIDTH" -component [ipx::current_core] ]
set_property value_validation_type none [ipx::get_user_parameters C_S01_AXIS_TDATA_WIDTH -of_objects [ipx::current_core]]
set_property widget {textEdit} [ipgui::get_guiparamspec -name "C_M00_AXIS_TDATA_WIDTH" -component [ipx::current_core] ]
set_property value_validation_type none [ipx::get_user_parameters C_M00_AXIS_TDATA_WIDTH -of_objects [ipx::current_core]]
set_property widget {comboBox} [ipgui::get_guiparamspec -name "C_S01_AXIS_TDATA_WIDTH" -component [ipx::current_core] ]
set_property value_validation_type list [ipx::get_user_parameters C_S01_AXIS_TDATA_WIDTH -of_objects [ipx::current_core]]
set_property value_validation_list 24 [ipx::get_user_parameters C_S01_AXIS_TDATA_WIDTH -of_objects [ipx::current_core]]
set_property widget {comboBox} [ipgui::get_guiparamspec -name "C_M00_AXIS_TDATA_WIDTH" -component [ipx::current_core] ]
set_property value_validation_type list [ipx::get_user_parameters C_M00_AXIS_TDATA_WIDTH -of_objects [ipx::current_core]]
set_property value_validation_list 24 [ipx::get_user_parameters C_M00_AXIS_TDATA_WIDTH -of_objects [ipx::current_core]]
set_property widget {comboBox} [ipgui::get_guiparamspec -name "C_S00_AXIS_TDATA_WIDTH" -component [ipx::current_core] ]
set_property value_validation_list 24 [ipx::get_user_parameters C_S00_AXIS_TDATA_WIDTH -of_objects [ipx::current_core]]
ipx::add_port_map TUSER [ipx::get_bus_interfaces S00_AXIS -of_objects [ipx::current_core]]
set_property physical_name s00_axis_tuser [ipx::get_port_maps TUSER -of_objects [ipx::get_bus_interfaces S00_AXIS -of_objects [ipx::current_core]]]
ipx::add_port_map TUSER [ipx::get_bus_interfaces S01_AXIS -of_objects [ipx::current_core]]
set_property physical_name s01_axis_tuser [ipx::get_port_maps TUSER -of_objects [ipx::get_bus_interfaces S01_AXIS -of_objects [ipx::current_core]]]
ipx::add_port_map TUSER [ipx::get_bus_interfaces M00_AXIS -of_objects [ipx::current_core]]
set_property physical_name m00_axis_tuser [ipx::get_port_maps TUSER -of_objects [ipx::get_bus_interfaces M00_AXIS -of_objects [ipx::current_core]]]
ipx::update_checksums [ipx::current_core]
ipx::save_core [ipx::current_core]
set_property core_revision 2 [ipx::current_core]
ipx::update_source_project_archive -component [ipx::current_core]
ipx::create_xgui_files [ipx::current_core]
ipx::update_checksums [ipx::current_core]
ipx::check_integrity [ipx::current_core]
INFO: [IP_Flow 19-2181] Payment Required is not set for this core.
INFO: [IP_Flow 19-2187] The Product Guide file is missing.
INFO: [Ipptcl 7-1486] check_integrity: Integrity check passed.
ipx::save_core [ipx::current_core]
ipx::move_temp_component_back -component [ipx::current_core]
close_project -delete
update_ip_catalog -rebuild -repo_path c:/Users/vladi/Documents/Travail/Formation_AJC-Expleo/Projet/ip_repo/video_input_selector_1.0
INFO: [IP_Flow 19-725] Reloaded user IP repository 'c:/Users/vladi/Documents/Travail/Formation_AJC-Expleo/Projet/ip_repo/video_input_selector_1.0'
create_bd_cell -type ip -vlnv xilinx.com:user:video_input_selector:1.0 video_input_selector_0
delete_bd_objs [get_bd_intf_nets DMA24bUnit_mm2s_0_STR_video_out]
connect_bd_intf_net [get_bd_intf_pins DMA24bUnit_mm2s_0/STR_video_out] [get_bd_intf_pins video_input_selector_0/S01_AXIS]
create_bd_cell -type ip -vlnv xilinx.com:user:Video_TPG:1.0 Video_TPG_0
connect_bd_intf_net [get_bd_intf_pins Video_TPG_0/S_AXIS] [get_bd_intf_pins video_input_selector_0/S00_AXIS]
connect_bd_intf_net [get_bd_intf_pins video_input_selector_0/M00_AXIS] [get_bd_intf_pins VGA_controller_0/S_AXIS]
connect_bd_net [get_bd_pins video_input_selector_0/enable_tpg] [get_bd_pins Video_TPG_0/S_AXIS_ARESETN]
create_bd_cell -type ip -vlnv xilinx.com:ip:util_reduced_logic:2.0 util_reduced_logic_0
set_property location {2 527 385} [get_bd_cells util_reduced_logic_0]
delete_bd_objs [get_bd_cells util_reduced_logic_0]
create_bd_cell -type ip -vlnv xilinx.com:ip:util_vector_logic:2.0 util_vector_logic_0
set_property location {2 542 395} [get_bd_cells util_vector_logic_0]
set_property -dict [list CONFIG.C_SIZE {1}] [get_bd_cells util_vector_logic_0]
disconnect_bd_net /rst_ps7_0_100M_peripheral_aresetn [get_bd_pins DMA24bUnit_mm2s_0/ap_rst_n]
connect_bd_net [get_bd_pins rst_ps7_0_100M/peripheral_aresetn] [get_bd_pins util_vector_logic_0/Op1]
connect_bd_net [get_bd_pins video_input_selector_0/enable_dma] [get_bd_pins util_vector_logic_0/Op2]
connect_bd_net [get_bd_pins util_vector_logic_0/Res] [get_bd_pins DMA24bUnit_mm2s_0/ap_rst_n]
copy_bd_objs /  [get_bd_cells {util_vector_logic_0}]
set_property location {2 529 500} [get_bd_cells util_vector_logic_1]
delete_bd_objs [get_bd_nets video_input_selector_0_enable_tpg]
connect_bd_net [get_bd_pins video_input_selector_0/enable_tpg] [get_bd_pins util_vector_logic_1/Op2]
connect_bd_net [get_bd_pins rst_ps7_0_100M/peripheral_aresetn] [get_bd_pins util_vector_logic_1/Op1]
connect_bd_net [get_bd_pins util_vector_logic_1/Res] [get_bd_pins Video_TPG_0/S_AXIS_ARESETN]
connect_bd_net [get_bd_pins video_input_register_0/input_register] [get_bd_pins video_input_selector_0/input_register]
startgroup
apply_bd_automation -rule xilinx.com:bd_rule:clkrst -config { Clk {/processing_system7_0/FCLK_CLK0 (100 MHz)} Freq {100} Ref_Clk0 {} Ref_Clk1 {} Ref_Clk2 {}}  [get_bd_pins video_input_selector_0/m00_axis_aclk]
apply_bd_automation -rule xilinx.com:bd_rule:clkrst -config { Clk {/processing_system7_0/FCLK_CLK0 (100 MHz)} Freq {100} Ref_Clk0 {} Ref_Clk1 {} Ref_Clk2 {}}  [get_bd_pins video_input_selector_0/s00_axis_aclk]
apply_bd_automation -rule xilinx.com:bd_rule:clkrst -config { Clk {/processing_system7_0/FCLK_CLK0 (100 MHz)} Freq {100} Ref_Clk0 {} Ref_Clk1 {} Ref_Clk2 {}}  [get_bd_pins video_input_selector_0/s01_axis_aclk]
INFO: [BD 5-455] Automation on '/Video_TPG_0/S_AXIS_ACLK' will not be run, since it is obsolete due to previously run automations
endgroup
regenerate_bd_layout
validate_bd_design
INFO: [xilinx.com:ip:util_vector_logic:2.0-10] /util_vector_logic_0 IP set output pin Res type to "rst" when Input pin Op1 type is "rst" and Input pin Op2 type is "undef".
INFO: [xilinx.com:ip:util_vector_logic:2.0-10] /util_vector_logic_1 IP set output pin Res type to "rst" when Input pin Op1 type is "rst" and Input pin Op2 type is "undef".
validate_bd_design: Time (s): cpu = 00:00:16 ; elapsed = 00:00:18 . Memory (MB): peak = 1737.410 ; gain = 0.000
reset_run Soc_Tracking_xbar_0_synth_1
save_bd_design
Wrote  : <C:\Users\vladi\Documents\Travail\Formation_AJC-Expleo\Projet\PL\Soc_Tracking.srcs\sources_1\bd\Soc_Tracking\Soc_Tracking.bd> 
Wrote  : <C:/Users/vladi/Documents/Travail/Formation_AJC-Expleo/Projet/PL/Soc_Tracking.srcs/sources_1/bd/Soc_Tracking/ui/bd_127f896f.ui> 
reset_run synth_1
launch_runs synth_1 -jobs 8
INFO: [BD 41-1662] The design 'Soc_Tracking.bd' is already validated. Therefore parameter propagation will not be re-run.
WARNING: [BD 41-2384] Width mismatch when connecting pin: '/ps7_0_axi_periph/xbar/s_axi_arlock'(1) to pin: '/ps7_0_axi_periph/s01_couplers/M_AXI_arlock'(2) - Only lower order bits will be connected.
WARNING: [BD 41-2384] Width mismatch when connecting pin: '/ps7_0_axi_periph/xbar/s_axi_awlock'(1) to pin: '/ps7_0_axi_periph/s01_couplers/M_AXI_awlock'(2) - Only lower order bits will be connected.
VHDL Output written to : c:/Users/vladi/Documents/Travail/Formation_AJC-Expleo/Projet/PL/Soc_Tracking.gen/sources_1/bd/Soc_Tracking/synth/Soc_Tracking.vhd
WARNING: [BD 41-2384] Width mismatch when connecting pin: '/ps7_0_axi_periph/xbar/s_axi_arlock'(1) to pin: '/ps7_0_axi_periph/s01_couplers/M_AXI_arlock'(2) - Only lower order bits will be connected.
WARNING: [BD 41-2384] Width mismatch when connecting pin: '/ps7_0_axi_periph/xbar/s_axi_awlock'(1) to pin: '/ps7_0_axi_periph/s01_couplers/M_AXI_awlock'(2) - Only lower order bits will be connected.
VHDL Output written to : c:/Users/vladi/Documents/Travail/Formation_AJC-Expleo/Projet/PL/Soc_Tracking.gen/sources_1/bd/Soc_Tracking/sim/Soc_Tracking.vhd
VHDL Output written to : c:/Users/vladi/Documents/Travail/Formation_AJC-Expleo/Projet/PL/Soc_Tracking.gen/sources_1/bd/Soc_Tracking/hdl/Soc_Tracking_wrapper.vhd
INFO: [BD 41-1029] Generation completed for the IP Integrator block ps7_0_axi_periph/xbar .
WARNING: [IP_Flow 19-4994] Overwriting existing constraint file 'c:/Users/vladi/Documents/Travail/Formation_AJC-Expleo/Projet/PL/Soc_Tracking.gen/sources_1/bd/Soc_Tracking/ip/Soc_Tracking_auto_pc_2/Soc_Tracking_auto_pc_2_ooc.xdc'
INFO: [BD 41-1029] Generation completed for the IP Integrator block ps7_0_axi_periph/s00_couplers/auto_pc .
WARNING: [IP_Flow 19-4994] Overwriting existing constraint file 'c:/Users/vladi/Documents/Travail/Formation_AJC-Expleo/Projet/PL/Soc_Tracking.gen/sources_1/bd/Soc_Tracking/ip/Soc_Tracking_auto_us_0/Soc_Tracking_auto_us_0_ooc.xdc'
WARNING: [IP_Flow 19-5611] Unable to find an associated reset port for the interface 'S_AXI'. A default connection has been created.
WARNING: [IP_Flow 19-5611] Unable to find an associated reset port for the interface 'M_AXI'. A default connection has been created.
INFO: [BD 41-1029] Generation completed for the IP Integrator block ps7_0_axi_periph/s00_couplers/auto_us .
WARNING: [IP_Flow 19-4994] Overwriting existing constraint file 'c:/Users/vladi/Documents/Travail/Formation_AJC-Expleo/Projet/PL/Soc_Tracking.gen/sources_1/bd/Soc_Tracking/ip/Soc_Tracking_auto_ds_0/Soc_Tracking_auto_ds_0_ooc.xdc'
WARNING: [IP_Flow 19-5611] Unable to find an associated reset port for the interface 'S_AXI'. A default connection has been created.
WARNING: [IP_Flow 19-5611] Unable to find an associated reset port for the interface 'M_AXI'. A default connection has been created.
INFO: [BD 41-1029] Generation completed for the IP Integrator block ps7_0_axi_periph/m00_couplers/auto_ds .
WARNING: [IP_Flow 19-4994] Overwriting existing constraint file 'c:/Users/vladi/Documents/Travail/Formation_AJC-Expleo/Projet/PL/Soc_Tracking.gen/sources_1/bd/Soc_Tracking/ip/Soc_Tracking_auto_pc_0/Soc_Tracking_auto_pc_0_ooc.xdc'
INFO: [BD 41-1029] Generation completed for the IP Integrator block ps7_0_axi_periph/m00_couplers/auto_pc .
WARNING: [IP_Flow 19-4994] Overwriting existing constraint file 'c:/Users/vladi/Documents/Travail/Formation_AJC-Expleo/Projet/PL/Soc_Tracking.gen/sources_1/bd/Soc_Tracking/ip/Soc_Tracking_auto_ds_1/Soc_Tracking_auto_ds_1_ooc.xdc'
WARNING: [IP_Flow 19-5611] Unable to find an associated reset port for the interface 'S_AXI'. A default connection has been created.
WARNING: [IP_Flow 19-5611] Unable to find an associated reset port for the interface 'M_AXI'. A default connection has been created.
INFO: [BD 41-1029] Generation completed for the IP Integrator block ps7_0_axi_periph/m01_couplers/auto_ds .
WARNING: [IP_Flow 19-4994] Overwriting existing constraint file 'c:/Users/vladi/Documents/Travail/Formation_AJC-Expleo/Projet/PL/Soc_Tracking.gen/sources_1/bd/Soc_Tracking/ip/Soc_Tracking_auto_pc_1/Soc_Tracking_auto_pc_1_ooc.xdc'
INFO: [BD 41-1029] Generation completed for the IP Integrator block ps7_0_axi_periph/m01_couplers/auto_pc .
INFO: [BD 41-1029] Generation completed for the IP Integrator block video_input_register_0 .
INFO: [BD 41-1029] Generation completed for the IP Integrator block video_input_selector_0 .
INFO: [BD 41-1029] Generation completed for the IP Integrator block Video_TPG_0 .
INFO: [BD 41-1029] Generation completed for the IP Integrator block util_vector_logic_0 .
INFO: [BD 41-1029] Generation completed for the IP Integrator block util_vector_logic_1 .
Exporting to file c:/Users/vladi/Documents/Travail/Formation_AJC-Expleo/Projet/PL/Soc_Tracking.gen/sources_1/bd/Soc_Tracking/hw_handoff/Soc_Tracking.hwh
Generated Block Design Tcl file c:/Users/vladi/Documents/Travail/Formation_AJC-Expleo/Projet/PL/Soc_Tracking.gen/sources_1/bd/Soc_Tracking/hw_handoff/Soc_Tracking_bd.tcl
Generated Hardware Definition File c:/Users/vladi/Documents/Travail/Formation_AJC-Expleo/Projet/PL/Soc_Tracking.gen/sources_1/bd/Soc_Tracking/synth/Soc_Tracking.hwdef
INFO: [IP_Flow 19-7066] Running IP cache check for IP Soc_Tracking_Video_TPG_0_0
INFO: [IP_Flow 19-7066] Running IP cache check for IP Soc_Tracking_auto_ds_0
INFO: [IP_Flow 19-7066] Running IP cache check for IP Soc_Tracking_auto_ds_1
INFO: [IP_Flow 19-7066] Running IP cache check for IP Soc_Tracking_auto_pc_0
INFO: [IP_Flow 19-7066] Running IP cache check for IP Soc_Tracking_auto_pc_1
INFO: [IP_Flow 19-7066] Running IP cache check for IP Soc_Tracking_auto_pc_2
INFO: [IP_Flow 19-7066] Running IP cache check for IP Soc_Tracking_auto_us_0
INFO: [IP_Flow 19-7066] Running IP cache check for IP Soc_Tracking_util_vector_logic_0_0
INFO: [IP_Flow 19-7066] Running IP cache check for IP Soc_Tracking_util_vector_logic_0_1
INFO: [IP_Flow 19-7066] Running IP cache check for IP Soc_Tracking_video_input_register_0_0
INFO: [IP_Flow 19-7066] Running IP cache check for IP Soc_Tracking_video_input_selector_0_0
INFO: [IP_Flow 19-7066] Running IP cache check for IP Soc_Tracking_xbar_0
INFO: [IP_Flow 19-4993] Using cached IP synthesis design for IP Soc_Tracking_Video_TPG_0_0, cache-ID = 957514ff8842eed6; cache size = 26.158 MB.
INFO: [IP_Flow 19-4993] Using cached IP synthesis design for IP Soc_Tracking_auto_ds_0, cache-ID = a8eb9896423c21ef; cache size = 26.158 MB.
INFO: [IP_Flow 19-4993] Using cached IP synthesis design for IP Soc_Tracking_auto_pc_0, cache-ID = ebbb6a178fc890b7; cache size = 26.158 MB.
INFO: [IP_Flow 19-4993] Using cached IP synthesis design for IP Soc_Tracking_auto_pc_2, cache-ID = c4bc4fa6dac68063; cache size = 26.158 MB.
INFO: [IP_Flow 19-4993] Using cached IP synthesis design for IP Soc_Tracking_auto_us_0, cache-ID = 50ef451a8d3b1ddd; cache size = 26.158 MB.
[Wed Sep  9 11:16:40 2026] Launched Soc_Tracking_xbar_0_synth_1, Soc_Tracking_util_vector_logic_0_1_synth_1, Soc_Tracking_auto_pc_1_synth_1, Soc_Tracking_auto_ds_1_synth_1, Soc_Tracking_video_input_register_0_0_synth_1, Soc_Tracking_video_input_selector_0_0_synth_1, Soc_Tracking_util_vector_logic_0_0_synth_1...
Run output will be captured here:
Soc_Tracking_xbar_0_synth_1: C:/Users/vladi/Documents/Travail/Formation_AJC-Expleo/Projet/PL/Soc_Tracking.runs/Soc_Tracking_xbar_0_synth_1/runme.log
Soc_Tracking_util_vector_logic_0_1_synth_1: C:/Users/vladi/Documents/Travail/Formation_AJC-Expleo/Projet/PL/Soc_Tracking.runs/Soc_Tracking_util_vector_logic_0_1_synth_1/runme.log
Soc_Tracking_auto_pc_1_synth_1: C:/Users/vladi/Documents/Travail/Formation_AJC-Expleo/Projet/PL/Soc_Tracking.runs/Soc_Tracking_auto_pc_1_synth_1/runme.log
Soc_Tracking_auto_ds_1_synth_1: C:/Users/vladi/Documents/Travail/Formation_AJC-Expleo/Projet/PL/Soc_Tracking.runs/Soc_Tracking_auto_ds_1_synth_1/runme.log
Soc_Tracking_video_input_register_0_0_synth_1: C:/Users/vladi/Documents/Travail/Formation_AJC-Expleo/Projet/PL/Soc_Tracking.runs/Soc_Tracking_video_input_register_0_0_synth_1/runme.log
Soc_Tracking_video_input_selector_0_0_synth_1: C:/Users/vladi/Documents/Travail/Formation_AJC-Expleo/Projet/PL/Soc_Tracking.runs/Soc_Tracking_video_input_selector_0_0_synth_1/runme.log
Soc_Tracking_util_vector_logic_0_0_synth_1: C:/Users/vladi/Documents/Travail/Formation_AJC-Expleo/Projet/PL/Soc_Tracking.runs/Soc_Tracking_util_vector_logic_0_0_synth_1/runme.log
[Wed Sep  9 11:16:40 2026] Launched synth_1...
Run output will be captured here: C:/Users/vladi/Documents/Travail/Formation_AJC-Expleo/Projet/PL/Soc_Tracking.runs/synth_1/runme.log
launch_runs: Time (s): cpu = 00:00:10 ; elapsed = 00:00:15 . Memory (MB): peak = 1912.539 ; gain = 175.129
launch_runs impl_1 -jobs 8
[Wed Sep  9 11:20:00 2026] Launched impl_1...
Run output will be captured here: C:/Users/vladi/Documents/Travail/Formation_AJC-Expleo/Projet/PL/Soc_Tracking.runs/impl_1/runme.log
launch_runs impl_1 -to_step write_bitstream -jobs 8
[Wed Sep  9 11:26:44 2026] Launched impl_1...
Run output will be captured here: C:/Users/vladi/Documents/Travail/Formation_AJC-Expleo/Projet/PL/Soc_Tracking.runs/impl_1/runme.log
write_hw_platform -fixed -include_bit -force -file C:/Users/vladi/Documents/Travail/Formation_AJC-Expleo/Projet/PL/Soc_Tracking_wrapper.xsa
INFO: [Vivado 12-4895] Creating Hardware Platform: C:/Users/vladi/Documents/Travail/Formation_AJC-Expleo/Projet/PL/Soc_Tracking_wrapper.xsa ...
INFO: [Hsi 55-2053] elapsed time for repository (E:/Xilinx/Vivado/2020.2/data\embeddedsw) loading 2 seconds
INFO: [Vivado 12-12467] The Hardware Platform can be used for Hardware
INFO: [Vivado 12-4896] Successfully created Hardware Platform: C:/Users/vladi/Documents/Travail/Formation_AJC-Expleo/Projet/PL/Soc_Tracking_wrapper.xsa
write_hw_platform: Time (s): cpu = 00:00:05 ; elapsed = 00:00:10 . Memory (MB): peak = 2095.707 ; gain = 175.508
open_bd_design {C:/Users/vladi/Documents/Travail/Formation_AJC-Expleo/Projet/PL/Soc_Tracking.srcs/sources_1/bd/Soc_Tracking/Soc_Tracking.bd}
INFO: [Coretcl 2-12] '/video_input_register_0/S00_AXI' selected.
INFO: [Coretcl 2-12] '/video_input_register_0/S00_AXI' selected.
INFO: [Coretcl 2-12] '/video_input_register_0/S00_AXI' selected.
generate_target all [get_files  C:/Users/vladi/Documents/Travail/Formation_AJC-Expleo/Projet/PL/Soc_Tracking.srcs/sources_1/bd/Soc_Tracking/Soc_Tracking.bd]
INFO: [BD 41-1637] Generated targets are already up-to-date for block design 'Soc_Tracking' - hence not re-generating.
export_ip_user_files -of_objects [get_files C:/Users/vladi/Documents/Travail/Formation_AJC-Expleo/Projet/PL/Soc_Tracking.srcs/sources_1/bd/Soc_Tracking/Soc_Tracking.bd] -no_script -sync -force -quiet
create_ip_run [get_files -of_objects [get_fileset sources_1] C:/Users/vladi/Documents/Travail/Formation_AJC-Expleo/Projet/PL/Soc_Tracking.srcs/sources_1/bd/Soc_Tracking/Soc_Tracking.bd]
export_simulation -of_objects [get_files C:/Users/vladi/Documents/Travail/Formation_AJC-Expleo/Projet/PL/Soc_Tracking.srcs/sources_1/bd/Soc_Tracking/Soc_Tracking.bd] -directory C:/Users/vladi/Documents/Travail/Formation_AJC-Expleo/Projet/PL/Soc_Tracking.ip_user_files/sim_scripts -ip_user_files_dir C:/Users/vladi/Documents/Travail/Formation_AJC-Expleo/Projet/PL/Soc_Tracking.ip_user_files -ipstatic_source_dir C:/Users/vladi/Documents/Travail/Formation_AJC-Expleo/Projet/PL/Soc_Tracking.ip_user_files/ipstatic -lib_map_path [list {modelsim=C:/Users/vladi/Documents/Travail/Formation_AJC-Expleo/Projet/PL/Soc_Tracking.cache/compile_simlib/modelsim} {questa=C:/Users/vladi/Documents/Travail/Formation_AJC-Expleo/Projet/PL/Soc_Tracking.cache/compile_simlib/questa} {riviera=C:/Users/vladi/Documents/Travail/Formation_AJC-Expleo/Projet/PL/Soc_Tracking.cache/compile_simlib/riviera} {activehdl=C:/Users/vladi/Documents/Travail/Formation_AJC-Expleo/Projet/PL/Soc_Tracking.cache/compile_simlib/activehdl}] -use_ip_compiled_libs -force -quiet
reset_run synth_1
launch_runs synth_1 -jobs 8
[Wed Sep  9 11:55:32 2026] Launched synth_1...
Run output will be captured here: C:/Users/vladi/Documents/Travail/Formation_AJC-Expleo/Projet/PL/Soc_Tracking.runs/synth_1/runme.log
launch_runs impl_1 -jobs 8
[Wed Sep  9 11:59:11 2026] Launched impl_1...
Run output will be captured here: C:/Users/vladi/Documents/Travail/Formation_AJC-Expleo/Projet/PL/Soc_Tracking.runs/impl_1/runme.log
launch_runs impl_1 -to_step write_bitstream -jobs 8
[Wed Sep  9 12:02:02 2026] Launched impl_1...
Run output will be captured here: C:/Users/vladi/Documents/Travail/Formation_AJC-Expleo/Projet/PL/Soc_Tracking.runs/impl_1/runme.log
write_hw_platform -fixed -include_bit -force -file C:/Users/vladi/Documents/Travail/Formation_AJC-Expleo/Projet/PL/Soc_Tracking_wrapper.xsa
INFO: [Vivado 12-4895] Creating Hardware Platform: C:/Users/vladi/Documents/Travail/Formation_AJC-Expleo/Projet/PL/Soc_Tracking_wrapper.xsa ...
INFO: [Vivado 12-12467] The Hardware Platform can be used for Hardware
INFO: [Vivado 12-4896] Successfully created Hardware Platform: C:/Users/vladi/Documents/Travail/Formation_AJC-Expleo/Projet/PL/Soc_Tracking_wrapper.xsa
write_hw_platform: Time (s): cpu = 00:00:06 ; elapsed = 00:00:06 . Memory (MB): peak = 2186.664 ; gain = 90.957
update_ip_catalog -rebuild -scan_changes
INFO: [IP_Flow 19-234] Refreshing IP repositories
INFO: [IP_Flow 19-1700] Loaded user IP repository 'c:/Users/vladi/Documents/Travail/Formation_AJC-Expleo/Projet/ip_repo/video_input_selector_1.0'.
INFO: [IP_Flow 19-1700] Loaded user IP repository 'c:/Users/vladi/Documents/Travail/Formation_AJC-Expleo/Projet/ip_repo/video_input_register_1.0'.
INFO: [IP_Flow 19-1700] Loaded user IP repository 'c:/Users/vladi/Documents/Travail/Formation_AJC-Expleo/Projet/MyIPs'.
update_ip_catalog: Time (s): cpu = 00:00:10 ; elapsed = 00:00:05 . Memory (MB): peak = 2186.664 ; gain = 0.000
report_ip_status -name ip_status
upgrade_ip -vlnv xilinx.com:user:video_input_register:1.0 [get_ips  Soc_Tracking_video_input_register_0_0] -log ip_upgrade.log
Upgrading 'C:/Users/vladi/Documents/Travail/Formation_AJC-Expleo/Projet/PL/Soc_Tracking.srcs/sources_1/bd/Soc_Tracking/Soc_Tracking.bd'
INFO: [IP_Flow 19-1972] Upgraded Soc_Tracking_video_input_register_0_0 from video_input_register_v1.0 1.0 to video_input_register_v1.0 1.0
Excluding slave segment /video_input_register_0/S00_AXI/S00_AXI_reg from address space /DMA24bUnit_mm2s_0/Data_m_axi_gmem.
Wrote  : <C:\Users\vladi\Documents\Travail\Formation_AJC-Expleo\Projet\PL\Soc_Tracking.srcs\sources_1\bd\Soc_Tracking\Soc_Tracking.bd> 
Wrote  : <C:/Users/vladi/Documents/Travail/Formation_AJC-Expleo/Projet/PL/Soc_Tracking.srcs/sources_1/bd/Soc_Tracking/ui/bd_127f896f.ui> 
INFO: [Coretcl 2-1525] Wrote upgrade log to 'C:/Users/vladi/Documents/Travail/Formation_AJC-Expleo/Projet/PL/ip_upgrade.log'.
export_ip_user_files -of_objects [get_ips Soc_Tracking_video_input_register_0_0] -no_script -sync -force -quiet
generate_target all [get_files  C:/Users/vladi/Documents/Travail/Formation_AJC-Expleo/Projet/PL/Soc_Tracking.srcs/sources_1/bd/Soc_Tracking/Soc_Tracking.bd]
INFO: [xilinx.com:ip:util_vector_logic:2.0-10] /util_vector_logic_0 IP set output pin Res type to "rst" when Input pin Op1 type is "rst" and Input pin Op2 type is "undef".
INFO: [xilinx.com:ip:util_vector_logic:2.0-10] /util_vector_logic_1 IP set output pin Res type to "rst" when Input pin Op1 type is "rst" and Input pin Op2 type is "undef".
Wrote  : <C:\Users\vladi\Documents\Travail\Formation_AJC-Expleo\Projet\PL\Soc_Tracking.srcs\sources_1\bd\Soc_Tracking\Soc_Tracking.bd> 
WARNING: [BD 41-2384] Width mismatch when connecting pin: '/ps7_0_axi_periph/xbar/s_axi_arlock'(1) to pin: '/ps7_0_axi_periph/s01_couplers/M_AXI_arlock'(2) - Only lower order bits will be connected.
WARNING: [BD 41-2384] Width mismatch when connecting pin: '/ps7_0_axi_periph/xbar/s_axi_awlock'(1) to pin: '/ps7_0_axi_periph/s01_couplers/M_AXI_awlock'(2) - Only lower order bits will be connected.
VHDL Output written to : c:/Users/vladi/Documents/Travail/Formation_AJC-Expleo/Projet/PL/Soc_Tracking.gen/sources_1/bd/Soc_Tracking/synth/Soc_Tracking.vhd
WARNING: [BD 41-2384] Width mismatch when connecting pin: '/ps7_0_axi_periph/xbar/s_axi_arlock'(1) to pin: '/ps7_0_axi_periph/s01_couplers/M_AXI_arlock'(2) - Only lower order bits will be connected.
WARNING: [BD 41-2384] Width mismatch when connecting pin: '/ps7_0_axi_periph/xbar/s_axi_awlock'(1) to pin: '/ps7_0_axi_periph/s01_couplers/M_AXI_awlock'(2) - Only lower order bits will be connected.
VHDL Output written to : c:/Users/vladi/Documents/Travail/Formation_AJC-Expleo/Projet/PL/Soc_Tracking.gen/sources_1/bd/Soc_Tracking/sim/Soc_Tracking.vhd
VHDL Output written to : c:/Users/vladi/Documents/Travail/Formation_AJC-Expleo/Projet/PL/Soc_Tracking.gen/sources_1/bd/Soc_Tracking/hdl/Soc_Tracking_wrapper.vhd
INFO: [BD 41-1029] Generation completed for the IP Integrator block video_input_register_0 .
WARNING: [IP_Flow 19-4994] Overwriting existing constraint file 'c:/Users/vladi/Documents/Travail/Formation_AJC-Expleo/Projet/PL/Soc_Tracking.gen/sources_1/bd/Soc_Tracking/ip/Soc_Tracking_auto_pc_2/Soc_Tracking_auto_pc_2_ooc.xdc'
INFO: [BD 41-1029] Generation completed for the IP Integrator block ps7_0_axi_periph/s00_couplers/auto_pc .
WARNING: [IP_Flow 19-4994] Overwriting existing constraint file 'c:/Users/vladi/Documents/Travail/Formation_AJC-Expleo/Projet/PL/Soc_Tracking.gen/sources_1/bd/Soc_Tracking/ip/Soc_Tracking_auto_us_0/Soc_Tracking_auto_us_0_ooc.xdc'
WARNING: [IP_Flow 19-5611] Unable to find an associated reset port for the interface 'S_AXI'. A default connection has been created.
WARNING: [IP_Flow 19-5611] Unable to find an associated reset port for the interface 'M_AXI'. A default connection has been created.
INFO: [BD 41-1029] Generation completed for the IP Integrator block ps7_0_axi_periph/s00_couplers/auto_us .
WARNING: [IP_Flow 19-4994] Overwriting existing constraint file 'c:/Users/vladi/Documents/Travail/Formation_AJC-Expleo/Projet/PL/Soc_Tracking.gen/sources_1/bd/Soc_Tracking/ip/Soc_Tracking_auto_ds_0/Soc_Tracking_auto_ds_0_ooc.xdc'
WARNING: [IP_Flow 19-5611] Unable to find an associated reset port for the interface 'S_AXI'. A default connection has been created.
WARNING: [IP_Flow 19-5611] Unable to find an associated reset port for the interface 'M_AXI'. A default connection has been created.
INFO: [BD 41-1029] Generation completed for the IP Integrator block ps7_0_axi_periph/m00_couplers/auto_ds .
WARNING: [IP_Flow 19-4994] Overwriting existing constraint file 'c:/Users/vladi/Documents/Travail/Formation_AJC-Expleo/Projet/PL/Soc_Tracking.gen/sources_1/bd/Soc_Tracking/ip/Soc_Tracking_auto_pc_0/Soc_Tracking_auto_pc_0_ooc.xdc'
INFO: [BD 41-1029] Generation completed for the IP Integrator block ps7_0_axi_periph/m00_couplers/auto_pc .
WARNING: [IP_Flow 19-4994] Overwriting existing constraint file 'c:/Users/vladi/Documents/Travail/Formation_AJC-Expleo/Projet/PL/Soc_Tracking.gen/sources_1/bd/Soc_Tracking/ip/Soc_Tracking_auto_ds_1/Soc_Tracking_auto_ds_1_ooc.xdc'
WARNING: [IP_Flow 19-5611] Unable to find an associated reset port for the interface 'S_AXI'. A default connection has been created.
WARNING: [IP_Flow 19-5611] Unable to find an associated reset port for the interface 'M_AXI'. A default connection has been created.
INFO: [BD 41-1029] Generation completed for the IP Integrator block ps7_0_axi_periph/m01_couplers/auto_ds .
WARNING: [IP_Flow 19-4994] Overwriting existing constraint file 'c:/Users/vladi/Documents/Travail/Formation_AJC-Expleo/Projet/PL/Soc_Tracking.gen/sources_1/bd/Soc_Tracking/ip/Soc_Tracking_auto_pc_1/Soc_Tracking_auto_pc_1_ooc.xdc'
INFO: [BD 41-1029] Generation completed for the IP Integrator block ps7_0_axi_periph/m01_couplers/auto_pc .
Exporting to file c:/Users/vladi/Documents/Travail/Formation_AJC-Expleo/Projet/PL/Soc_Tracking.gen/sources_1/bd/Soc_Tracking/hw_handoff/Soc_Tracking.hwh
Generated Block Design Tcl file c:/Users/vladi/Documents/Travail/Formation_AJC-Expleo/Projet/PL/Soc_Tracking.gen/sources_1/bd/Soc_Tracking/hw_handoff/Soc_Tracking_bd.tcl
Generated Hardware Definition File c:/Users/vladi/Documents/Travail/Formation_AJC-Expleo/Projet/PL/Soc_Tracking.gen/sources_1/bd/Soc_Tracking/synth/Soc_Tracking.hwdef
generate_target: Time (s): cpu = 00:00:20 ; elapsed = 00:00:33 . Memory (MB): peak = 2186.664 ; gain = 0.000
catch { config_ip_cache -export [get_ips -all Soc_Tracking_video_input_register_0_0] }
INFO: [IP_Flow 19-4993] Using cached IP synthesis design for IP Soc_Tracking_video_input_register_0_0, cache-ID = b4cfa1c34216c0bd; cache size = 32.493 MB.
catch { config_ip_cache -export [get_ips -all Soc_Tracking_auto_pc_2] }
INFO: [IP_Flow 19-4993] Using cached IP synthesis design for IP Soc_Tracking_auto_pc_2, cache-ID = c4bc4fa6dac68063; cache size = 32.493 MB.
catch { config_ip_cache -export [get_ips -all Soc_Tracking_auto_us_0] }
INFO: [IP_Flow 19-4993] Using cached IP synthesis design for IP Soc_Tracking_auto_us_0, cache-ID = 50ef451a8d3b1ddd; cache size = 32.493 MB.
catch { config_ip_cache -export [get_ips -all Soc_Tracking_auto_ds_0] }
INFO: [IP_Flow 19-4993] Using cached IP synthesis design for IP Soc_Tracking_auto_ds_0, cache-ID = a8eb9896423c21ef; cache size = 32.493 MB.
catch { config_ip_cache -export [get_ips -all Soc_Tracking_auto_pc_0] }
INFO: [IP_Flow 19-4993] Using cached IP synthesis design for IP Soc_Tracking_auto_pc_0, cache-ID = ebbb6a178fc890b7; cache size = 32.493 MB.
catch { config_ip_cache -export [get_ips -all Soc_Tracking_auto_ds_1] }
INFO: [IP_Flow 19-4993] Using cached IP synthesis design for IP Soc_Tracking_auto_ds_1, cache-ID = 3d1a45e117af82e4; cache size = 32.493 MB.
catch { config_ip_cache -export [get_ips -all Soc_Tracking_auto_pc_1] }
INFO: [IP_Flow 19-4993] Using cached IP synthesis design for IP Soc_Tracking_auto_pc_1, cache-ID = 0e0b8285eb18bbe3; cache size = 32.493 MB.
export_ip_user_files -of_objects [get_files C:/Users/vladi/Documents/Travail/Formation_AJC-Expleo/Projet/PL/Soc_Tracking.srcs/sources_1/bd/Soc_Tracking/Soc_Tracking.bd] -no_script -sync -force -quiet
create_ip_run [get_files -of_objects [get_fileset sources_1] C:/Users/vladi/Documents/Travail/Formation_AJC-Expleo/Projet/PL/Soc_Tracking.srcs/sources_1/bd/Soc_Tracking/Soc_Tracking.bd]
export_simulation -of_objects [get_files C:/Users/vladi/Documents/Travail/Formation_AJC-Expleo/Projet/PL/Soc_Tracking.srcs/sources_1/bd/Soc_Tracking/Soc_Tracking.bd] -directory C:/Users/vladi/Documents/Travail/Formation_AJC-Expleo/Projet/PL/Soc_Tracking.ip_user_files/sim_scripts -ip_user_files_dir C:/Users/vladi/Documents/Travail/Formation_AJC-Expleo/Projet/PL/Soc_Tracking.ip_user_files -ipstatic_source_dir C:/Users/vladi/Documents/Travail/Formation_AJC-Expleo/Projet/PL/Soc_Tracking.ip_user_files/ipstatic -lib_map_path [list {modelsim=C:/Users/vladi/Documents/Travail/Formation_AJC-Expleo/Projet/PL/Soc_Tracking.cache/compile_simlib/modelsim} {questa=C:/Users/vladi/Documents/Travail/Formation_AJC-Expleo/Projet/PL/Soc_Tracking.cache/compile_simlib/questa} {riviera=C:/Users/vladi/Documents/Travail/Formation_AJC-Expleo/Projet/PL/Soc_Tracking.cache/compile_simlib/riviera} {activehdl=C:/Users/vladi/Documents/Travail/Formation_AJC-Expleo/Projet/PL/Soc_Tracking.cache/compile_simlib/activehdl}] -use_ip_compiled_libs -force -quiet
reset_run synth_1
launch_runs impl_1 -to_step write_bitstream -jobs 8
[Wed Sep  9 12:48:07 2026] Launched synth_1...
Run output will be captured here: C:/Users/vladi/Documents/Travail/Formation_AJC-Expleo/Projet/PL/Soc_Tracking.runs/synth_1/runme.log
[Wed Sep  9 12:48:07 2026] Launched impl_1...
Run output will be captured here: C:/Users/vladi/Documents/Travail/Formation_AJC-Expleo/Projet/PL/Soc_Tracking.runs/impl_1/runme.log
report_ip_status -name ip_status 
write_hw_platform -fixed -include_bit -force -file C:/Users/vladi/Documents/Travail/Formation_AJC-Expleo/Projet/PL/Soc_Tracking_wrapper.xsa
INFO: [Vivado 12-4895] Creating Hardware Platform: C:/Users/vladi/Documents/Travail/Formation_AJC-Expleo/Projet/PL/Soc_Tracking_wrapper.xsa ...
INFO: [Vivado 12-12467] The Hardware Platform can be used for Hardware
INFO: [Vivado 12-4896] Successfully created Hardware Platform: C:/Users/vladi/Documents/Travail/Formation_AJC-Expleo/Projet/PL/Soc_Tracking_wrapper.xsa
write_hw_platform: Time (s): cpu = 00:00:07 ; elapsed = 00:00:19 . Memory (MB): peak = 2212.312 ; gain = 16.164
update_ip_catalog -rebuild -scan_changes
INFO: [IP_Flow 19-234] Refreshing IP repositories
INFO: [IP_Flow 19-1700] Loaded user IP repository 'c:/Users/vladi/Documents/Travail/Formation_AJC-Expleo/Projet/ip_repo/video_input_selector_1.0'.
INFO: [IP_Flow 19-1700] Loaded user IP repository 'c:/Users/vladi/Documents/Travail/Formation_AJC-Expleo/Projet/ip_repo/video_input_register_1.0'.
INFO: [IP_Flow 19-1700] Loaded user IP repository 'c:/Users/vladi/Documents/Travail/Formation_AJC-Expleo/Projet/MyIPs'.
update_ip_catalog: Time (s): cpu = 00:00:09 ; elapsed = 00:00:11 . Memory (MB): peak = 2224.230 ; gain = 0.000
report_ip_status -name ip_status
upgrade_ip -vlnv xilinx.com:user:video_input_register:1.0 [get_ips  Soc_Tracking_video_input_register_0_0] -log ip_upgrade.log
Upgrading 'C:/Users/vladi/Documents/Travail/Formation_AJC-Expleo/Projet/PL/Soc_Tracking.srcs/sources_1/bd/Soc_Tracking/Soc_Tracking.bd'
INFO: [IP_Flow 19-1972] Upgraded Soc_Tracking_video_input_register_0_0 from video_input_register_v1.0 1.0 to video_input_register_v1.0 1.0
Excluding slave segment /video_input_register_0/S00_AXI/S00_AXI_reg from address space /DMA24bUnit_mm2s_0/Data_m_axi_gmem.
Wrote  : <C:\Users\vladi\Documents\Travail\Formation_AJC-Expleo\Projet\PL\Soc_Tracking.srcs\sources_1\bd\Soc_Tracking\Soc_Tracking.bd> 
INFO: [Coretcl 2-1525] Wrote upgrade log to 'C:/Users/vladi/Documents/Travail/Formation_AJC-Expleo/Projet/PL/ip_upgrade.log'.
upgrade_ip: Time (s): cpu = 00:00:02 ; elapsed = 00:00:19 . Memory (MB): peak = 2224.230 ; gain = 0.000
export_ip_user_files -of_objects [get_ips Soc_Tracking_video_input_register_0_0] -no_script -sync -force -quiet
generate_target all [get_files  C:/Users/vladi/Documents/Travail/Formation_AJC-Expleo/Projet/PL/Soc_Tracking.srcs/sources_1/bd/Soc_Tracking/Soc_Tracking.bd]
INFO: [xilinx.com:ip:util_vector_logic:2.0-10] /util_vector_logic_0 IP set output pin Res type to "rst" when Input pin Op1 type is "rst" and Input pin Op2 type is "undef".
INFO: [xilinx.com:ip:util_vector_logic:2.0-10] /util_vector_logic_1 IP set output pin Res type to "rst" when Input pin Op1 type is "rst" and Input pin Op2 type is "undef".
Wrote  : <C:\Users\vladi\Documents\Travail\Formation_AJC-Expleo\Projet\PL\Soc_Tracking.srcs\sources_1\bd\Soc_Tracking\Soc_Tracking.bd> 
WARNING: [BD 41-2384] Width mismatch when connecting pin: '/ps7_0_axi_periph/xbar/s_axi_arlock'(1) to pin: '/ps7_0_axi_periph/s01_couplers/M_AXI_arlock'(2) - Only lower order bits will be connected.
WARNING: [BD 41-2384] Width mismatch when connecting pin: '/ps7_0_axi_periph/xbar/s_axi_awlock'(1) to pin: '/ps7_0_axi_periph/s01_couplers/M_AXI_awlock'(2) - Only lower order bits will be connected.
VHDL Output written to : c:/Users/vladi/Documents/Travail/Formation_AJC-Expleo/Projet/PL/Soc_Tracking.gen/sources_1/bd/Soc_Tracking/synth/Soc_Tracking.vhd
WARNING: [BD 41-2384] Width mismatch when connecting pin: '/ps7_0_axi_periph/xbar/s_axi_arlock'(1) to pin: '/ps7_0_axi_periph/s01_couplers/M_AXI_arlock'(2) - Only lower order bits will be connected.
WARNING: [BD 41-2384] Width mismatch when connecting pin: '/ps7_0_axi_periph/xbar/s_axi_awlock'(1) to pin: '/ps7_0_axi_periph/s01_couplers/M_AXI_awlock'(2) - Only lower order bits will be connected.
VHDL Output written to : c:/Users/vladi/Documents/Travail/Formation_AJC-Expleo/Projet/PL/Soc_Tracking.gen/sources_1/bd/Soc_Tracking/sim/Soc_Tracking.vhd
VHDL Output written to : c:/Users/vladi/Documents/Travail/Formation_AJC-Expleo/Projet/PL/Soc_Tracking.gen/sources_1/bd/Soc_Tracking/hdl/Soc_Tracking_wrapper.vhd
INFO: [BD 41-1029] Generation completed for the IP Integrator block video_input_register_0 .
WARNING: [IP_Flow 19-4994] Overwriting existing constraint file 'c:/Users/vladi/Documents/Travail/Formation_AJC-Expleo/Projet/PL/Soc_Tracking.gen/sources_1/bd/Soc_Tracking/ip/Soc_Tracking_auto_pc_2/Soc_Tracking_auto_pc_2_ooc.xdc'
INFO: [BD 41-1029] Generation completed for the IP Integrator block ps7_0_axi_periph/s00_couplers/auto_pc .
WARNING: [IP_Flow 19-4994] Overwriting existing constraint file 'c:/Users/vladi/Documents/Travail/Formation_AJC-Expleo/Projet/PL/Soc_Tracking.gen/sources_1/bd/Soc_Tracking/ip/Soc_Tracking_auto_us_0/Soc_Tracking_auto_us_0_ooc.xdc'
WARNING: [IP_Flow 19-5611] Unable to find an associated reset port for the interface 'S_AXI'. A default connection has been created.
WARNING: [IP_Flow 19-5611] Unable to find an associated reset port for the interface 'M_AXI'. A default connection has been created.
INFO: [BD 41-1029] Generation completed for the IP Integrator block ps7_0_axi_periph/s00_couplers/auto_us .
WARNING: [IP_Flow 19-4994] Overwriting existing constraint file 'c:/Users/vladi/Documents/Travail/Formation_AJC-Expleo/Projet/PL/Soc_Tracking.gen/sources_1/bd/Soc_Tracking/ip/Soc_Tracking_auto_ds_0/Soc_Tracking_auto_ds_0_ooc.xdc'
WARNING: [IP_Flow 19-5611] Unable to find an associated reset port for the interface 'S_AXI'. A default connection has been created.
WARNING: [IP_Flow 19-5611] Unable to find an associated reset port for the interface 'M_AXI'. A default connection has been created.
INFO: [BD 41-1029] Generation completed for the IP Integrator block ps7_0_axi_periph/m00_couplers/auto_ds .
WARNING: [IP_Flow 19-4994] Overwriting existing constraint file 'c:/Users/vladi/Documents/Travail/Formation_AJC-Expleo/Projet/PL/Soc_Tracking.gen/sources_1/bd/Soc_Tracking/ip/Soc_Tracking_auto_pc_0/Soc_Tracking_auto_pc_0_ooc.xdc'
INFO: [BD 41-1029] Generation completed for the IP Integrator block ps7_0_axi_periph/m00_couplers/auto_pc .
WARNING: [IP_Flow 19-4994] Overwriting existing constraint file 'c:/Users/vladi/Documents/Travail/Formation_AJC-Expleo/Projet/PL/Soc_Tracking.gen/sources_1/bd/Soc_Tracking/ip/Soc_Tracking_auto_ds_1/Soc_Tracking_auto_ds_1_ooc.xdc'
WARNING: [IP_Flow 19-5611] Unable to find an associated reset port for the interface 'S_AXI'. A default connection has been created.
WARNING: [IP_Flow 19-5611] Unable to find an associated reset port for the interface 'M_AXI'. A default connection has been created.
INFO: [BD 41-1029] Generation completed for the IP Integrator block ps7_0_axi_periph/m01_couplers/auto_ds .
WARNING: [IP_Flow 19-4994] Overwriting existing constraint file 'c:/Users/vladi/Documents/Travail/Formation_AJC-Expleo/Projet/PL/Soc_Tracking.gen/sources_1/bd/Soc_Tracking/ip/Soc_Tracking_auto_pc_1/Soc_Tracking_auto_pc_1_ooc.xdc'
INFO: [BD 41-1029] Generation completed for the IP Integrator block ps7_0_axi_periph/m01_couplers/auto_pc .
Exporting to file c:/Users/vladi/Documents/Travail/Formation_AJC-Expleo/Projet/PL/Soc_Tracking.gen/sources_1/bd/Soc_Tracking/hw_handoff/Soc_Tracking.hwh
Generated Block Design Tcl file c:/Users/vladi/Documents/Travail/Formation_AJC-Expleo/Projet/PL/Soc_Tracking.gen/sources_1/bd/Soc_Tracking/hw_handoff/Soc_Tracking_bd.tcl
Generated Hardware Definition File c:/Users/vladi/Documents/Travail/Formation_AJC-Expleo/Projet/PL/Soc_Tracking.gen/sources_1/bd/Soc_Tracking/synth/Soc_Tracking.hwdef
generate_target: Time (s): cpu = 00:00:19 ; elapsed = 00:00:29 . Memory (MB): peak = 2224.230 ; gain = 0.000
catch { config_ip_cache -export [get_ips -all Soc_Tracking_video_input_register_0_0] }
catch { config_ip_cache -export [get_ips -all Soc_Tracking_auto_pc_2] }
INFO: [IP_Flow 19-4993] Using cached IP synthesis design for IP Soc_Tracking_auto_pc_2, cache-ID = c4bc4fa6dac68063; cache size = 32.327 MB.
catch { config_ip_cache -export [get_ips -all Soc_Tracking_auto_us_0] }
INFO: [IP_Flow 19-4993] Using cached IP synthesis design for IP Soc_Tracking_auto_us_0, cache-ID = 50ef451a8d3b1ddd; cache size = 32.327 MB.
catch { config_ip_cache -export [get_ips -all Soc_Tracking_auto_ds_0] }
INFO: [IP_Flow 19-4993] Using cached IP synthesis design for IP Soc_Tracking_auto_ds_0, cache-ID = a8eb9896423c21ef; cache size = 32.327 MB.
catch { config_ip_cache -export [get_ips -all Soc_Tracking_auto_pc_0] }
INFO: [IP_Flow 19-4993] Using cached IP synthesis design for IP Soc_Tracking_auto_pc_0, cache-ID = ebbb6a178fc890b7; cache size = 32.327 MB.
catch { config_ip_cache -export [get_ips -all Soc_Tracking_auto_ds_1] }
INFO: [IP_Flow 19-4993] Using cached IP synthesis design for IP Soc_Tracking_auto_ds_1, cache-ID = 3d1a45e117af82e4; cache size = 32.327 MB.
catch { config_ip_cache -export [get_ips -all Soc_Tracking_auto_pc_1] }
INFO: [IP_Flow 19-4993] Using cached IP synthesis design for IP Soc_Tracking_auto_pc_1, cache-ID = 0e0b8285eb18bbe3; cache size = 32.327 MB.
export_ip_user_files -of_objects [get_files C:/Users/vladi/Documents/Travail/Formation_AJC-Expleo/Projet/PL/Soc_Tracking.srcs/sources_1/bd/Soc_Tracking/Soc_Tracking.bd] -no_script -sync -force -quiet
create_ip_run [get_files -of_objects [get_fileset sources_1] C:/Users/vladi/Documents/Travail/Formation_AJC-Expleo/Projet/PL/Soc_Tracking.srcs/sources_1/bd/Soc_Tracking/Soc_Tracking.bd]
launch_runs Soc_Tracking_video_input_register_0_0_synth_1 -jobs 8
[Wed Sep  9 14:53:01 2026] Launched Soc_Tracking_video_input_register_0_0_synth_1...
Run output will be captured here: C:/Users/vladi/Documents/Travail/Formation_AJC-Expleo/Projet/PL/Soc_Tracking.runs/Soc_Tracking_video_input_register_0_0_synth_1/runme.log
export_simulation -of_objects [get_files C:/Users/vladi/Documents/Travail/Formation_AJC-Expleo/Projet/PL/Soc_Tracking.srcs/sources_1/bd/Soc_Tracking/Soc_Tracking.bd] -directory C:/Users/vladi/Documents/Travail/Formation_AJC-Expleo/Projet/PL/Soc_Tracking.ip_user_files/sim_scripts -ip_user_files_dir C:/Users/vladi/Documents/Travail/Formation_AJC-Expleo/Projet/PL/Soc_Tracking.ip_user_files -ipstatic_source_dir C:/Users/vladi/Documents/Travail/Formation_AJC-Expleo/Projet/PL/Soc_Tracking.ip_user_files/ipstatic -lib_map_path [list {modelsim=C:/Users/vladi/Documents/Travail/Formation_AJC-Expleo/Projet/PL/Soc_Tracking.cache/compile_simlib/modelsim} {questa=C:/Users/vladi/Documents/Travail/Formation_AJC-Expleo/Projet/PL/Soc_Tracking.cache/compile_simlib/questa} {riviera=C:/Users/vladi/Documents/Travail/Formation_AJC-Expleo/Projet/PL/Soc_Tracking.cache/compile_simlib/riviera} {activehdl=C:/Users/vladi/Documents/Travail/Formation_AJC-Expleo/Projet/PL/Soc_Tracking.cache/compile_simlib/activehdl}] -use_ip_compiled_libs -force -quiet
report_ip_status -name ip_status 
reset_run synth_1
launch_runs impl_1 -to_step write_bitstream -jobs 8
[Wed Sep  9 14:54:18 2026] Launched synth_1...
Run output will be captured here: C:/Users/vladi/Documents/Travail/Formation_AJC-Expleo/Projet/PL/Soc_Tracking.runs/synth_1/runme.log
[Wed Sep  9 14:54:18 2026] Launched impl_1...
Run output will be captured here: C:/Users/vladi/Documents/Travail/Formation_AJC-Expleo/Projet/PL/Soc_Tracking.runs/impl_1/runme.log
write_hw_platform -fixed -include_bit -force -file C:/Users/vladi/Documents/Travail/Formation_AJC-Expleo/Projet/PL/Soc_Tracking_wrapper.xsa
INFO: [Vivado 12-4895] Creating Hardware Platform: C:/Users/vladi/Documents/Travail/Formation_AJC-Expleo/Projet/PL/Soc_Tracking_wrapper.xsa ...
INFO: [Vivado 12-12467] The Hardware Platform can be used for Hardware
INFO: [Vivado 12-4896] Successfully created Hardware Platform: C:/Users/vladi/Documents/Travail/Formation_AJC-Expleo/Projet/PL/Soc_Tracking_wrapper.xsa
write_hw_platform: Time (s): cpu = 00:00:07 ; elapsed = 00:00:43 . Memory (MB): peak = 2264.398 ; gain = 40.168
update_ip_catalog -rebuild -scan_changes
INFO: [IP_Flow 19-234] Refreshing IP repositories
INFO: [IP_Flow 19-1700] Loaded user IP repository 'c:/Users/vladi/Documents/Travail/Formation_AJC-Expleo/Projet/ip_repo/video_input_selector_1.0'.
INFO: [IP_Flow 19-1700] Loaded user IP repository 'c:/Users/vladi/Documents/Travail/Formation_AJC-Expleo/Projet/ip_repo/video_input_register_1.0'.
INFO: [IP_Flow 19-1700] Loaded user IP repository 'c:/Users/vladi/Documents/Travail/Formation_AJC-Expleo/Projet/MyIPs'.
report_ip_status -name ip_status
upgrade_ip -vlnv xilinx.com:user:video_input_register:1.0 [get_ips  Soc_Tracking_video_input_register_0_0] -log ip_upgrade.log
Upgrading 'C:/Users/vladi/Documents/Travail/Formation_AJC-Expleo/Projet/PL/Soc_Tracking.srcs/sources_1/bd/Soc_Tracking/Soc_Tracking.bd'
INFO: [IP_Flow 19-1972] Upgraded Soc_Tracking_video_input_register_0_0 from video_input_register_v1.0 1.0 to video_input_register_v1.0 1.0
Excluding slave segment /video_input_register_0/S00_AXI/S00_AXI_reg from address space /DMA24bUnit_mm2s_0/Data_m_axi_gmem.
Wrote  : <C:\Users\vladi\Documents\Travail\Formation_AJC-Expleo\Projet\PL\Soc_Tracking.srcs\sources_1\bd\Soc_Tracking\Soc_Tracking.bd> 
Wrote  : <C:/Users/vladi/Documents/Travail/Formation_AJC-Expleo/Projet/PL/Soc_Tracking.srcs/sources_1/bd/Soc_Tracking/ui/bd_127f896f.ui> 
INFO: [Coretcl 2-1525] Wrote upgrade log to 'C:/Users/vladi/Documents/Travail/Formation_AJC-Expleo/Projet/PL/ip_upgrade.log'.
upgrade_ip: Time (s): cpu = 00:00:01 ; elapsed = 00:00:07 . Memory (MB): peak = 2280.559 ; gain = 0.000
export_ip_user_files -of_objects [get_ips Soc_Tracking_video_input_register_0_0] -no_script -sync -force -quiet
generate_target all [get_files  C:/Users/vladi/Documents/Travail/Formation_AJC-Expleo/Projet/PL/Soc_Tracking.srcs/sources_1/bd/Soc_Tracking/Soc_Tracking.bd]
INFO: [xilinx.com:ip:util_vector_logic:2.0-10] /util_vector_logic_0 IP set output pin Res type to "rst" when Input pin Op1 type is "rst" and Input pin Op2 type is "undef".
INFO: [xilinx.com:ip:util_vector_logic:2.0-10] /util_vector_logic_1 IP set output pin Res type to "rst" when Input pin Op1 type is "rst" and Input pin Op2 type is "undef".
Wrote  : <C:\Users\vladi\Documents\Travail\Formation_AJC-Expleo\Projet\PL\Soc_Tracking.srcs\sources_1\bd\Soc_Tracking\Soc_Tracking.bd> 
WARNING: [BD 41-2384] Width mismatch when connecting pin: '/ps7_0_axi_periph/xbar/s_axi_arlock'(1) to pin: '/ps7_0_axi_periph/s01_couplers/M_AXI_arlock'(2) - Only lower order bits will be connected.
WARNING: [BD 41-2384] Width mismatch when connecting pin: '/ps7_0_axi_periph/xbar/s_axi_awlock'(1) to pin: '/ps7_0_axi_periph/s01_couplers/M_AXI_awlock'(2) - Only lower order bits will be connected.
VHDL Output written to : c:/Users/vladi/Documents/Travail/Formation_AJC-Expleo/Projet/PL/Soc_Tracking.gen/sources_1/bd/Soc_Tracking/synth/Soc_Tracking.vhd
WARNING: [BD 41-2384] Width mismatch when connecting pin: '/ps7_0_axi_periph/xbar/s_axi_arlock'(1) to pin: '/ps7_0_axi_periph/s01_couplers/M_AXI_arlock'(2) - Only lower order bits will be connected.
WARNING: [BD 41-2384] Width mismatch when connecting pin: '/ps7_0_axi_periph/xbar/s_axi_awlock'(1) to pin: '/ps7_0_axi_periph/s01_couplers/M_AXI_awlock'(2) - Only lower order bits will be connected.
VHDL Output written to : c:/Users/vladi/Documents/Travail/Formation_AJC-Expleo/Projet/PL/Soc_Tracking.gen/sources_1/bd/Soc_Tracking/sim/Soc_Tracking.vhd
VHDL Output written to : c:/Users/vladi/Documents/Travail/Formation_AJC-Expleo/Projet/PL/Soc_Tracking.gen/sources_1/bd/Soc_Tracking/hdl/Soc_Tracking_wrapper.vhd
INFO: [BD 41-1029] Generation completed for the IP Integrator block video_input_register_0 .
WARNING: [IP_Flow 19-4994] Overwriting existing constraint file 'c:/Users/vladi/Documents/Travail/Formation_AJC-Expleo/Projet/PL/Soc_Tracking.gen/sources_1/bd/Soc_Tracking/ip/Soc_Tracking_auto_pc_2/Soc_Tracking_auto_pc_2_ooc.xdc'
INFO: [BD 41-1029] Generation completed for the IP Integrator block ps7_0_axi_periph/s00_couplers/auto_pc .
WARNING: [IP_Flow 19-4994] Overwriting existing constraint file 'c:/Users/vladi/Documents/Travail/Formation_AJC-Expleo/Projet/PL/Soc_Tracking.gen/sources_1/bd/Soc_Tracking/ip/Soc_Tracking_auto_us_0/Soc_Tracking_auto_us_0_ooc.xdc'
WARNING: [IP_Flow 19-5611] Unable to find an associated reset port for the interface 'S_AXI'. A default connection has been created.
WARNING: [IP_Flow 19-5611] Unable to find an associated reset port for the interface 'M_AXI'. A default connection has been created.
INFO: [BD 41-1029] Generation completed for the IP Integrator block ps7_0_axi_periph/s00_couplers/auto_us .
WARNING: [IP_Flow 19-4994] Overwriting existing constraint file 'c:/Users/vladi/Documents/Travail/Formation_AJC-Expleo/Projet/PL/Soc_Tracking.gen/sources_1/bd/Soc_Tracking/ip/Soc_Tracking_auto_ds_0/Soc_Tracking_auto_ds_0_ooc.xdc'
WARNING: [IP_Flow 19-5611] Unable to find an associated reset port for the interface 'S_AXI'. A default connection has been created.
WARNING: [IP_Flow 19-5611] Unable to find an associated reset port for the interface 'M_AXI'. A default connection has been created.
INFO: [BD 41-1029] Generation completed for the IP Integrator block ps7_0_axi_periph/m00_couplers/auto_ds .
WARNING: [IP_Flow 19-4994] Overwriting existing constraint file 'c:/Users/vladi/Documents/Travail/Formation_AJC-Expleo/Projet/PL/Soc_Tracking.gen/sources_1/bd/Soc_Tracking/ip/Soc_Tracking_auto_pc_0/Soc_Tracking_auto_pc_0_ooc.xdc'
INFO: [BD 41-1029] Generation completed for the IP Integrator block ps7_0_axi_periph/m00_couplers/auto_pc .
WARNING: [IP_Flow 19-4994] Overwriting existing constraint file 'c:/Users/vladi/Documents/Travail/Formation_AJC-Expleo/Projet/PL/Soc_Tracking.gen/sources_1/bd/Soc_Tracking/ip/Soc_Tracking_auto_ds_1/Soc_Tracking_auto_ds_1_ooc.xdc'
WARNING: [IP_Flow 19-5611] Unable to find an associated reset port for the interface 'S_AXI'. A default connection has been created.
WARNING: [IP_Flow 19-5611] Unable to find an associated reset port for the interface 'M_AXI'. A default connection has been created.
INFO: [BD 41-1029] Generation completed for the IP Integrator block ps7_0_axi_periph/m01_couplers/auto_ds .
WARNING: [IP_Flow 19-4994] Overwriting existing constraint file 'c:/Users/vladi/Documents/Travail/Formation_AJC-Expleo/Projet/PL/Soc_Tracking.gen/sources_1/bd/Soc_Tracking/ip/Soc_Tracking_auto_pc_1/Soc_Tracking_auto_pc_1_ooc.xdc'
INFO: [BD 41-1029] Generation completed for the IP Integrator block ps7_0_axi_periph/m01_couplers/auto_pc .
Exporting to file c:/Users/vladi/Documents/Travail/Formation_AJC-Expleo/Projet/PL/Soc_Tracking.gen/sources_1/bd/Soc_Tracking/hw_handoff/Soc_Tracking.hwh
Generated Block Design Tcl file c:/Users/vladi/Documents/Travail/Formation_AJC-Expleo/Projet/PL/Soc_Tracking.gen/sources_1/bd/Soc_Tracking/hw_handoff/Soc_Tracking_bd.tcl
Generated Hardware Definition File c:/Users/vladi/Documents/Travail/Formation_AJC-Expleo/Projet/PL/Soc_Tracking.gen/sources_1/bd/Soc_Tracking/synth/Soc_Tracking.hwdef
generate_target: Time (s): cpu = 00:00:20 ; elapsed = 00:00:37 . Memory (MB): peak = 2593.551 ; gain = 312.992
catch { config_ip_cache -export [get_ips -all Soc_Tracking_video_input_register_0_0] }
INFO: [IP_Flow 19-4993] Using cached IP synthesis design for IP Soc_Tracking_video_input_register_0_0, cache-ID = b4cfa1c34216c0bd; cache size = 32.493 MB.
catch { config_ip_cache -export [get_ips -all Soc_Tracking_auto_pc_2] }
INFO: [IP_Flow 19-4993] Using cached IP synthesis design for IP Soc_Tracking_auto_pc_2, cache-ID = c4bc4fa6dac68063; cache size = 32.493 MB.
catch { config_ip_cache -export [get_ips -all Soc_Tracking_auto_us_0] }
INFO: [IP_Flow 19-4993] Using cached IP synthesis design for IP Soc_Tracking_auto_us_0, cache-ID = 50ef451a8d3b1ddd; cache size = 32.493 MB.
catch { config_ip_cache -export [get_ips -all Soc_Tracking_auto_ds_0] }
INFO: [IP_Flow 19-4993] Using cached IP synthesis design for IP Soc_Tracking_auto_ds_0, cache-ID = a8eb9896423c21ef; cache size = 32.493 MB.
catch { config_ip_cache -export [get_ips -all Soc_Tracking_auto_pc_0] }
INFO: [IP_Flow 19-4993] Using cached IP synthesis design for IP Soc_Tracking_auto_pc_0, cache-ID = ebbb6a178fc890b7; cache size = 32.493 MB.
catch { config_ip_cache -export [get_ips -all Soc_Tracking_auto_ds_1] }
INFO: [IP_Flow 19-4993] Using cached IP synthesis design for IP Soc_Tracking_auto_ds_1, cache-ID = 3d1a45e117af82e4; cache size = 32.493 MB.
catch { config_ip_cache -export [get_ips -all Soc_Tracking_auto_pc_1] }
INFO: [IP_Flow 19-4993] Using cached IP synthesis design for IP Soc_Tracking_auto_pc_1, cache-ID = 0e0b8285eb18bbe3; cache size = 32.493 MB.
export_ip_user_files -of_objects [get_files C:/Users/vladi/Documents/Travail/Formation_AJC-Expleo/Projet/PL/Soc_Tracking.srcs/sources_1/bd/Soc_Tracking/Soc_Tracking.bd] -no_script -sync -force -quiet
create_ip_run [get_files -of_objects [get_fileset sources_1] C:/Users/vladi/Documents/Travail/Formation_AJC-Expleo/Projet/PL/Soc_Tracking.srcs/sources_1/bd/Soc_Tracking/Soc_Tracking.bd]
export_simulation -of_objects [get_files C:/Users/vladi/Documents/Travail/Formation_AJC-Expleo/Projet/PL/Soc_Tracking.srcs/sources_1/bd/Soc_Tracking/Soc_Tracking.bd] -directory C:/Users/vladi/Documents/Travail/Formation_AJC-Expleo/Projet/PL/Soc_Tracking.ip_user_files/sim_scripts -ip_user_files_dir C:/Users/vladi/Documents/Travail/Formation_AJC-Expleo/Projet/PL/Soc_Tracking.ip_user_files -ipstatic_source_dir C:/Users/vladi/Documents/Travail/Formation_AJC-Expleo/Projet/PL/Soc_Tracking.ip_user_files/ipstatic -lib_map_path [list {modelsim=C:/Users/vladi/Documents/Travail/Formation_AJC-Expleo/Projet/PL/Soc_Tracking.cache/compile_simlib/modelsim} {questa=C:/Users/vladi/Documents/Travail/Formation_AJC-Expleo/Projet/PL/Soc_Tracking.cache/compile_simlib/questa} {riviera=C:/Users/vladi/Documents/Travail/Formation_AJC-Expleo/Projet/PL/Soc_Tracking.cache/compile_simlib/riviera} {activehdl=C:/Users/vladi/Documents/Travail/Formation_AJC-Expleo/Projet/PL/Soc_Tracking.cache/compile_simlib/activehdl}] -use_ip_compiled_libs -force -quiet
report_ip_status -name ip_status 
reset_run synth_1
launch_runs impl_1 -to_step write_bitstream -jobs 8
[Wed Sep  9 15:39:15 2026] Launched synth_1...
Run output will be captured here: C:/Users/vladi/Documents/Travail/Formation_AJC-Expleo/Projet/PL/Soc_Tracking.runs/synth_1/runme.log
[Wed Sep  9 15:39:15 2026] Launched impl_1...
Run output will be captured here: C:/Users/vladi/Documents/Travail/Formation_AJC-Expleo/Projet/PL/Soc_Tracking.runs/impl_1/runme.log
write_hw_platform -fixed -include_bit -force -file C:/Users/vladi/Documents/Travail/Formation_AJC-Expleo/Projet/PL/Soc_Tracking_wrapper.xsa
INFO: [Vivado 12-4895] Creating Hardware Platform: C:/Users/vladi/Documents/Travail/Formation_AJC-Expleo/Projet/PL/Soc_Tracking_wrapper.xsa ...
INFO: [Vivado 12-12467] The Hardware Platform can be used for Hardware
INFO: [Vivado 12-4896] Successfully created Hardware Platform: C:/Users/vladi/Documents/Travail/Formation_AJC-Expleo/Projet/PL/Soc_Tracking_wrapper.xsa
write_hw_platform: Time (s): cpu = 00:00:07 ; elapsed = 00:00:15 . Memory (MB): peak = 2610.266 ; gain = 16.715
