#-----------------------------------------------------------
# Vivado v2020.2 (64-bit)
# SW Build 3064766 on Wed Nov 18 09:12:45 MST 2020
# IP Build 3064653 on Wed Nov 18 14:17:31 MST 2020
# Start of session at: Tue Sep  8 12:07:11 2026
# Process ID: 11356
# Current directory: C:/Users/vladi/Documents/Travail/Formation_AJC-Expleo/Projet/PL
# Command line: vivado.exe -gui_launcher_event rodinguilauncherevent21016 C:\Users\vladi\Documents\Travail\Formation_AJC-Expleo\Projet\PL\Soc_Tracking.xpr
# Log file: C:/Users/vladi/Documents/Travail/Formation_AJC-Expleo/Projet/PL/vivado.log
# Journal file: C:/Users/vladi/Documents/Travail/Formation_AJC-Expleo/Projet/PL\vivado.jou
#-----------------------------------------------------------
start_gui
open_project C:/Users/vladi/Documents/Travail/Formation_AJC-Expleo/Projet/PL/Soc_Tracking.xpr
Scanning sources...
Finished scanning sources
INFO: [IP_Flow 19-234] Refreshing IP repositories
INFO: [IP_Flow 19-1700] Loaded user IP repository 'c:/Users/vladi/Documents/Travail/Formation_AJC-Expleo/Projet/MyIPs'.
INFO: [IP_Flow 19-2313] Loaded Vivado IP repository 'E:/Xilinx/Vivado/2020.2/data/ip'.
WARNING: [IP_Flow 19-3664] IP 'Soc_Tracking_processing_system7_0_0' generated file not found 'c:/Users/vladi/Documents/Travail/Formation_AJC-Expleo/Projet/PL/Soc_Tracking.gen/sources_1/bd/Soc_Tracking/ip/Soc_Tracking_processing_system7_0_0/Soc_Tracking_processing_system7_0_0.dcp'. Please regenerate to continue.
WARNING: [IP_Flow 19-3664] IP 'Soc_Tracking_processing_system7_0_0' generated file not found 'c:/Users/vladi/Documents/Travail/Formation_AJC-Expleo/Projet/PL/Soc_Tracking.gen/sources_1/bd/Soc_Tracking/ip/Soc_Tracking_processing_system7_0_0/Soc_Tracking_processing_system7_0_0_stub.v'. Please regenerate to continue.
WARNING: [IP_Flow 19-3664] IP 'Soc_Tracking_processing_system7_0_0' generated file not found 'c:/Users/vladi/Documents/Travail/Formation_AJC-Expleo/Projet/PL/Soc_Tracking.gen/sources_1/bd/Soc_Tracking/ip/Soc_Tracking_processing_system7_0_0/Soc_Tracking_processing_system7_0_0_stub.vhdl'. Please regenerate to continue.
WARNING: [IP_Flow 19-3664] IP 'Soc_Tracking_processing_system7_0_0' generated file not found 'c:/Users/vladi/Documents/Travail/Formation_AJC-Expleo/Projet/PL/Soc_Tracking.gen/sources_1/bd/Soc_Tracking/ip/Soc_Tracking_processing_system7_0_0/Soc_Tracking_processing_system7_0_0_sim_netlist.v'. Please regenerate to continue.
WARNING: [IP_Flow 19-3664] IP 'Soc_Tracking_processing_system7_0_0' generated file not found 'c:/Users/vladi/Documents/Travail/Formation_AJC-Expleo/Projet/PL/Soc_Tracking.gen/sources_1/bd/Soc_Tracking/ip/Soc_Tracking_processing_system7_0_0/Soc_Tracking_processing_system7_0_0_sim_netlist.vhdl'. Please regenerate to continue.
WARNING: [IP_Flow 19-3664] IP 'Soc_Tracking_xbar_0' generated file not found 'c:/Users/vladi/Documents/Travail/Formation_AJC-Expleo/Projet/PL/Soc_Tracking.gen/sources_1/bd/Soc_Tracking/ip/Soc_Tracking_xbar_0/Soc_Tracking_xbar_0.dcp'. Please regenerate to continue.
WARNING: [IP_Flow 19-3664] IP 'Soc_Tracking_xbar_0' generated file not found 'c:/Users/vladi/Documents/Travail/Formation_AJC-Expleo/Projet/PL/Soc_Tracking.gen/sources_1/bd/Soc_Tracking/ip/Soc_Tracking_xbar_0/Soc_Tracking_xbar_0_stub.v'. Please regenerate to continue.
WARNING: [IP_Flow 19-3664] IP 'Soc_Tracking_xbar_0' generated file not found 'c:/Users/vladi/Documents/Travail/Formation_AJC-Expleo/Projet/PL/Soc_Tracking.gen/sources_1/bd/Soc_Tracking/ip/Soc_Tracking_xbar_0/Soc_Tracking_xbar_0_stub.vhdl'. Please regenerate to continue.
WARNING: [IP_Flow 19-3664] IP 'Soc_Tracking_xbar_0' generated file not found 'c:/Users/vladi/Documents/Travail/Formation_AJC-Expleo/Projet/PL/Soc_Tracking.gen/sources_1/bd/Soc_Tracking/ip/Soc_Tracking_xbar_0/Soc_Tracking_xbar_0_sim_netlist.v'. Please regenerate to continue.
WARNING: [IP_Flow 19-3664] IP 'Soc_Tracking_xbar_0' generated file not found 'c:/Users/vladi/Documents/Travail/Formation_AJC-Expleo/Projet/PL/Soc_Tracking.gen/sources_1/bd/Soc_Tracking/ip/Soc_Tracking_xbar_0/Soc_Tracking_xbar_0_sim_netlist.vhdl'. Please regenerate to continue.
WARNING: [IP_Flow 19-3664] IP 'Soc_Tracking_auto_pc_1' generated file not found 'c:/Users/vladi/Documents/Travail/Formation_AJC-Expleo/Projet/PL/Soc_Tracking.gen/sources_1/bd/Soc_Tracking/ip/Soc_Tracking_auto_pc_1/Soc_Tracking_auto_pc_1.dcp'. Please regenerate to continue.
WARNING: [IP_Flow 19-3664] IP 'Soc_Tracking_auto_pc_1' generated file not found 'c:/Users/vladi/Documents/Travail/Formation_AJC-Expleo/Projet/PL/Soc_Tracking.gen/sources_1/bd/Soc_Tracking/ip/Soc_Tracking_auto_pc_1/Soc_Tracking_auto_pc_1_stub.v'. Please regenerate to continue.
WARNING: [IP_Flow 19-3664] IP 'Soc_Tracking_auto_pc_1' generated file not found 'c:/Users/vladi/Documents/Travail/Formation_AJC-Expleo/Projet/PL/Soc_Tracking.gen/sources_1/bd/Soc_Tracking/ip/Soc_Tracking_auto_pc_1/Soc_Tracking_auto_pc_1_stub.vhdl'. Please regenerate to continue.
WARNING: [IP_Flow 19-3664] IP 'Soc_Tracking_auto_pc_1' generated file not found 'c:/Users/vladi/Documents/Travail/Formation_AJC-Expleo/Projet/PL/Soc_Tracking.gen/sources_1/bd/Soc_Tracking/ip/Soc_Tracking_auto_pc_1/Soc_Tracking_auto_pc_1_sim_netlist.v'. Please regenerate to continue.
WARNING: [IP_Flow 19-3664] IP 'Soc_Tracking_auto_pc_1' generated file not found 'c:/Users/vladi/Documents/Travail/Formation_AJC-Expleo/Projet/PL/Soc_Tracking.gen/sources_1/bd/Soc_Tracking/ip/Soc_Tracking_auto_pc_1/Soc_Tracking_auto_pc_1_sim_netlist.vhdl'. Please regenerate to continue.
WARNING: [IP_Flow 19-3664] IP 'Soc_Tracking_auto_us_0' generated file not found 'c:/Users/vladi/Documents/Travail/Formation_AJC-Expleo/Projet/PL/Soc_Tracking.gen/sources_1/bd/Soc_Tracking/ip/Soc_Tracking_auto_us_0/Soc_Tracking_auto_us_0.dcp'. Please regenerate to continue.
WARNING: [IP_Flow 19-3664] IP 'Soc_Tracking_auto_us_0' generated file not found 'c:/Users/vladi/Documents/Travail/Formation_AJC-Expleo/Projet/PL/Soc_Tracking.gen/sources_1/bd/Soc_Tracking/ip/Soc_Tracking_auto_us_0/Soc_Tracking_auto_us_0_stub.v'. Please regenerate to continue.
WARNING: [IP_Flow 19-3664] IP 'Soc_Tracking_auto_us_0' generated file not found 'c:/Users/vladi/Documents/Travail/Formation_AJC-Expleo/Projet/PL/Soc_Tracking.gen/sources_1/bd/Soc_Tracking/ip/Soc_Tracking_auto_us_0/Soc_Tracking_auto_us_0_stub.vhdl'. Please regenerate to continue.
WARNING: [IP_Flow 19-3664] IP 'Soc_Tracking_auto_us_0' generated file not found 'c:/Users/vladi/Documents/Travail/Formation_AJC-Expleo/Projet/PL/Soc_Tracking.gen/sources_1/bd/Soc_Tracking/ip/Soc_Tracking_auto_us_0/Soc_Tracking_auto_us_0_sim_netlist.v'. Please regenerate to continue.
WARNING: [IP_Flow 19-3664] IP 'Soc_Tracking_auto_us_0' generated file not found 'c:/Users/vladi/Documents/Travail/Formation_AJC-Expleo/Projet/PL/Soc_Tracking.gen/sources_1/bd/Soc_Tracking/ip/Soc_Tracking_auto_us_0/Soc_Tracking_auto_us_0_sim_netlist.vhdl'. Please regenerate to continue.
WARNING: [IP_Flow 19-3664] IP 'Soc_Tracking_auto_ds_0' generated file not found 'c:/Users/vladi/Documents/Travail/Formation_AJC-Expleo/Projet/PL/Soc_Tracking.gen/sources_1/bd/Soc_Tracking/ip/Soc_Tracking_auto_ds_0/Soc_Tracking_auto_ds_0.dcp'. Please regenerate to continue.
WARNING: [IP_Flow 19-3664] IP 'Soc_Tracking_auto_ds_0' generated file not found 'c:/Users/vladi/Documents/Travail/Formation_AJC-Expleo/Projet/PL/Soc_Tracking.gen/sources_1/bd/Soc_Tracking/ip/Soc_Tracking_auto_ds_0/Soc_Tracking_auto_ds_0_stub.v'. Please regenerate to continue.
WARNING: [IP_Flow 19-3664] IP 'Soc_Tracking_auto_ds_0' generated file not found 'c:/Users/vladi/Documents/Travail/Formation_AJC-Expleo/Projet/PL/Soc_Tracking.gen/sources_1/bd/Soc_Tracking/ip/Soc_Tracking_auto_ds_0/Soc_Tracking_auto_ds_0_stub.vhdl'. Please regenerate to continue.
WARNING: [IP_Flow 19-3664] IP 'Soc_Tracking_auto_ds_0' generated file not found 'c:/Users/vladi/Documents/Travail/Formation_AJC-Expleo/Projet/PL/Soc_Tracking.gen/sources_1/bd/Soc_Tracking/ip/Soc_Tracking_auto_ds_0/Soc_Tracking_auto_ds_0_sim_netlist.v'. Please regenerate to continue.
WARNING: [IP_Flow 19-3664] IP 'Soc_Tracking_auto_ds_0' generated file not found 'c:/Users/vladi/Documents/Travail/Formation_AJC-Expleo/Projet/PL/Soc_Tracking.gen/sources_1/bd/Soc_Tracking/ip/Soc_Tracking_auto_ds_0/Soc_Tracking_auto_ds_0_sim_netlist.vhdl'. Please regenerate to continue.
WARNING: [IP_Flow 19-3664] IP 'Soc_Tracking_auto_pc_0' generated file not found 'c:/Users/vladi/Documents/Travail/Formation_AJC-Expleo/Projet/PL/Soc_Tracking.gen/sources_1/bd/Soc_Tracking/ip/Soc_Tracking_auto_pc_0/Soc_Tracking_auto_pc_0.dcp'. Please regenerate to continue.
WARNING: [IP_Flow 19-3664] IP 'Soc_Tracking_auto_pc_0' generated file not found 'c:/Users/vladi/Documents/Travail/Formation_AJC-Expleo/Projet/PL/Soc_Tracking.gen/sources_1/bd/Soc_Tracking/ip/Soc_Tracking_auto_pc_0/Soc_Tracking_auto_pc_0_stub.v'. Please regenerate to continue.
WARNING: [IP_Flow 19-3664] IP 'Soc_Tracking_auto_pc_0' generated file not found 'c:/Users/vladi/Documents/Travail/Formation_AJC-Expleo/Projet/PL/Soc_Tracking.gen/sources_1/bd/Soc_Tracking/ip/Soc_Tracking_auto_pc_0/Soc_Tracking_auto_pc_0_stub.vhdl'. Please regenerate to continue.
WARNING: [IP_Flow 19-3664] IP 'Soc_Tracking_auto_pc_0' generated file not found 'c:/Users/vladi/Documents/Travail/Formation_AJC-Expleo/Projet/PL/Soc_Tracking.gen/sources_1/bd/Soc_Tracking/ip/Soc_Tracking_auto_pc_0/Soc_Tracking_auto_pc_0_sim_netlist.v'. Please regenerate to continue.
WARNING: [IP_Flow 19-3664] IP 'Soc_Tracking_auto_pc_0' generated file not found 'c:/Users/vladi/Documents/Travail/Formation_AJC-Expleo/Projet/PL/Soc_Tracking.gen/sources_1/bd/Soc_Tracking/ip/Soc_Tracking_auto_pc_0/Soc_Tracking_auto_pc_0_sim_netlist.vhdl'. Please regenerate to continue.
WARNING: [IP_Flow 19-3664] IP 'Soc_Tracking_DMA24bUnit_mm2s_0_0' generated file not found 'c:/Users/vladi/Documents/Travail/Formation_AJC-Expleo/Projet/PL/Soc_Tracking.gen/sources_1/bd/Soc_Tracking/ip/Soc_Tracking_DMA24bUnit_mm2s_0_0/Soc_Tracking_DMA24bUnit_mm2s_0_0.dcp'. Please regenerate to continue.
WARNING: [IP_Flow 19-3664] IP 'Soc_Tracking_DMA24bUnit_mm2s_0_0' generated file not found 'c:/Users/vladi/Documents/Travail/Formation_AJC-Expleo/Projet/PL/Soc_Tracking.gen/sources_1/bd/Soc_Tracking/ip/Soc_Tracking_DMA24bUnit_mm2s_0_0/Soc_Tracking_DMA24bUnit_mm2s_0_0_stub.v'. Please regenerate to continue.
WARNING: [IP_Flow 19-3664] IP 'Soc_Tracking_DMA24bUnit_mm2s_0_0' generated file not found 'c:/Users/vladi/Documents/Travail/Formation_AJC-Expleo/Projet/PL/Soc_Tracking.gen/sources_1/bd/Soc_Tracking/ip/Soc_Tracking_DMA24bUnit_mm2s_0_0/Soc_Tracking_DMA24bUnit_mm2s_0_0_stub.vhdl'. Please regenerate to continue.
WARNING: [IP_Flow 19-3664] IP 'Soc_Tracking_DMA24bUnit_mm2s_0_0' generated file not found 'c:/Users/vladi/Documents/Travail/Formation_AJC-Expleo/Projet/PL/Soc_Tracking.gen/sources_1/bd/Soc_Tracking/ip/Soc_Tracking_DMA24bUnit_mm2s_0_0/Soc_Tracking_DMA24bUnit_mm2s_0_0_sim_netlist.v'. Please regenerate to continue.
WARNING: [IP_Flow 19-3664] IP 'Soc_Tracking_DMA24bUnit_mm2s_0_0' generated file not found 'c:/Users/vladi/Documents/Travail/Formation_AJC-Expleo/Projet/PL/Soc_Tracking.gen/sources_1/bd/Soc_Tracking/ip/Soc_Tracking_DMA24bUnit_mm2s_0_0/Soc_Tracking_DMA24bUnit_mm2s_0_0_sim_netlist.vhdl'. Please regenerate to continue.
WARNING: [IP_Flow 19-3664] IP 'Soc_Tracking_DMA_controller_0_0' generated file not found 'c:/Users/vladi/Documents/Travail/Formation_AJC-Expleo/Projet/PL/Soc_Tracking.gen/sources_1/bd/Soc_Tracking/ip/Soc_Tracking_DMA_controller_0_0/Soc_Tracking_DMA_controller_0_0.dcp'. Please regenerate to continue.
WARNING: [IP_Flow 19-3664] IP 'Soc_Tracking_DMA_controller_0_0' generated file not found 'c:/Users/vladi/Documents/Travail/Formation_AJC-Expleo/Projet/PL/Soc_Tracking.gen/sources_1/bd/Soc_Tracking/ip/Soc_Tracking_DMA_controller_0_0/Soc_Tracking_DMA_controller_0_0_stub.v'. Please regenerate to continue.
WARNING: [IP_Flow 19-3664] IP 'Soc_Tracking_DMA_controller_0_0' generated file not found 'c:/Users/vladi/Documents/Travail/Formation_AJC-Expleo/Projet/PL/Soc_Tracking.gen/sources_1/bd/Soc_Tracking/ip/Soc_Tracking_DMA_controller_0_0/Soc_Tracking_DMA_controller_0_0_stub.vhdl'. Please regenerate to continue.
WARNING: [IP_Flow 19-3664] IP 'Soc_Tracking_DMA_controller_0_0' generated file not found 'c:/Users/vladi/Documents/Travail/Formation_AJC-Expleo/Projet/PL/Soc_Tracking.gen/sources_1/bd/Soc_Tracking/ip/Soc_Tracking_DMA_controller_0_0/Soc_Tracking_DMA_controller_0_0_sim_netlist.v'. Please regenerate to continue.
WARNING: [IP_Flow 19-3664] IP 'Soc_Tracking_DMA_controller_0_0' generated file not found 'c:/Users/vladi/Documents/Travail/Formation_AJC-Expleo/Projet/PL/Soc_Tracking.gen/sources_1/bd/Soc_Tracking/ip/Soc_Tracking_DMA_controller_0_0/Soc_Tracking_DMA_controller_0_0_sim_netlist.vhdl'. Please regenerate to continue.
open_project: Time (s): cpu = 00:00:19 ; elapsed = 00:00:14 . Memory (MB): peak = 1105.094 ; gain = 0.000
update_compile_order -fileset sources_1
open_bd_design {C:/Users/vladi/Documents/Travail/Formation_AJC-Expleo/Projet/PL/Soc_Tracking.srcs/sources_1/bd/Soc_Tracking/Soc_Tracking.bd}
Reading block design file <C:/Users/vladi/Documents/Travail/Formation_AJC-Expleo/Projet/PL/Soc_Tracking.srcs/sources_1/bd/Soc_Tracking/Soc_Tracking.bd>...
Adding component instance block -- xilinx.com:ip:processing_system7:5.5 - processing_system7_0
Adding component instance block -- xilinx.com:ip:axi_interconnect:2.1 - ps7_0_axi_periph
Adding component instance block -- xilinx.com:ip:axi_crossbar:2.1 - xbar
Adding component instance block -- xilinx.com:ip:axi_protocol_converter:2.1 - auto_pc
Adding component instance block -- xilinx.com:ip:axi_dwidth_converter:2.1 - auto_us
Adding component instance block -- xilinx.com:ip:axi_dwidth_converter:2.1 - auto_ds
Adding component instance block -- xilinx.com:ip:axi_protocol_converter:2.1 - auto_pc
Adding component instance block -- xilinx.com:ip:proc_sys_reset:5.0 - rst_ps7_0_100M
Adding component instance block -- xilinx.com:user:VGA_controller:1.0 - VGA_controller_0
Adding component instance block -- xilinx.com:user:DMA24bUnit_mm2s:1.0 - DMA24bUnit_mm2s_0
Adding component instance block -- xilinx.com:user:DMA_controller:1.0 - DMA_controller_0
Excluding slave segment /processing_system7_0/S_AXI_HP0/HP0_DDR_LOWOCM from address space /processing_system7_0/Data.
Successfully read diagram <Soc_Tracking> from block design file <C:/Users/vladi/Documents/Travail/Formation_AJC-Expleo/Projet/PL/Soc_Tracking.srcs/sources_1/bd/Soc_Tracking/Soc_Tracking.bd>
open_bd_design: Time (s): cpu = 00:00:08 ; elapsed = 00:00:08 . Memory (MB): peak = 1105.094 ; gain = 0.000
reset_run Soc_Tracking_processing_system7_0_0_synth_1
WARNING: [Vivado 12-1017] Problems encountered:
1. Couldn't access process for termination

reset_run Soc_Tracking_xbar_0_synth_1
WARNING: [Vivado 12-1017] Problems encountered:
1. Couldn't access process for termination

reset_run Soc_Tracking_DMA24bUnit_mm2s_0_0_synth_1
WARNING: [Vivado 12-1017] Problems encountered:
1. Couldn't access process for termination

reset_run Soc_Tracking_DMA_controller_0_0_synth_1
WARNING: [Vivado 12-1017] Problems encountered:
1. Couldn't access process for termination

reset_run Soc_Tracking_auto_pc_1_synth_1
WARNING: [Vivado 12-1017] Problems encountered:
1. Couldn't access process for termination

reset_run Soc_Tracking_auto_us_0_synth_1
WARNING: [Vivado 12-1017] Problems encountered:
1. Couldn't access process for termination

reset_run Soc_Tracking_auto_ds_0_synth_1
WARNING: [Vivado 12-1017] Problems encountered:
1. Couldn't access process for termination

reset_run Soc_Tracking_auto_pc_0_synth_1
WARNING: [Vivado 12-1017] Problems encountered:
1. Couldn't access process for termination

generate_target all [get_files  C:/Users/vladi/Documents/Travail/Formation_AJC-Expleo/Projet/PL/Soc_Tracking.srcs/sources_1/bd/Soc_Tracking/Soc_Tracking.bd]
INFO: [BD 41-1637] Generated targets are already up-to-date for block design 'Soc_Tracking' - hence not re-generating.
catch { config_ip_cache -export [get_ips -all Soc_Tracking_processing_system7_0_0] }
catch { config_ip_cache -export [get_ips -all Soc_Tracking_xbar_0] }
catch { config_ip_cache -export [get_ips -all Soc_Tracking_auto_pc_1] }
catch { config_ip_cache -export [get_ips -all Soc_Tracking_auto_us_0] }
catch { config_ip_cache -export [get_ips -all Soc_Tracking_auto_ds_0] }
catch { config_ip_cache -export [get_ips -all Soc_Tracking_auto_pc_0] }
catch { config_ip_cache -export [get_ips -all Soc_Tracking_DMA24bUnit_mm2s_0_0] }
catch { config_ip_cache -export [get_ips -all Soc_Tracking_DMA_controller_0_0] }
export_ip_user_files -of_objects [get_files C:/Users/vladi/Documents/Travail/Formation_AJC-Expleo/Projet/PL/Soc_Tracking.srcs/sources_1/bd/Soc_Tracking/Soc_Tracking.bd] -no_script -sync -force -quiet
create_ip_run [get_files -of_objects [get_fileset sources_1] C:/Users/vladi/Documents/Travail/Formation_AJC-Expleo/Projet/PL/Soc_Tracking.srcs/sources_1/bd/Soc_Tracking/Soc_Tracking.bd]
launch_runs Soc_Tracking_processing_system7_0_0_synth_1 Soc_Tracking_xbar_0_synth_1 Soc_Tracking_DMA24bUnit_mm2s_0_0_synth_1 Soc_Tracking_DMA_controller_0_0_synth_1 Soc_Tracking_auto_pc_1_synth_1 Soc_Tracking_auto_us_0_synth_1 Soc_Tracking_auto_ds_0_synth_1 Soc_Tracking_auto_pc_0_synth_1 -jobs 8
[Tue Sep  8 12:12:37 2026] Launched Soc_Tracking_processing_system7_0_0_synth_1, Soc_Tracking_xbar_0_synth_1, Soc_Tracking_DMA24bUnit_mm2s_0_0_synth_1, Soc_Tracking_DMA_controller_0_0_synth_1, Soc_Tracking_auto_pc_1_synth_1, Soc_Tracking_auto_us_0_synth_1, Soc_Tracking_auto_ds_0_synth_1, Soc_Tracking_auto_pc_0_synth_1...
Run output will be captured here:
Soc_Tracking_processing_system7_0_0_synth_1: C:/Users/vladi/Documents/Travail/Formation_AJC-Expleo/Projet/PL/Soc_Tracking.runs/Soc_Tracking_processing_system7_0_0_synth_1/runme.log
Soc_Tracking_xbar_0_synth_1: C:/Users/vladi/Documents/Travail/Formation_AJC-Expleo/Projet/PL/Soc_Tracking.runs/Soc_Tracking_xbar_0_synth_1/runme.log
Soc_Tracking_DMA24bUnit_mm2s_0_0_synth_1: C:/Users/vladi/Documents/Travail/Formation_AJC-Expleo/Projet/PL/Soc_Tracking.runs/Soc_Tracking_DMA24bUnit_mm2s_0_0_synth_1/runme.log
Soc_Tracking_DMA_controller_0_0_synth_1: C:/Users/vladi/Documents/Travail/Formation_AJC-Expleo/Projet/PL/Soc_Tracking.runs/Soc_Tracking_DMA_controller_0_0_synth_1/runme.log
Soc_Tracking_auto_pc_1_synth_1: C:/Users/vladi/Documents/Travail/Formation_AJC-Expleo/Projet/PL/Soc_Tracking.runs/Soc_Tracking_auto_pc_1_synth_1/runme.log
Soc_Tracking_auto_us_0_synth_1: C:/Users/vladi/Documents/Travail/Formation_AJC-Expleo/Projet/PL/Soc_Tracking.runs/Soc_Tracking_auto_us_0_synth_1/runme.log
Soc_Tracking_auto_ds_0_synth_1: C:/Users/vladi/Documents/Travail/Formation_AJC-Expleo/Projet/PL/Soc_Tracking.runs/Soc_Tracking_auto_ds_0_synth_1/runme.log
Soc_Tracking_auto_pc_0_synth_1: C:/Users/vladi/Documents/Travail/Formation_AJC-Expleo/Projet/PL/Soc_Tracking.runs/Soc_Tracking_auto_pc_0_synth_1/runme.log
export_simulation -of_objects [get_files C:/Users/vladi/Documents/Travail/Formation_AJC-Expleo/Projet/PL/Soc_Tracking.srcs/sources_1/bd/Soc_Tracking/Soc_Tracking.bd] -directory C:/Users/vladi/Documents/Travail/Formation_AJC-Expleo/Projet/PL/Soc_Tracking.ip_user_files/sim_scripts -ip_user_files_dir C:/Users/vladi/Documents/Travail/Formation_AJC-Expleo/Projet/PL/Soc_Tracking.ip_user_files -ipstatic_source_dir C:/Users/vladi/Documents/Travail/Formation_AJC-Expleo/Projet/PL/Soc_Tracking.ip_user_files/ipstatic -lib_map_path [list {modelsim=C:/Users/vladi/Documents/Travail/Formation_AJC-Expleo/Projet/PL/Soc_Tracking.cache/compile_simlib/modelsim} {questa=C:/Users/vladi/Documents/Travail/Formation_AJC-Expleo/Projet/PL/Soc_Tracking.cache/compile_simlib/questa} {riviera=C:/Users/vladi/Documents/Travail/Formation_AJC-Expleo/Projet/PL/Soc_Tracking.cache/compile_simlib/riviera} {activehdl=C:/Users/vladi/Documents/Travail/Formation_AJC-Expleo/Projet/PL/Soc_Tracking.cache/compile_simlib/activehdl}] -use_ip_compiled_libs -force -quiet
